Archive member included to satisfy reference by file (symbol)

d:/software/stm32cubeide_1.1.0/stm32cubeide/plugins/com.st.stm32cube.ide.mcu.externaltools.gnu-tools-for-stm32.7-2018-q2-update.win32_1.0.0.201904181610/tools/bin/../lib/gcc/arm-none-eabi/7.3.1/../../../../arm-none-eabi/lib/thumb/v7-m\libc_nano.a(lib_a-errno.o)
                              Core/Src/syscalls.o (__errno)
d:/software/stm32cubeide_1.1.0/stm32cubeide/plugins/com.st.stm32cube.ide.mcu.externaltools.gnu-tools-for-stm32.7-2018-q2-update.win32_1.0.0.201904181610/tools/bin/../lib/gcc/arm-none-eabi/7.3.1/../../../../arm-none-eabi/lib/thumb/v7-m\libc_nano.a(lib_a-exit.o)
                              d:/software/stm32cubeide_1.1.0/stm32cubeide/plugins/com.st.stm32cube.ide.mcu.externaltools.gnu-tools-for-stm32.7-2018-q2-update.win32_1.0.0.201904181610/tools/bin/../lib/gcc/arm-none-eabi/7.3.1/../../../../arm-none-eabi/lib/thumb/v7-m/crt0.o (exit)
d:/software/stm32cubeide_1.1.0/stm32cubeide/plugins/com.st.stm32cube.ide.mcu.externaltools.gnu-tools-for-stm32.7-2018-q2-update.win32_1.0.0.201904181610/tools/bin/../lib/gcc/arm-none-eabi/7.3.1/../../../../arm-none-eabi/lib/thumb/v7-m\libc_nano.a(lib_a-impure.o)
                              d:/software/stm32cubeide_1.1.0/stm32cubeide/plugins/com.st.stm32cube.ide.mcu.externaltools.gnu-tools-for-stm32.7-2018-q2-update.win32_1.0.0.201904181610/tools/bin/../lib/gcc/arm-none-eabi/7.3.1/../../../../arm-none-eabi/lib/thumb/v7-m\libc_nano.a(lib_a-exit.o) (_global_impure_ptr)
d:/software/stm32cubeide_1.1.0/stm32cubeide/plugins/com.st.stm32cube.ide.mcu.externaltools.gnu-tools-for-stm32.7-2018-q2-update.win32_1.0.0.201904181610/tools/bin/../lib/gcc/arm-none-eabi/7.3.1/../../../../arm-none-eabi/lib/thumb/v7-m\libc_nano.a(lib_a-init.o)
                              d:/software/stm32cubeide_1.1.0/stm32cubeide/plugins/com.st.stm32cube.ide.mcu.externaltools.gnu-tools-for-stm32.7-2018-q2-update.win32_1.0.0.201904181610/tools/bin/../lib/gcc/arm-none-eabi/7.3.1/../../../../arm-none-eabi/lib/thumb/v7-m/crt0.o (__libc_init_array)
d:/software/stm32cubeide_1.1.0/stm32cubeide/plugins/com.st.stm32cube.ide.mcu.externaltools.gnu-tools-for-stm32.7-2018-q2-update.win32_1.0.0.201904181610/tools/bin/../lib/gcc/arm-none-eabi/7.3.1/../../../../arm-none-eabi/lib/thumb/v7-m\libc_nano.a(lib_a-memset.o)
                              d:/software/stm32cubeide_1.1.0/stm32cubeide/plugins/com.st.stm32cube.ide.mcu.externaltools.gnu-tools-for-stm32.7-2018-q2-update.win32_1.0.0.201904181610/tools/bin/../lib/gcc/arm-none-eabi/7.3.1/../../../../arm-none-eabi/lib/thumb/v7-m/crt0.o (memset)
d:/software/stm32cubeide_1.1.0/stm32cubeide/plugins/com.st.stm32cube.ide.mcu.externaltools.gnu-tools-for-stm32.7-2018-q2-update.win32_1.0.0.201904181610/tools/bin/../lib/gcc/arm-none-eabi/7.3.1/../../../../arm-none-eabi/lib/thumb/v7-m\libc_nano.a(lib_a-printf.o)
                              Core/Src/ui.o (printf)
d:/software/stm32cubeide_1.1.0/stm32cubeide/plugins/com.st.stm32cube.ide.mcu.externaltools.gnu-tools-for-stm32.7-2018-q2-update.win32_1.0.0.201904181610/tools/bin/../lib/gcc/arm-none-eabi/7.3.1/../../../../arm-none-eabi/lib/thumb/v7-m\libc_nano.a(lib_a-rand.o)
                              Core/Src/tetromino.o (srand)
d:/software/stm32cubeide_1.1.0/stm32cubeide/plugins/com.st.stm32cube.ide.mcu.externaltools.gnu-tools-for-stm32.7-2018-q2-update.win32_1.0.0.201904181610/tools/bin/../lib/gcc/arm-none-eabi/7.3.1/../../../../arm-none-eabi/lib/thumb/v7-m\libc_nano.a(lib_a-sprintf.o)
                              Core/Src/main.o (sprintf)
d:/software/stm32cubeide_1.1.0/stm32cubeide/plugins/com.st.stm32cube.ide.mcu.externaltools.gnu-tools-for-stm32.7-2018-q2-update.win32_1.0.0.201904181610/tools/bin/../lib/gcc/arm-none-eabi/7.3.1/../../../../arm-none-eabi/lib/thumb/v7-m\libc_nano.a(lib_a-strlen.o)
                              Core/Src/main.o (strlen)
d:/software/stm32cubeide_1.1.0/stm32cubeide/plugins/com.st.stm32cube.ide.mcu.externaltools.gnu-tools-for-stm32.7-2018-q2-update.win32_1.0.0.201904181610/tools/bin/../lib/gcc/arm-none-eabi/7.3.1/../../../../arm-none-eabi/lib/thumb/v7-m\libc_nano.a(lib_a-findfp.o)
                              d:/software/stm32cubeide_1.1.0/stm32cubeide/plugins/com.st.stm32cube.ide.mcu.externaltools.gnu-tools-for-stm32.7-2018-q2-update.win32_1.0.0.201904181610/tools/bin/../lib/gcc/arm-none-eabi/7.3.1/../../../../arm-none-eabi/lib/thumb/v7-m\libc_nano.a(lib_a-printf.o) (__sinit)
d:/software/stm32cubeide_1.1.0/stm32cubeide/plugins/com.st.stm32cube.ide.mcu.externaltools.gnu-tools-for-stm32.7-2018-q2-update.win32_1.0.0.201904181610/tools/bin/../lib/gcc/arm-none-eabi/7.3.1/../../../../arm-none-eabi/lib/thumb/v7-m\libc_nano.a(lib_a-fwalk.o)
[...]
Memory Configuration

Name             Origin             Length             Attributes
RAM              0x0000000020000000 0x000000000000c000 xrw
FLASH            0x0000000008000000 0x0000000000040000 xr
*default*        0x0000000000000000 0xffffffffffffffff

Linker script and memory map

LOAD d:/software/stm32cubeide_1.1.0/stm32cubeide/plugins/com.st.stm32cube.ide.mcu.externaltools.gnu-tools-for-stm32.7-2018-q2-update.win32_1.0.0.201904181610/tools/bin/../lib/gcc/arm-none-eabi/7.3.1/thumb/v7-m/crti.o
LOAD d:/software/stm32cubeide_1.1.0/stm32cubeide/plugins/com.st.stm32cube.ide.mcu.externaltools.gnu-tools-for-stm32.7-2018-q2-update.win32_1.0.0.201904181610/tools/bin/../lib/gcc/arm-none-eabi/7.3.1/thumb/v7-m/crtbegin.o
LOAD d:/software/stm32cubeide_1.1.0/stm32cubeide/plugins/com.st.stm32cube.ide.mcu.externaltools.gnu-tools-for-stm32.7-2018-q2-update.win32_1.0.0.201904181610/tools/bin/../lib/gcc/arm-none-eabi/7.3.1/../../../../arm-none-eabi/lib/thumb/v7-m/crt0.o
LOAD Core/Src/button.o
LOAD Core/Src/game.o
LOAD Core/Src/gpio.o
LOAD Core/Src/grid.o
LOAD Core/Src/key.o
LOAD Core/Src/lcd.o
LOAD Core/Src/main.o
LOAD Core/Src/millis.o
LOAD Core/Src/parameter.o
LOAD Core/Src/scene.o
LOAD Core/Src/stm32f1xx_hal_msp.o
LOAD Core/Src/stm32f1xx_it.o
LOAD Core/Src/sys.o
LOAD Core/Src/syscalls.o
LOAD Core/Src/sysmem.o
LOAD Core/Src/system_stm32f1xx.o
LOAD Core/Src/tetromino.o
LOAD Core/Src/tim.o
LOAD Core/Src/ui.o
LOAD Core/Src/usart.o
LOAD Core/Startup/startup_stm32f103rctx.o
LOAD Drivers/STM32F1xx_HAL_Driver/Src/stm32f1xx_hal.o
LOAD Drivers/STM32F1xx_HAL_Driver/Src/stm32f1xx_hal_cortex.o
LOAD Drivers/STM32F1xx_HAL_Driver/Src/stm32f1xx_hal_dma.o
LOAD Drivers/STM32F1xx_HAL_Driver/Src/stm32f1xx_hal_exti.o
LOAD Drivers/STM32F1xx_HAL_Driver/Src/stm32f1xx_hal_flash.o
LOAD Drivers/STM32F1xx_HAL_Driver/Src/stm32f1xx_hal_flash_ex.o
LOAD Drivers/STM32F1xx_HAL_Driver/Src/stm32f1xx_hal_gpio.o
LOAD Drivers/STM32F1xx_HAL_Driver/Src/stm32f1xx_hal_gpio_ex.o
LOAD Drivers/STM32F1xx_HAL_Driver/Src/stm32f1xx_hal_pwr.o
LOAD Drivers/STM32F1xx_HAL_Driver/Src/stm32f1xx_hal_rcc.o
LOAD Drivers/STM32F1xx_HAL_Driver/Src/stm32f1xx_hal_rcc_ex.o
LOAD Drivers/STM32F1xx_HAL_Driver/Src/stm32f1xx_hal_tim.o
LOAD Drivers/STM32F1xx_HAL_Driver/Src/stm32f1xx_hal_tim_ex.o
LOAD Drivers/STM32F1xx_HAL_Driver/Src/stm32f1xx_hal_uart.o
START GROUP
LOAD d:/software/stm32cubeide_1.1.0/stm32cubeide/plugins/com.st.stm32cube.ide.mcu.externaltools.gnu-tools-for-stm32.7-2018-q2-update.win32_1.0.0.201904181610/tools/bin/../lib/gcc/arm-none-eabi/7.3.1/../../../../arm-none-eabi/lib/thumb/v7-m\libc_nano.a
LOAD d:/software/stm32cubeide_1.1.0/stm32cubeide/plugins/com.st.stm32cube.ide.mcu.externaltools.gnu-tools-for-stm32.7-2018-q2-update.win32_1.0.0.201904181610/tools/bin/../lib/gcc/arm-none-eabi/7.3.1/../../../../arm-none-eabi/lib/thumb/v7-m\libm.a
END GROUP
START GROUP
LOAD d:/software/stm32cubeide_1.1.0/stm32cubeide/plugins/com.st.stm32cube.ide.mcu.externaltools.gnu-tools-for-stm32.7-2018-q2-update.win32_1.0.0.201904181610/tools/bin/../lib/gcc/arm-none-eabi/7.3.1/thumb/v7-m\libgcc.a
LOAD d:/software/stm32cubeide_1.1.0/stm32cubeide/plugins/com.st.stm32cube.ide.mcu.externaltools.gnu-tools-for-stm32.7-2018-q2-update.win32_1.0.0.201904181610/tools/bin/../lib/gcc/arm-none-eabi/7.3.1/../../../../arm-none-eabi/lib/thumb/v7-m\libc_nano.a
END GROUP
START GROUP
LOAD d:/software/stm32cubeide_1.1.0/stm32cubeide/plugins/com.st.stm32cube.ide.mcu.externaltools.gnu-tools-for-stm32.7-2018-q2-update.win32_1.0.0.201904181610/tools/bin/../lib/gcc/arm-none-eabi/7.3.1/thumb/v7-m\libgcc.a
LOAD d:/software/stm32cubeide_1.1.0/stm32cubeide/plugins/com.st.stm32cube.ide.mcu.externaltools.gnu-tools-for-stm32.7-2018-q2-update.win32_1.0.0.201904181610/tools/bin/../lib/gcc/arm-none-eabi/7.3.1/../../../../arm-none-eabi/lib/thumb/v7-m\libc_nano.a
LOAD d:/software/stm32cubeide_1.1.0/stm32cubeide/plugins/com.st.stm32cube.ide.mcu.externaltools.gnu-tools-for-stm32.7-2018-q2-update.win32_1.0.0.201904181610/tools/bin/../lib/gcc/arm-none-eabi/7.3.1/../../../../arm-none-eabi/lib/thumb/v7-m\libnosys.a
END GROUP
START GROUP
LOAD d:/software/stm32cubeide_1.1.0/stm32cubeide/plugins/com.st.stm32cube.ide.mcu.externaltools.gnu-tools-for-stm32.7-2018-q2-update.win32_1.0.0.201904181610/tools/bin/../lib/gcc/arm-none-eabi/7.3.1/thumb/v7-m\libgcc.a
LOAD d:/software/stm32cubeide_1.1.0/stm32cubeide/plugins/com.st.stm32cube.ide.mcu.externaltools.gnu-tools-for-stm32.7-2018-q2-update.win32_1.0.0.201904181610/tools/bin/../lib/gcc/arm-none-eabi/7.3.1/../../../../arm-none-eabi/lib/thumb/v7-m\libc_nano.a
LOAD d:/software/stm32cubeide_1.1.0/stm32cubeide/plugins/com.st.stm32cube.ide.mcu.externaltools.gnu-tools-for-stm32.7-2018-q2-update.win32_1.0.0.201904181610/tools/bin/../lib/gcc/arm-none-eabi/7.3.1/../../../../arm-none-eabi/lib/thumb/v7-m\libnosys.a
END GROUP
LOAD d:/software/stm32cubeide_1.1.0/stm32cubeide/plugins/com.st.stm32cube.ide.mcu.externaltools.gnu-tools-for-stm32.7-2018-q2-update.win32_1.0.0.201904181610/tools/bin/../lib/gcc/arm-none-eabi/7.3.1/thumb/v7-m/crtend.o
LOAD d:/software/stm32cubeide_1.1.0/stm32cubeide/plugins/com.st.stm32cube.ide.mcu.externaltools.gnu-tools-for-stm32.7-2018-q2-update.win32_1.0.0.201904181610/tools/bin/../lib/gcc/arm-none-eabi/7.3.1/thumb/v7-m/crtn.o
                0x000000002000c000                _estack = (ORIGIN (RAM) + LENGTH (RAM))
                0x0000000000000200                _Min_Heap_Size = 0x200
                0x0000000000000400                _Min_Stack_Size = 0x400

.isr_vector     0x0000000008000000      0x1e4
                0x0000000008000000                . = ALIGN (0x4)
 *(.isr_vector)
 .isr_vector    0x0000000008000000      0x1e4 Core/Startup/startup_stm32f103rctx.o
                0x0000000008000000                g_pfnVectors
                0x00000000080001e4                . = ALIGN (0x4)

.text           0x00000000080001e8     0xaf3c
                0x00000000080001e8                . = ALIGN (0x4)
 *(.text)
 .text          0x00000000080001e8       0x40 d:/software/stm32cubeide_1.1.0/stm32cubeide/plugins/com.st.stm32cube.ide.mcu.externaltools.gnu-tools-for-stm32.7-2018-q2-update.win32_1.0.0.201904181610/tools/bin/../lib/gcc/arm-none-eabi/7.3.1/thumb/v7-m/crtbegin.o
 .text          0x0000000008000228       0x10 d:/software/stm32cubeide_1.1.0/stm32cubeide/plugins/com.st.stm32cube.ide.mcu.externaltools.gnu-tools-for-stm32.7-2018-q2-update.win32_1.0.0.201904181610/tools/bin/../lib/gcc/arm-none-eabi/7.3.1/../../../../arm-none-eabi/lib/thumb/v7-m\libc_nano.a(lib_a-strlen.o)
                0x0000000008000228                strlen
 .text          0x0000000008000238      0x378 d:/software/stm32cubeide_1.1.0/stm32cubeide/plugins/com.st.stm32cube.ide.mcu.externaltools.gnu-tools-for-stm32.7-2018-q2-update.win32_1.0.0.201904181610/tools/bin/../lib/gcc/arm-none-eabi/7.3.1/thumb/v7-m\libgcc.a(_arm_addsubdf3.o)
                0x0000000008000238                __aeabi_drsub
                0x0000000008000240                __aeabi_dsub
                0x0000000008000240                __subdf3
                0x0000000008000244                __aeabi_dadd
                0x0000000008000244                __adddf3
                0x00000000080004bc                __floatunsidf
                0x00000000080004bc                __aeabi_ui2d
                0x00000000080004dc                __floatsidf
                0x00000000080004dc                __aeabi_i2d
                0x0000000008000500                __aeabi_f2d
                0x0000000008000500                __extendsfdf2
                0x0000000008000544                __floatundidf
                0x0000000008000544                __aeabi_ul2d
                0x0000000008000554                __floatdidf
                0x0000000008000554                __aeabi_l2d
 .text          0x00000000080005b0      0x424 d:/software/stm32cubeide_1.1.0/stm32cubeide/plugins/com.st.stm32cube.ide.mcu.externaltools.gnu-tools-for-stm32.7-2018-q2-update.win32_1.0.0.201904181610/tools/bin/../lib/gcc/arm-none-eabi/7.3.1/thumb/v7-m\libgcc.a(_arm_muldivdf3.o)
                0x00000000080005b0                __aeabi_dmul
                0x00000000080005b0                __muldf3
                0x0000000008000804                __divdf3
                0x0000000008000804                __aeabi_ddiv
 .text          0x00000000080009d4       0x40 d:/software/stm32cubeide_1.1.0/stm32cubeide/plugins/com.st.stm32cube.ide.mcu.externaltools.gnu-tools-for-stm32.7-2018-q2-update.win32_1.0.0.201904181610/tools/bin/../lib/gcc/arm-none-eabi/7.3.1/thumb/v7-m\libgcc.a(_arm_fixunsdfsi.o)
                0x00000000080009d4                __aeabi_d2uiz
                0x00000000080009d4                __fixunsdfsi
 *(.text*)
 .text.button_init
                0x0000000008000a14       0xb8 Core/Src/button.o
                0x0000000008000a14                button_init
 .text.button_task
                0x0000000008000acc      0x184 Core/Src/button.o
                0x0000000008000acc                button_task
 .text.tet_move_left
                0x0000000008000c50       0x34 Core/Src/game.o
                0x0000000008000c50                tet_move_left
 .text.tet_move_right
                0x0000000008000c84       0x34 Core/Src/game.o
                0x0000000008000c84                tet_move_right
 .text.tet_fall_speedup
                0x0000000008000cb8       0x18 Core/Src/game.o
                0x0000000008000cb8                tet_fall_speedup
 .text.tet_fall_normal
                0x0000000008000cd0       0x18 Core/Src/game.o
                0x0000000008000cd0                tet_fall_normal
 .text.tet_rotation
                0x0000000008000ce8       0x3c Core/Src/game.o
                0x0000000008000ce8                tet_rotation
 .text.game_fail_check
                0x0000000008000d24       0xb0 Core/Src/game.o
                0x0000000008000d24                game_fail_check
 .text.fall_down_task
                0x0000000008000dd4       0xb8 Core/Src/game.o
                0x0000000008000dd4                fall_down_task
 .text.game_reset
                0x0000000008000e8c       0x40 Core/Src/game.o
                0x0000000008000e8c                game_reset
 .text.MX_GPIO_Init
                0x0000000008000ecc      0x118 Core/Src/gpio.o
                0x0000000008000ecc                MX_GPIO_Init
 .text.grid_scan
                0x0000000008000fe4       0x84 Core/Src/grid.o
                0x0000000008000fe4                grid_scan
 .text.clear_row
                0x0000000008001068       0x6c Core/Src/grid.o
                0x0000000008001068                clear_row
 .text.grid_init
                0x00000000080010d4       0x50 Core/Src/grid.o
                0x00000000080010d4                grid_init
 .text.sub_grid_init
                0x0000000008001124       0x48 Core/Src/grid.o
                0x0000000008001124                sub_grid_init
 .text.LCD_WR_REG
                0x000000000800116c       0x48 Core/Src/lcd.o
                0x000000000800116c                LCD_WR_REG
 .text.LCD_WR_DATAX
                0x00000000080011b4       0x48 Core/Src/lcd.o
                0x00000000080011b4                LCD_WR_DATAX
 .text.LCD_RD_DATA
                0x00000000080011fc       0x88 Core/Src/lcd.o
                0x00000000080011fc                LCD_RD_DATA
 .text.LCD_WriteReg
                0x0000000008001284       0x54 Core/Src/lcd.o
                0x0000000008001284                LCD_WriteReg
 .text.LCD_ReadReg
                0x00000000080012d8       0x20 Core/Src/lcd.o
                0x00000000080012d8                LCD_ReadReg
 .text.LCD_WriteRAM_Prepare
                0x00000000080012f8       0x18 Core/Src/lcd.o
                0x00000000080012f8                LCD_WriteRAM_Prepare
 .text.LCD_SetCursor
                0x0000000008001310      0x598 Core/Src/lcd.o
                0x0000000008001310                LCD_SetCursor
 .text.LCD_Scan_Dir
                0x00000000080018a8      0x624 Core/Src/lcd.o
                0x00000000080018a8                LCD_Scan_Dir
 .text.LCD_DrawPoint
                0x0000000008001ecc       0x60 Core/Src/lcd.o
                0x0000000008001ecc                LCD_DrawPoint
 .text.LCD_Fast_DrawPoint
                0x0000000008001f2c      0x52c Core/Src/lcd.o
                0x0000000008001f2c                LCD_Fast_DrawPoint
 .text.LCD_SSD_BackLightSet
                0x0000000008002458      0x148 Core/Src/lcd.o
                0x0000000008002458                LCD_SSD_BackLightSet
 .text.LCD_Display_Dir
                0x00000000080025a0      0x218 Core/Src/lcd.o
                0x00000000080025a0                LCD_Display_Dir
 .text.LCD_Init
                0x00000000080027b8     0x3e5c Core/Src/lcd.o
                0x00000000080027b8                LCD_Init
 .text.LCD_Clear
                0x0000000008006614       0xc4 Core/Src/lcd.o
                0x0000000008006614                LCD_Clear
 .text.LCD_Fill
                0x00000000080066d8      0x118 Core/Src/lcd.o
                0x00000000080066d8                LCD_Fill
 .text.LCD_DrawLine
                0x00000000080067f0      0x106 Core/Src/lcd.o
                0x00000000080067f0                LCD_DrawLine
 .text.LCD_DrawRectangle
                0x00000000080068f6       0x56 Core/Src/lcd.o
                0x00000000080068f6                LCD_DrawRectangle
 .text.LCD_ShowChar
                0x000000000800694c      0x15c Core/Src/lcd.o
                0x000000000800694c                LCD_ShowChar
 .text.LCD_ShowString
                0x0000000008006aa8       0x9c Core/Src/lcd.o
                0x0000000008006aa8                LCD_ShowString
 .text.main     0x0000000008006b44       0xa4 Core/Src/main.o
                0x0000000008006b44                main
 .text.SystemClock_Config
                0x0000000008006be8       0x8a Core/Src/main.o
                0x0000000008006be8                SystemClock_Config
 .text.Error_Handler
                0x0000000008006c72        0xc Core/Src/main.o
                0x0000000008006c72                Error_Handler
 *fill*         0x0000000008006c7e        0x2 
 .text.add_rank
                0x0000000008006c80       0x84 Core/Src/parameter.o
                0x0000000008006c80                add_rank
 .text.game_scene
                0x0000000008006d04       0x38 Core/Src/scene.o
                0x0000000008006d04                game_scene
 .text.sw_game_scene
                0x0000000008006d3c      0x118 Core/Src/scene.o
                0x0000000008006d3c                sw_game_scene
 .text.sw_rank_sence
                0x0000000008006e54       0xd0 Core/Src/scene.o
                0x0000000008006e54                sw_rank_sence
 .text.HAL_MspInit
                0x0000000008006f24       0x64 Core/Src/stm32f1xx_hal_msp.o
                0x0000000008006f24                HAL_MspInit
 .text.NMI_Handler
                0x0000000008006f88        0xc Core/Src/stm32f1xx_it.o
                0x0000000008006f88                NMI_Handler
 .text.HardFault_Handler
                0x0000000008006f94        0x6 Core/Src/stm32f1xx_it.o
                0x0000000008006f94                HardFault_Handler
 .text.MemManage_Handler
                0x0000000008006f9a        0x6 Core/Src/stm32f1xx_it.o
                0x0000000008006f9a                MemManage_Handler
 .text.BusFault_Handler
                0x0000000008006fa0        0x6 Core/Src/stm32f1xx_it.o
                0x0000000008006fa0                BusFault_Handler
 .text.UsageFault_Handler
                0x0000000008006fa6        0x6 Core/Src/stm32f1xx_it.o
                0x0000000008006fa6                UsageFault_Handler
 .text.SVC_Handler
                0x0000000008006fac        0xc Core/Src/stm32f1xx_it.o
                0x0000000008006fac                SVC_Handler
 .text.DebugMon_Handler
                0x0000000008006fb8        0xc Core/Src/stm32f1xx_it.o
                0x0000000008006fb8                DebugMon_Handler
 .text.PendSV_Handler
                0x0000000008006fc4        0xc Core/Src/stm32f1xx_it.o
                0x0000000008006fc4                PendSV_Handler
 .text.SysTick_Handler
                0x0000000008006fd0        0xc Core/Src/stm32f1xx_it.o
                0x0000000008006fd0                SysTick_Handler
 .text.EXTI0_IRQHandler
                0x0000000008006fdc        0xe Core/Src/stm32f1xx_it.o
                0x0000000008006fdc                EXTI0_IRQHandler
 .text.EXTI9_5_IRQHandler
                0x0000000008006fea        0xe Core/Src/stm32f1xx_it.o
                0x0000000008006fea                EXTI9_5_IRQHandler
 .text.TIM3_IRQHandler
                0x0000000008006ff8       0x14 Core/Src/stm32f1xx_it.o
                0x0000000008006ff8                TIM3_IRQHandler
 .text.USART1_IRQHandler
                0x000000000800700c       0x14 Core/Src/stm32f1xx_it.o
                0x000000000800700c                USART1_IRQHandler
 .text.EXTI15_10_IRQHandler
                0x0000000008007020       0x10 Core/Src/stm32f1xx_it.o
                0x0000000008007020                EXTI15_10_IRQHandler
 .text.millis   0x0000000008007030       0x14 Core/Src/stm32f1xx_it.o
                0x0000000008007030                millis
 .text.HAL_TIM_PeriodElapsedCallback
                0x0000000008007044       0x20 Core/Src/stm32f1xx_it.o
                0x0000000008007044                HAL_TIM_PeriodElapsedCallback
 .text._read    0x0000000008007064       0x3a Core/Src/syscalls.o
                0x0000000008007064                _read
 .text._write   0x000000000800709e       0x38 Core/Src/syscalls.o
                0x000000000800709e                _write
 .text._close   0x00000000080070d6       0x16 Core/Src/syscalls.o
                0x00000000080070d6                _close
 .text._fstat   0x00000000080070ec       0x1e Core/Src/syscalls.o
                0x00000000080070ec                _fstat
 .text._isatty  0x000000000800710a       0x14 Core/Src/syscalls.o
                0x000000000800710a                _isatty
 .text._lseek   0x000000000800711e       0x18 Core/Src/syscalls.o
                0x000000000800711e                _lseek
 *fill*         0x0000000008007136        0x2 
 .text._sbrk    0x0000000008007138       0x58 Core/Src/sysmem.o
                0x0000000008007138                _sbrk
 .text.SystemInit
                0x0000000008007190       0x68 Core/Src/system_stm32f1xx.o
                0x0000000008007190                SystemInit
 .text.left_shift_check
                0x00000000080071f8       0xc0 Core/Src/tetromino.o
                0x00000000080071f8                left_shift_check
 .text.right_shift_check
                0x00000000080072b8       0xc0 Core/Src/tetromino.o
                0x00000000080072b8                right_shift_check
 .text.down_shift_check
                0x0000000008007378       0xc0 Core/Src/tetromino.o
                0x0000000008007378                down_shift_check
 .text.rotation_check
                0x0000000008007438       0xe4 Core/Src/tetromino.o
                0x0000000008007438                rotation_check
 .text.flush_tetromino
                0x000000000800751c       0xbc Core/Src/tetromino.o
                0x000000000800751c                flush_tetromino
 .text.tetromino_reset
                0x00000000080075d8       0x68 Core/Src/tetromino.o
                0x00000000080075d8                tetromino_reset
 .text.tetromino_init
                0x0000000008007640      0x17c Core/Src/tetromino.o
                0x0000000008007640                tetromino_init
 .text.MX_TIM3_Init
                0x00000000080077bc       0x9c Core/Src/tim.o
                0x00000000080077bc                MX_TIM3_Init
 .text.HAL_TIM_Base_MspInit
                0x0000000008007858       0x4c Core/Src/tim.o
                0x0000000008007858                HAL_TIM_Base_MspInit
 .text.draw_bg  0x00000000080078a4       0x78 Core/Src/ui.o
                0x00000000080078a4                draw_bg
 .text.draw_block
                0x000000000800791c       0xb0 Core/Src/ui.o
                0x000000000800791c                draw_block
 .text.grid_render
                0x00000000080079cc       0x88 Core/Src/ui.o
                0x00000000080079cc                grid_render
 .text.draw_tetromino
                0x0000000008007a54       0xa0 Core/Src/ui.o
                0x0000000008007a54                draw_tetromino
 .text.draw_next_tetromino
                0x0000000008007af4       0x88 Core/Src/ui.o
                0x0000000008007af4                draw_next_tetromino
 .text.draw_name
                0x0000000008007b7c       0x24 Core/Src/ui.o
                0x0000000008007b7c                draw_name
 .text.update_score
                0x0000000008007ba0       0x68 Core/Src/ui.o
                0x0000000008007ba0                update_score
 .text.draw_rank_list
                0x0000000008007c08       0xa0 Core/Src/ui.o
                0x0000000008007c08                draw_rank_list
 .text.MX_USART1_UART_Init
                0x0000000008007ca8       0x54 Core/Src/usart.o
                0x0000000008007ca8                MX_USART1_UART_Init
 .text.HAL_UART_MspInit
                0x0000000008007cfc       0xa8 Core/Src/usart.o
                0x0000000008007cfc                HAL_UART_MspInit
 .text.Reset_Handler
                0x0000000008007da4       0x48 Core/Startup/startup_stm32f103rctx.o
                0x0000000008007da4                Reset_Handler
 .text.Default_Handler
                0x0000000008007dec        0x2 Core/Startup/startup_stm32f103rctx.o
                0x0000000008007dec                RTC_Alarm_IRQHandler
                0x0000000008007dec                EXTI2_IRQHandler
                0x0000000008007dec                TIM8_TRG_COM_IRQHandler
                0x0000000008007dec                TIM8_CC_IRQHandler
                0x0000000008007dec                TIM1_CC_IRQHandler
                0x0000000008007dec                TIM6_IRQHandler
                0x0000000008007dec                PVD_IRQHandler
                0x0000000008007dec                SDIO_IRQHandler
                0x0000000008007dec                EXTI3_IRQHandler
                0x0000000008007dec                I2C2_EV_IRQHandler
                0x0000000008007dec                ADC1_2_IRQHandler
                0x0000000008007dec                SPI1_IRQHandler
                0x0000000008007dec                TAMPER_IRQHandler
                0x0000000008007dec                TIM8_UP_IRQHandler
                0x0000000008007dec                DMA2_Channel2_IRQHandler
                0x0000000008007dec                DMA1_Channel4_IRQHandler
                0x0000000008007dec                USART3_IRQHandler
                0x0000000008007dec                RTC_IRQHandler
                0x0000000008007dec                DMA1_Channel7_IRQHandler
                0x0000000008007dec                CAN1_RX1_IRQHandler
                0x0000000008007dec                UART5_IRQHandler
                0x0000000008007dec                ADC3_IRQHandler
                0x0000000008007dec                TIM4_IRQHandler
                0x0000000008007dec                DMA2_Channel1_IRQHandler
                0x0000000008007dec                I2C1_EV_IRQHandler
                0x0000000008007dec                DMA1_Channel6_IRQHandler
                0x0000000008007dec                UART4_IRQHandler
                0x0000000008007dec                RCC_IRQHandler
                0x0000000008007dec                TIM1_TRG_COM_IRQHandler
                0x0000000008007dec                DMA1_Channel1_IRQHandler
                0x0000000008007dec                Default_Handler
                0x0000000008007dec                TIM7_IRQHandler
                0x0000000008007dec                TIM5_IRQHandler
                0x0000000008007dec                SPI2_IRQHandler
                0x0000000008007dec                DMA1_Channel5_IRQHandler
                0x0000000008007dec                EXTI4_IRQHandler
                0x0000000008007dec                USB_LP_CAN1_RX0_IRQHandler
                0x0000000008007dec                USB_HP_CAN1_TX_IRQHandler
                0x0000000008007dec                DMA1_Channel3_IRQHandler
                0x0000000008007dec                FSMC_IRQHandler
                0x0000000008007dec                TIM1_UP_IRQHandler
                0x0000000008007dec                WWDG_IRQHandler
                0x0000000008007dec                TIM2_IRQHandler
                0x0000000008007dec                TIM1_BRK_IRQHandler
                0x0000000008007dec                EXTI1_IRQHandler
                0x0000000008007dec                DMA2_Channel4_5_IRQHandler
                0x0000000008007dec                USART2_IRQHandler
                0x0000000008007dec                I2C2_ER_IRQHandler
                0x0000000008007dec                DMA1_Channel2_IRQHandler
                0x0000000008007dec                TIM8_BRK_IRQHandler
                0x0000000008007dec                CAN1_SCE_IRQHandler
                0x0000000008007dec                FLASH_IRQHandler
                0x0000000008007dec                SPI3_IRQHandler
                0x0000000008007dec                I2C1_ER_IRQHandler
                0x0000000008007dec                USBWakeUp_IRQHandler
                0x0000000008007dec                DMA2_Channel3_IRQHandler
 *fill*         0x0000000008007dee        0x2 
 .text.HAL_Init
                0x0000000008007df0       0x2c Drivers/STM32F1xx_HAL_Driver/Src/stm32f1xx_hal.o
                0x0000000008007df0                HAL_Init
 .text.HAL_InitTick
                0x0000000008007e1c       0x60 Drivers/STM32F1xx_HAL_Driver/Src/stm32f1xx_hal.o
                0x0000000008007e1c                HAL_InitTick
 .text.HAL_IncTick
                0x0000000008007e7c       0x24 Drivers/STM32F1xx_HAL_Driver/Src/stm32f1xx_hal.o
                0x0000000008007e7c                HAL_IncTick
 .text.HAL_GetTick
                0x0000000008007ea0       0x14 Drivers/STM32F1xx_HAL_Driver/Src/stm32f1xx_hal.o
                0x0000000008007ea0                HAL_GetTick
 .text.HAL_Delay
                0x0000000008007eb4       0x44 Drivers/STM32F1xx_HAL_Driver/Src/stm32f1xx_hal.o
                0x0000000008007eb4                HAL_Delay
 .text.__NVIC_SetPriorityGrouping
                0x0000000008007ef8       0x48 Drivers/STM32F1xx_HAL_Driver/Src/stm32f1xx_hal_cortex.o
 .text.__NVIC_GetPriorityGrouping
                0x0000000008007f40       0x1c Drivers/STM32F1xx_HAL_Driver/Src/stm32f1xx_hal_cortex.o
 .text.__NVIC_EnableIRQ
                0x0000000008007f5c       0x38 Drivers/STM32F1xx_HAL_Driver/Src/stm32f1xx_hal_cortex.o
 .text.__NVIC_SetPriority
                0x0000000008007f94       0x54 Drivers/STM32F1xx_HAL_Driver/Src/stm32f1xx_hal_cortex.o
 .text.NVIC_EncodePriority
                0x0000000008007fe8       0x64 Drivers/STM32F1xx_HAL_Driver/Src/stm32f1xx_hal_cortex.o
 .text.SysTick_Config
                0x000000000800804c       0x44 Drivers/STM32F1xx_HAL_Driver/Src/stm32f1xx_hal_cortex.o
 .text.HAL_NVIC_SetPriorityGrouping
                0x0000000008008090       0x16 Drivers/STM32F1xx_HAL_Driver/Src/stm32f1xx_hal_cortex.o
                0x0000000008008090                HAL_NVIC_SetPriorityGrouping
 .text.HAL_NVIC_SetPriority
                0x00000000080080a6       0x38 Drivers/STM32F1xx_HAL_Driver/Src/stm32f1xx_hal_cortex.o
                0x00000000080080a6                HAL_NVIC_SetPriority
 .text.HAL_NVIC_EnableIRQ
                0x00000000080080de       0x1c Drivers/STM32F1xx_HAL_Driver/Src/stm32f1xx_hal_cortex.o
                0x00000000080080de                HAL_NVIC_EnableIRQ
 .text.HAL_SYSTICK_Config
                0x00000000080080fa       0x18 Drivers/STM32F1xx_HAL_Driver/Src/stm32f1xx_hal_cortex.o
                0x00000000080080fa                HAL_SYSTICK_Config
 *fill*         0x0000000008008112        0x2 
 .text.HAL_DMA_Abort_IT
                0x0000000008008114      0x210 Drivers/STM32F1xx_HAL_Driver/Src/stm32f1xx_hal_dma.o
                0x0000000008008114                HAL_DMA_Abort_IT
 .text.HAL_GPIO_Init
                0x0000000008008324      0x2d4 Drivers/STM32F1xx_HAL_Driver/Src/stm32f1xx_hal_gpio.o
                0x0000000008008324                HAL_GPIO_Init
 .text.HAL_GPIO_ReadPin
                0x00000000080085f8       0x2e Drivers/STM32F1xx_HAL_Driver/Src/stm32f1xx_hal_gpio.o
                0x00000000080085f8                HAL_GPIO_ReadPin
 .text.HAL_GPIO_WritePin
                0x0000000008008626       0x30 Drivers/STM32F1xx_HAL_Driver/Src/stm32f1xx_hal_gpio.o
                0x0000000008008626                HAL_GPIO_WritePin
 *fill*         0x0000000008008656        0x2 
 .text.HAL_GPIO_EXTI_IRQHandler
                0x0000000008008658       0x30 Drivers/STM32F1xx_HAL_Driver/Src/stm32f1xx_hal_gpio.o
                0x0000000008008658                HAL_GPIO_EXTI_IRQHandler
 .text.HAL_GPIO_EXTI_Callback
                0x0000000008008688       0x14 Drivers/STM32F1xx_HAL_Driver/Src/stm32f1xx_hal_gpio.o
                0x0000000008008688                HAL_GPIO_EXTI_Callback
 .text.HAL_RCC_OscConfig
                0x000000000800869c      0x500 Drivers/STM32F1xx_HAL_Driver/Src/stm32f1xx_hal_rcc.o
                0x000000000800869c                HAL_RCC_OscConfig
 .text.HAL_RCC_ClockConfig
                0x0000000008008b9c      0x1d4 Drivers/STM32F1xx_HAL_Driver/Src/stm32f1xx_hal_rcc.o
                0x0000000008008b9c                HAL_RCC_ClockConfig
 .text.HAL_RCC_GetSysClockFreq
                0x0000000008008d70       0xc4 Drivers/STM32F1xx_HAL_Driver/Src/stm32f1xx_hal_rcc.o
                0x0000000008008d70                HAL_RCC_GetSysClockFreq
 .text.HAL_RCC_GetHCLKFreq
                0x0000000008008e34       0x14 Drivers/STM32F1xx_HAL_Driver/Src/stm32f1xx_hal_rcc.o
                0x0000000008008e34                HAL_RCC_GetHCLKFreq
 .text.HAL_RCC_GetPCLK1Freq
                0x0000000008008e48       0x28 Drivers/STM32F1xx_HAL_Driver/Src/stm32f1xx_hal_rcc.o
                0x0000000008008e48                HAL_RCC_GetPCLK1Freq
 .text.HAL_RCC_GetPCLK2Freq
                0x0000000008008e70       0x28 Drivers/STM32F1xx_HAL_Driver/Src/stm32f1xx_hal_rcc.o
                0x0000000008008e70                HAL_RCC_GetPCLK2Freq
 .text.RCC_Delay
                0x0000000008008e98       0x3c Drivers/STM32F1xx_HAL_Driver/Src/stm32f1xx_hal_rcc.o
 .text.HAL_TIM_Base_Init
                0x0000000008008ed4       0x56 Drivers/STM32F1xx_HAL_Driver/Src/stm32f1xx_hal_tim.o
                0x0000000008008ed4                HAL_TIM_Base_Init
 .text.HAL_TIM_Base_Start_IT
                0x0000000008008f2a       0x46 Drivers/STM32F1xx_HAL_Driver/Src/stm32f1xx_hal_tim.o
                0x0000000008008f2a                HAL_TIM_Base_Start_IT
 .text.HAL_TIM_IRQHandler
                0x0000000008008f70      0x210 Drivers/STM32F1xx_HAL_Driver/Src/stm32f1xx_hal_tim.o
                0x0000000008008f70                HAL_TIM_IRQHandler
 .text.HAL_TIM_ConfigClockSource
                0x0000000008009180      0x16e Drivers/STM32F1xx_HAL_Driver/Src/stm32f1xx_hal_tim.o
                0x0000000008009180                HAL_TIM_ConfigClockSource
 .text.HAL_TIM_OC_DelayElapsedCallback
                0x00000000080092ee       0x12 Drivers/STM32F1xx_HAL_Driver/Src/stm32f1xx_hal_tim.o
                0x00000000080092ee                HAL_TIM_OC_DelayElapsedCallback
 .text.HAL_TIM_IC_CaptureCallback
                0x0000000008009300       0x12 Drivers/STM32F1xx_HAL_Driver/Src/stm32f1xx_hal_tim.o
                0x0000000008009300                HAL_TIM_IC_CaptureCallback
 .text.HAL_TIM_PWM_PulseFinishedCallback
                0x0000000008009312       0x12 Drivers/STM32F1xx_HAL_Driver/Src/stm32f1xx_hal_tim.o
                0x0000000008009312                HAL_TIM_PWM_PulseFinishedCallback
 .text.HAL_TIM_TriggerCallback
                0x0000000008009324       0x12 Drivers/STM32F1xx_HAL_Driver/Src/stm32f1xx_hal_tim.o
                0x0000000008009324                HAL_TIM_TriggerCallback
 *fill*         0x0000000008009336        0x2 
 .text.TIM_Base_SetConfig
                0x0000000008009338       0xf4 Drivers/STM32F1xx_HAL_Driver/Src/stm32f1xx_hal_tim.o
                0x0000000008009338                TIM_Base_SetConfig
 .text.TIM_TI1_ConfigInputStage
                0x000000000800942c       0x5c Drivers/STM32F1xx_HAL_Driver/Src/stm32f1xx_hal_tim.o
 .text.TIM_TI2_ConfigInputStage
                0x0000000008009488       0x5e Drivers/STM32F1xx_HAL_Driver/Src/stm32f1xx_hal_tim.o
 .text.TIM_ITRx_SetConfig
                0x00000000080094e6       0x34 Drivers/STM32F1xx_HAL_Driver/Src/stm32f1xx_hal_tim.o
 .text.TIM_ETR_SetConfig
                0x000000000800951a       0x3e Drivers/STM32F1xx_HAL_Driver/Src/stm32f1xx_hal_tim.o
                0x000000000800951a                TIM_ETR_SetConfig
 .text.HAL_TIMEx_MasterConfigSynchronization
                0x0000000008009558       0x88 Drivers/STM32F1xx_HAL_Driver/Src/stm32f1xx_hal_tim_ex.o
                0x0000000008009558                HAL_TIMEx_MasterConfigSynchronization
 .text.HAL_TIMEx_CommutCallback
                0x00000000080095e0       0x12 Drivers/STM32F1xx_HAL_Driver/Src/stm32f1xx_hal_tim_ex.o
                0x00000000080095e0                HAL_TIMEx_CommutCallback
 .text.HAL_TIMEx_BreakCallback
                0x00000000080095f2       0x12 Drivers/STM32F1xx_HAL_Driver/Src/stm32f1xx_hal_tim_ex.o
                0x00000000080095f2                HAL_TIMEx_BreakCallback
 .text.HAL_UART_Init
                0x0000000008009604       0x9a Drivers/STM32F1xx_HAL_Driver/Src/stm32f1xx_hal_uart.o
                0x0000000008009604                HAL_UART_Init
 .text.HAL_UART_Transmit
                0x000000000800969e      0x132 Drivers/STM32F1xx_HAL_Driver/Src/stm32f1xx_hal_uart.o
                0x000000000800969e                HAL_UART_Transmit
 .text.HAL_UART_IRQHandler
                0x00000000080097d0      0x1f8 Drivers/STM32F1xx_HAL_Driver/Src/stm32f1xx_hal_uart.o
                0x00000000080097d0                HAL_UART_IRQHandler
 .text.HAL_UART_TxCpltCallback
                0x00000000080099c8       0x12 Drivers/STM32F1xx_HAL_Driver/Src/stm32f1xx_hal_uart.o
                0x00000000080099c8                HAL_UART_TxCpltCallback
 .text.HAL_UART_RxCpltCallback
                0x00000000080099da       0x12 Drivers/STM32F1xx_HAL_Driver/Src/stm32f1xx_hal_uart.o
                0x00000000080099da                HAL_UART_RxCpltCallback
 .text.HAL_UART_ErrorCallback
                0x00000000080099ec       0x12 Drivers/STM32F1xx_HAL_Driver/Src/stm32f1xx_hal_uart.o
                0x00000000080099ec                HAL_UART_ErrorCallback
 .text.UART_WaitOnFlagUntilTimeout
                0x00000000080099fe       0x94 Drivers/STM32F1xx_HAL_Driver/Src/stm32f1xx_hal_uart.o
 .text.UART_EndRxTransfer
                0x0000000008009a92       0x3a Drivers/STM32F1xx_HAL_Driver/Src/stm32f1xx_hal_uart.o
 .text.UART_DMAAbortOnError
                0x0000000008009acc       0x28 Drivers/STM32F1xx_HAL_Driver/Src/stm32f1xx_hal_uart.o
 .text.UART_Transmit_IT
                0x0000000008009af4       0xaa Drivers/STM32F1xx_HAL_Driver/Src/stm32f1xx_hal_uart.o
 .text.UART_EndTransmit_IT
                0x0000000008009b9e       0x30 Drivers/STM32F1xx_HAL_Driver/Src/stm32f1xx_hal_uart.o
 .text.UART_Receive_IT
                0x0000000008009bce      0x102 Drivers/STM32F1xx_HAL_Driver/Src/stm32f1xx_hal_uart.o
 .text.UART_SetConfig
                0x0000000008009cd0      0x1b4 Drivers/STM32F1xx_HAL_Driver/Src/stm32f1xx_hal_uart.o
 .text.__errno  0x0000000008009e84        0xc d:/software/stm32cubeide_1.1.0/stm32cubeide/plugins/com.st.stm32cube.ide.mcu.externaltools.gnu-tools-for-stm32.7-2018-q2-update.win32_1.0.0.201904181610/tools/bin/../lib/gcc/arm-none-eabi/7.3.1/../../../../arm-none-eabi/lib/thumb/v7-m\libc_nano.a(lib_a-errno.o)
                0x0000000008009e84                __errno
 .text.__libc_init_array
                0x0000000008009e90       0x48 d:/software/stm32cubeide_1.1.0/stm32cubeide/plugins/com.st.stm32cube.ide.mcu.externaltools.gnu-tools-for-stm32.7-2018-q2-update.win32_1.0.0.201904181610/tools/bin/../lib/gcc/arm-none-eabi/7.3.1/../../../../arm-none-eabi/lib/thumb/v7-m\libc_nano.a(lib_a-init.o)
                0x0000000008009e90                __libc_init_array
 .text.memset   0x0000000008009ed8       0x10 d:/software/stm32cubeide_1.1.0/stm32cubeide/plugins/com.st.stm32cube.ide.mcu.externaltools.gnu-tools-for-stm32.7-2018-q2-update.win32_1.0.0.201904181610/tools/bin/../lib/gcc/arm-none-eabi/7.3.1/../../../../arm-none-eabi/lib/thumb/v7-m\libc_nano.a(lib_a-memset.o)
                0x0000000008009ed8                memset
 .text.printf   0x0000000008009ee8       0x30 d:/software/stm32cubeide_1.1.0/stm32cubeide/plugins/com.st.stm32cube.ide.mcu.externaltools.gnu-tools-for-stm32.7-2018-q2-update.win32_1.0.0.201904181610/tools/bin/../lib/gcc/arm-none-eabi/7.3.1/../../../../arm-none-eabi/lib/thumb/v7-m\libc_nano.a(lib_a-printf.o)
                0x0000000008009ee8                iprintf
                0x0000000008009ee8                printf
 .text.srand    0x0000000008009f18       0x48 d:/software/stm32cubeide_1.1.0/stm32cubeide/plugins/com.st.stm32cube.ide.mcu.externaltools.gnu-tools-for-stm32.7-2018-q2-update.win32_1.0.0.201904181610/tools/bin/../lib/gcc/arm-none-eabi/7.3.1/../../../../arm-none-eabi/lib/thumb/v7-m\libc_nano.a(lib_a-rand.o)
                0x0000000008009f18                srand
 .text.rand     0x0000000008009f60       0x68 d:/software/stm32cubeide_1.1.0/stm32cubeide/plugins/com.st.stm32cube.ide.mcu.externaltools.gnu-tools-for-stm32.7-2018-q2-update.win32_1.0.0.201904181610/tools/bin/../lib/gcc/arm-none-eabi/7.3.1/../../../../arm-none-eabi/lib/thumb/v7-m\libc_nano.a(lib_a-rand.o)
                0x0000000008009f60                rand
 .text.sprintf  0x0000000008009fc8       0x40 d:/software/stm32cubeide_1.1.0/stm32cubeide/plugins/com.st.stm32cube.ide.mcu.externaltools.gnu-tools-for-stm32.7-2018-q2-update.win32_1.0.0.201904181610/tools/bin/../lib/gcc/arm-none-eabi/7.3.1/../../../../arm-none-eabi/lib/thumb/v7-m\libc_nano.a(lib_a-sprintf.o)
                0x0000000008009fc8                siprintf
                0x0000000008009fc8                sprintf
 .text.std      0x000000000800a008       0x48 d:/software/stm32cubeide_1.1.0/stm32cubeide/plugins/com.st.stm32cube.ide.mcu.externaltools.gnu-tools-for-stm32.7-2018-q2-update.win32_1.0.0.201904181610/tools/bin/../lib/gcc/arm-none-eabi/7.3.1/../../../../arm-none-eabi/lib/thumb/v7-m\libc_nano.a(lib_a-findfp.o)
 .text._cleanup_r
                0x000000000800a050        0xc d:/software/stm32cubeide_1.1.0/stm32cubeide/plugins/com.st.stm32cube.ide.mcu.externaltools.gnu-tools-for-stm32.7-2018-q2-update.win32_1.0.0.201904181610/tools/bin/../lib/gcc/arm-none-eabi/7.3.1/../../../../arm-none-eabi/lib/thumb/v7-m\libc_nano.a(lib_a-findfp.o)
                0x000000000800a050                _cleanup_r
 .text.__sfmoreglue
                0x000000000800a05c       0x2c d:/software/stm32cubeide_1.1.0/stm32cubeide/plugins/com.st.stm32cube.ide.mcu.externaltools.gnu-tools-for-stm32.7-2018-q2-update.win32_1.0.0.201904181610/tools/bin/../lib/gcc/arm-none-eabi/7.3.1/../../../../arm-none-eabi/lib/thumb/v7-m\libc_nano.a(lib_a-findfp.o)
                0x000000000800a05c                __sfmoreglue
 .text.__sinit  0x000000000800a088       0x60 d:/software/stm32cubeide_1.1.0/stm32cubeide/plugins/com.st.stm32cube.ide.mcu.externaltools.gnu-tools-for-stm32.7-2018-q2-update.win32_1.0.0.201904181610/tools/bin/../lib/gcc/arm-none-eabi/7.3.1/../../../../arm-none-eabi/lib/thumb/v7-m\libc_nano.a(lib_a-findfp.o)
                0x000000000800a088                __sinit
 .text.__sfp    0x000000000800a0e8       0x78 d:/software/stm32cubeide_1.1.0/stm32cubeide/plugins/com.st.stm32cube.ide.mcu.externaltools.gnu-tools-for-stm32.7-2018-q2-update.win32_1.0.0.201904181610/tools/bin/../lib/gcc/arm-none-eabi/7.3.1/../../../../arm-none-eabi/lib/thumb/v7-m\libc_nano.a(lib_a-findfp.o)
                0x000000000800a0e8                __sfp
 .text._fwalk_reent
                0x000000000800a160       0x3c d:/software/stm32cubeide_1.1.0/stm32cubeide/plugins/com.st.stm32cube.ide.mcu.externaltools.gnu-tools-for-stm32.7-2018-q2-update.win32_1.0.0.201904181610/tools/bin/../lib/gcc/arm-none-eabi/7.3.1/../../../../arm-none-eabi/lib/thumb/v7-m\libc_nano.a(lib_a-fwalk.o)
                0x000000000800a160                _fwalk_reent
 .text.malloc   0x000000000800a19c       0x10 d:/software/stm32cubeide_1.1.0/stm32cubeide/plugins/com.st.stm32cube.ide.mcu.externaltools.gnu-tools-for-stm32.7-2018-q2-update.win32_1.0.0.201904181610/tools/bin/../lib/gcc/arm-none-eabi/7.3.1/../../../../arm-none-eabi/lib/thumb/v7-m\libc_nano.a(lib_a-malloc.o)
                0x000000000800a19c                malloc
 .text._free_r  0x000000000800a1ac       0x98 d:/software/stm32cubeide_1.1.0/stm32cubeide/plugins/com.st.stm32cube.ide.mcu.externaltools.gnu-tools-for-stm32.7-2018-q2-update.win32_1.0.0.201904181610/tools/bin/../lib/gcc/arm-none-eabi/7.3.1/../../../../arm-none-eabi/lib/thumb/v7-m\libc_nano.a(lib_a-nano-freer.o)
                0x000000000800a1ac                _free_r
 .text._malloc_r
                0x000000000800a244       0xb4 d:/software/stm32cubeide_1.1.0/stm32cubeide/plugins/com.st.stm32cube.ide.mcu.externaltools.gnu-tools-for-stm32.7-2018-q2-update.win32_1.0.0.201904181610/tools/bin/../lib/gcc/arm-none-eabi/7.3.1/../../../../arm-none-eabi/lib/thumb/v7-m\libc_nano.a(lib_a-nano-mallocr.o)
                0x000000000800a244                _malloc_r
 .text.__ssputs_r
                0x000000000800a2f8       0xb4 d:/software/stm32cubeide_1.1.0/stm32cubeide/plugins/com.st.stm32cube.ide.mcu.externaltools.gnu-tools-for-stm32.7-2018-q2-update.win32_1.0.0.201904181610/tools/bin/../lib/gcc/arm-none-eabi/7.3.1/../../../../arm-none-eabi/lib/thumb/v7-m\libc_nano.a(lib_a-nano-svfprintf.o)
                0x000000000800a2f8                __ssputs_r
 .text._svfprintf_r
                0x000000000800a3ac      0x1f0 d:/software/stm32cubeide_1.1.0/stm32cubeide/plugins/com.st.stm32cube.ide.mcu.externaltools.gnu-tools-for-stm32.7-2018-q2-update.win32_1.0.0.201904181610/tools/bin/../lib/gcc/arm-none-eabi/7.3.1/../../../../arm-none-eabi/lib/thumb/v7-m\libc_nano.a(lib_a-nano-svfprintf.o)
                0x000000000800a3ac                _svfiprintf_r
                0x000000000800a3ac                _svfprintf_r
 .text.__sfputc_r
                0x000000000800a59c       0x2a d:/software/stm32cubeide_1.1.0/stm32cubeide/plugins/com.st.stm32cube.ide.mcu.externaltools.gnu-tools-for-stm32.7-2018-q2-update.win32_1.0.0.201904181610/tools/bin/../lib/gcc/arm-none-eabi/7.3.1/../../../../arm-none-eabi/lib/thumb/v7-m\libc_nano.a(lib_a-nano-vfprintf.o)
 .text.__sfputs_r
                0x000000000800a5c6       0x24 d:/software/stm32cubeide_1.1.0/stm32cubeide/plugins/com.st.stm32cube.ide.mcu.externaltools.gnu-tools-for-stm32.7-2018-q2-update.win32_1.0.0.201904181610/tools/bin/../lib/gcc/arm-none-eabi/7.3.1/../../../../arm-none-eabi/lib/thumb/v7-m\libc_nano.a(lib_a-nano-vfprintf.o)
                0x000000000800a5c6                __sfputs_r
 *fill*         0x000000000800a5ea        0x2 
 .text._vfprintf_r
                0x000000000800a5ec      0x22c d:/software/stm32cubeide_1.1.0/stm32cubeide/plugins/com.st.stm32cube.ide.mcu.externaltools.gnu-tools-for-stm32.7-2018-q2-update.win32_1.0.0.201904181610/tools/bin/../lib/gcc/arm-none-eabi/7.3.1/../../../../arm-none-eabi/lib/thumb/v7-m\libc_nano.a(lib_a-nano-vfprintf.o)
                0x000000000800a5ec                _vfprintf_r
                0x000000000800a5ec                _vfiprintf_r
 .text._printf_common
                0x000000000800a818       0xec d:/software/stm32cubeide_1.1.0/stm32cubeide/plugins/com.st.stm32cube.ide.mcu.externaltools.gnu-tools-for-stm32.7-2018-q2-update.win32_1.0.0.201904181610/tools/bin/../lib/gcc/arm-none-eabi/7.3.1/../../../../arm-none-eabi/lib/thumb/v7-m\libc_nano.a(lib_a-nano-vfprintf_i.o)
                0x000000000800a818                _printf_common
 .text._printf_i
                0x000000000800a904      0x224 d:/software/stm32cubeide_1.1.0/stm32cubeide/plugins/com.st.stm32cube.ide.mcu.externaltools.gnu-tools-for-stm32.7-2018-q2-update.win32_1.0.0.201904181610/tools/bin/../lib/gcc/arm-none-eabi/7.3.1/../../../../arm-none-eabi/lib/thumb/v7-m\libc_nano.a(lib_a-nano-vfprintf_i.o)
                0x000000000800a904                _printf_i
 .text._sbrk_r  0x000000000800ab28       0x20 d:/software/stm32cubeide_1.1.0/stm32cubeide/plugins/com.st.stm32cube.ide.mcu.externaltools.gnu-tools-for-stm32.7-2018-q2-update.win32_1.0.0.201904181610/tools/bin/../lib/gcc/arm-none-eabi/7.3.1/../../../../arm-none-eabi/lib/thumb/v7-m\libc_nano.a(lib_a-sbrkr.o)
                0x000000000800ab28                _sbrk_r
 .text.__sread  0x000000000800ab48       0x22 d:/software/stm32cubeide_1.1.0/stm32cubeide/plugins/com.st.stm32cube.ide.mcu.externaltools.gnu-tools-for-stm32.7-2018-q2-update.win32_1.0.0.201904181610/tools/bin/../lib/gcc/arm-none-eabi/7.3.1/../../../../arm-none-eabi/lib/thumb/v7-m\libc_nano.a(lib_a-stdio.o)
                0x000000000800ab48                __sread
 .text.__swrite
                0x000000000800ab6a       0x38 d:/software/stm32cubeide_1.1.0/stm32cubeide/plugins/com.st.stm32cube.ide.mcu.externaltools.gnu-tools-for-stm32.7-2018-q2-update.win32_1.0.0.201904181610/tools/bin/../lib/gcc/arm-none-eabi/7.3.1/../../../../arm-none-eabi/lib/thumb/v7-m\libc_nano.a(lib_a-stdio.o)
                0x000000000800ab6a                __swrite
 .text.__sseek  0x000000000800aba2       0x24 d:/software/stm32cubeide_1.1.0/stm32cubeide/plugins/com.st.stm32cube.ide.mcu.externaltools.gnu-tools-for-stm32.7-2018-q2-update.win32_1.0.0.201904181610/tools/bin/../lib/gcc/arm-none-eabi/7.3.1/../../../../arm-none-eabi/lib/thumb/v7-m\libc_nano.a(lib_a-stdio.o)
                0x000000000800aba2                __sseek
 .text.__sclose
                0x000000000800abc6        0x8 d:/software/stm32cubeide_1.1.0/stm32cubeide/plugins/com.st.stm32cube.ide.mcu.externaltools.gnu-tools-for-stm32.7-2018-q2-update.win32_1.0.0.201904181610/tools/bin/../lib/gcc/arm-none-eabi/7.3.1/../../../../arm-none-eabi/lib/thumb/v7-m\libc_nano.a(lib_a-stdio.o)
                0x000000000800abc6                __sclose
 *fill*         0x000000000800abce        0x2 
 .text.__swbuf_r
                0x000000000800abd0       0xa4 d:/software/stm32cubeide_1.1.0/stm32cubeide/plugins/com.st.stm32cube.ide.mcu.externaltools.gnu-tools-for-stm32.7-2018-q2-update.win32_1.0.0.201904181610/tools/bin/../lib/gcc/arm-none-eabi/7.3.1/../../../../arm-none-eabi/lib/thumb/v7-m\libc_nano.a(lib_a-wbuf.o)
                0x000000000800abd0                __swbuf_r
 .text._write_r
                0x000000000800ac74       0x24 d:/software/stm32cubeide_1.1.0/stm32cubeide/plugins/com.st.stm32cube.ide.mcu.externaltools.gnu-tools-for-stm32.7-2018-q2-update.win32_1.0.0.201904181610/tools/bin/../lib/gcc/arm-none-eabi/7.3.1/../../../../arm-none-eabi/lib/thumb/v7-m\libc_nano.a(lib_a-writer.o)
                0x000000000800ac74                _write_r
 .text.__swsetup_r
                0x000000000800ac98       0xdc d:/software/stm32cubeide_1.1.0/stm32cubeide/plugins/com.st.stm32cube.ide.mcu.externaltools.gnu-tools-for-stm32.7-2018-q2-update.win32_1.0.0.201904181610/tools/bin/../lib/gcc/arm-none-eabi/7.3.1/../../../../arm-none-eabi/lib/thumb/v7-m\libc_nano.a(lib_a-wsetup.o)
                0x000000000800ac98                __swsetup_r
 .text._close_r
                0x000000000800ad74       0x20 d:/software/stm32cubeide_1.1.0/stm32cubeide/plugins/com.st.stm32cube.ide.mcu.externaltools.gnu-tools-for-stm32.7-2018-q2-update.win32_1.0.0.201904181610/tools/bin/../lib/gcc/arm-none-eabi/7.3.1/../../../../arm-none-eabi/lib/thumb/v7-m\libc_nano.a(lib_a-closer.o)
                0x000000000800ad74                _close_r
 .text.__sflush_r
                0x000000000800ad94      0x10c d:/software/stm32cubeide_1.1.0/stm32cubeide/plugins/com.st.stm32cube.ide.mcu.externaltools.gnu-tools-for-stm32.7-2018-q2-update.win32_1.0.0.201904181610/tools/bin/../lib/gcc/arm-none-eabi/7.3.1/../../../../arm-none-eabi/lib/thumb/v7-m\libc_nano.a(lib_a-fflush.o)
                0x000000000800ad94                __sflush_r
 .text._fflush_r
                0x000000000800aea0       0x54 d:/software/stm32cubeide_1.1.0/stm32cubeide/plugins/com.st.stm32cube.ide.mcu.externaltools.gnu-tools-for-stm32.7-2018-q2-update.win32_1.0.0.201904181610/tools/bin/../lib/gcc/arm-none-eabi/7.3.1/../../../../arm-none-eabi/lib/thumb/v7-m\libc_nano.a(lib_a-fflush.o)
                0x000000000800aea0                _fflush_r
 .text._lseek_r
                0x000000000800aef4       0x24 d:/software/stm32cubeide_1.1.0/stm32cubeide/plugins/com.st.stm32cube.ide.mcu.externaltools.gnu-tools-for-stm32.7-2018-q2-update.win32_1.0.0.201904181610/tools/bin/../lib/gcc/arm-none-eabi/7.3.1/../../../../arm-none-eabi/lib/thumb/v7-m\libc_nano.a(lib_a-lseekr.o)
                0x000000000800aef4                _lseek_r
 .text.__swhatbuf_r
                0x000000000800af18       0x48 d:/software/stm32cubeide_1.1.0/stm32cubeide/plugins/com.st.stm32cube.ide.mcu.externaltools.gnu-tools-for-stm32.7-2018-q2-update.win32_1.0.0.201904181610/tools/bin/../lib/gcc/arm-none-eabi/7.3.1/../../../../arm-none-eabi/lib/thumb/v7-m\libc_nano.a(lib_a-makebuf.o)
                0x000000000800af18                __swhatbuf_r
 .text.__smakebuf_r
                0x000000000800af60       0x80 d:/software/stm32cubeide_1.1.0/stm32cubeide/plugins/com.st.stm32cube.ide.mcu.externaltools.gnu-tools-for-stm32.7-2018-q2-update.win32_1.0.0.201904181610/tools/bin/../lib/gcc/arm-none-eabi/7.3.1/../../../../arm-none-eabi/lib/thumb/v7-m\libc_nano.a(lib_a-makebuf.o)
                0x000000000800af60                __smakebuf_r
 .text.memchr   0x000000000800afe0       0x1c d:/software/stm32cubeide_1.1.0/stm32cubeide/plugins/com.st.stm32cube.ide.mcu.externaltools.gnu-tools-for-stm32.7-2018-q2-update.win32_1.0.0.201904181610/tools/bin/../lib/gcc/arm-none-eabi/7.3.1/../../../../arm-none-eabi/lib/thumb/v7-m\libc_nano.a(lib_a-memchr-stub.o)
                0x000000000800afe0                memchr
 .text.memcpy   0x000000000800affc       0x16 d:/software/stm32cubeide_1.1.0/stm32cubeide/plugins/com.st.stm32cube.ide.mcu.externaltools.gnu-tools-for-stm32.7-2018-q2-update.win32_1.0.0.201904181610/tools/bin/../lib/gcc/arm-none-eabi/7.3.1/../../../../arm-none-eabi/lib/thumb/v7-m\libc_nano.a(lib_a-memcpy-stub.o)
                0x000000000800affc                memcpy
 .text.memmove  0x000000000800b012       0x32 d:/software/stm32cubeide_1.1.0/stm32cubeide/plugins/com.st.stm32cube.ide.mcu.externaltools.gnu-tools-for-stm32.7-2018-q2-update.win32_1.0.0.201904181610/tools/bin/../lib/gcc/arm-none-eabi/7.3.1/../../../../arm-none-eabi/lib/thumb/v7-m\libc_nano.a(lib_a-memmove.o)
                0x000000000800b012                memmove
 .text.__malloc_lock
                0x000000000800b044        0x2 d:/software/stm32cubeide_1.1.0/stm32cubeide/plugins/com.st.stm32cube.ide.mcu.externaltools.gnu-tools-for-stm32.7-2018-q2-update.win32_1.0.0.201904181610/tools/bin/../lib/gcc/arm-none-eabi/7.3.1/../../../../arm-none-eabi/lib/thumb/v7-m\libc_nano.a(lib_a-mlock.o)
                0x000000000800b044                __malloc_lock
 .text.__malloc_unlock
                0x000000000800b046        0x2 d:/software/stm32cubeide_1.1.0/stm32cubeide/plugins/com.st.stm32cube.ide.mcu.externaltools.gnu-tools-for-stm32.7-2018-q2-update.win32_1.0.0.201904181610/tools/bin/../lib/gcc/arm-none-eabi/7.3.1/../../../../arm-none-eabi/lib/thumb/v7-m\libc_nano.a(lib_a-mlock.o)
                0x000000000800b046                __malloc_unlock
 .text._realloc_r
                0x000000000800b048       0x4c d:/software/stm32cubeide_1.1.0/stm32cubeide/plugins/com.st.stm32cube.ide.mcu.externaltools.gnu-tools-for-stm32.7-2018-q2-update.win32_1.0.0.201904181610/tools/bin/../lib/gcc/arm-none-eabi/7.3.1/../../../../arm-none-eabi/lib/thumb/v7-m\libc_nano.a(lib_a-nano-reallocr.o)
                0x000000000800b048                _realloc_r
 .text._read_r  0x000000000800b094       0x24 d:/software/stm32cubeide_1.1.0/stm32cubeide/plugins/com.st.stm32cube.ide.mcu.externaltools.gnu-tools-for-stm32.7-2018-q2-update.win32_1.0.0.201904181610/tools/bin/../lib/gcc/arm-none-eabi/7.3.1/../../../../arm-none-eabi/lib/thumb/v7-m\libc_nano.a(lib_a-readr.o)
                0x000000000800b094                _read_r
 .text._fstat_r
                0x000000000800b0b8       0x24 d:/software/stm32cubeide_1.1.0/stm32cubeide/plugins/com.st.stm32cube.ide.mcu.externaltools.gnu-tools-for-stm32.7-2018-q2-update.win32_1.0.0.201904181610/tools/bin/../lib/gcc/arm-none-eabi/7.3.1/../../../../arm-none-eabi/lib/thumb/v7-m\libc_nano.a(lib_a-fstatr.o)
                0x000000000800b0b8                _fstat_r
 .text._isatty_r
                0x000000000800b0dc       0x20 d:/software/stm32cubeide_1.1.0/stm32cubeide/plugins/com.st.stm32cube.ide.mcu.externaltools.gnu-tools-for-stm32.7-2018-q2-update.win32_1.0.0.201904181610/tools/bin/../lib/gcc/arm-none-eabi/7.3.1/../../../../arm-none-eabi/lib/thumb/v7-m\libc_nano.a(lib_a-isattyr.o)
                0x000000000800b0dc                _isatty_r
 .text._malloc_usable_size_r
                0x000000000800b0fc       0x10 d:/software/stm32cubeide_1.1.0/stm32cubeide/plugins/com.st.stm32cube.ide.mcu.externaltools.gnu-tools-for-stm32.7-2018-q2-update.win32_1.0.0.201904181610/tools/bin/../lib/gcc/arm-none-eabi/7.3.1/../../../../arm-none-eabi/lib/thumb/v7-m\libc_nano.a(lib_a-nano-msizer.o)
                0x000000000800b0fc                _malloc_usable_size_r
 *(.glue_7)
 .glue_7        0x000000000800b10c        0x0 linker stubs
 *(.glue_7t)
 .glue_7t       0x000000000800b10c        0x0 linker stubs
 *(.eh_frame)
 .eh_frame      0x000000000800b10c        0x0 d:/software/stm32cubeide_1.1.0/stm32cubeide/plugins/com.st.stm32cube.ide.mcu.externaltools.gnu-tools-for-stm32.7-2018-q2-update.win32_1.0.0.201904181610/tools/bin/../lib/gcc/arm-none-eabi/7.3.1/thumb/v7-m/crtbegin.o
 *(.init)
 .init          0x000000000800b10c        0x4 d:/software/stm32cubeide_1.1.0/stm32cubeide/plugins/com.st.stm32cube.ide.mcu.externaltools.gnu-tools-for-stm32.7-2018-q2-update.win32_1.0.0.201904181610/tools/bin/../lib/gcc/arm-none-eabi/7.3.1/thumb/v7-m/crti.o
                0x000000000800b10c                _init
 .init          0x000000000800b110        0x8 d:/software/stm32cubeide_1.1.0/stm32cubeide/plugins/com.st.stm32cube.ide.mcu.externaltools.gnu-tools-for-stm32.7-2018-q2-update.win32_1.0.0.201904181610/tools/bin/../lib/gcc/arm-none-eabi/7.3.1/thumb/v7-m/crtn.o
 *(.fini)
 .fini          0x000000000800b118        0x4 d:/software/stm32cubeide_1.1.0/stm32cubeide/plugins/com.st.stm32cube.ide.mcu.externaltools.gnu-tools-for-stm32.7-2018-q2-update.win32_1.0.0.201904181610/tools/bin/../lib/gcc/arm-none-eabi/7.3.1/thumb/v7-m/crti.o
                0x000000000800b118                _fini
 .fini          0x000000000800b11c        0x8 d:/software/stm32cubeide_1.1.0/stm32cubeide/plugins/com.st.stm32cube.ide.mcu.externaltools.gnu-tools-for-stm32.7-2018-q2-update.win32_1.0.0.201904181610/tools/bin/../lib/gcc/arm-none-eabi/7.3.1/thumb/v7-m/crtn.o
                0x000000000800b124                . = ALIGN (0x4)
                0x000000000800b124                _etext = .

.vfp11_veneer   0x000000000800b124        0x0
 .vfp11_veneer  0x000000000800b124        0x0 linker stubs

.v4_bx          0x000000000800b124        0x0
 .v4_bx         0x000000000800b124        0x0 linker stubs

.iplt           0x000000000800b124        0x0
 .iplt          0x000000000800b124        0x0 d:/software/stm32cubeide_1.1.0/stm32cubeide/plugins/com.st.stm32cube.ide.mcu.externaltools.gnu-tools-for-stm32.7-2018-q2-update.win32_1.0.0.201904181610/tools/bin/../lib/gcc/arm-none-eabi/7.3.1/thumb/v7-m/crtbegin.o

.rodata         0x000000000800b124     0x19d0
                0x000000000800b124                . = ALIGN (0x4)
 *(.rodata)
 .rodata        0x000000000800b124        0xb Core/Src/main.o
 *fill*         0x000000000800b12f        0x1 
 .rodata        0x000000000800b130       0xfa Core/Src/tetromino.o
 *fill*         0x000000000800b22a        0x2 
 .rodata        0x000000000800b22c       0x41 Core/Src/ui.o
 *fill*         0x000000000800b26d        0x3 
 .rodata        0x000000000800b270       0x12 Drivers/STM32F1xx_HAL_Driver/Src/stm32f1xx_hal_rcc.o
 *(.rodata*)
 *fill*         0x000000000800b282        0x2 
 .rodata.asc2_1206
                0x000000000800b284      0x474 Core/Src/lcd.o
                0x000000000800b284                asc2_1206
 .rodata.asc2_1608
                0x000000000800b6f8      0x5f0 Core/Src/lcd.o
                0x000000000800b6f8                asc2_1608
 .rodata.asc2_2412
                0x000000000800bce8      0xd5c Core/Src/lcd.o
                0x000000000800bce8                asc2_2412
 .rodata.AHBPrescTable
                0x000000000800ca44       0x10 Core/Src/system_stm32f1xx.o
                0x000000000800ca44                AHBPrescTable
 .rodata.APBPrescTable
                0x000000000800ca54        0x8 Core/Src/system_stm32f1xx.o
                0x000000000800ca54                APBPrescTable
 .rodata._global_impure_ptr
                0x000000000800ca5c        0x4 d:/software/stm32cubeide_1.1.0/stm32cubeide/plugins/com.st.stm32cube.ide.mcu.externaltools.gnu-tools-for-stm32.7-2018-q2-update.win32_1.0.0.201904181610/tools/bin/../lib/gcc/arm-none-eabi/7.3.1/../../../../arm-none-eabi/lib/thumb/v7-m\libc_nano.a(lib_a-impure.o)
                0x000000000800ca5c                _global_impure_ptr
 .rodata.__sf_fake_stderr
                0x000000000800ca60       0x20 d:/software/stm32cubeide_1.1.0/stm32cubeide/plugins/com.st.stm32cube.ide.mcu.externaltools.gnu-tools-for-stm32.7-2018-q2-update.win32_1.0.0.201904181610/tools/bin/../lib/gcc/arm-none-eabi/7.3.1/../../../../arm-none-eabi/lib/thumb/v7-m\libc_nano.a(lib_a-findfp.o)
                0x000000000800ca60                __sf_fake_stderr
 .rodata.__sf_fake_stdin
                0x000000000800ca80       0x20 d:/software/stm32cubeide_1.1.0/stm32cubeide/plugins/com.st.stm32cube.ide.mcu.externaltools.gnu-tools-for-stm32.7-2018-q2-update.win32_1.0.0.201904181610/tools/bin/../lib/gcc/arm-none-eabi/7.3.1/../../../../arm-none-eabi/lib/thumb/v7-m\libc_nano.a(lib_a-findfp.o)
                0x000000000800ca80                __sf_fake_stdin
 .rodata.__sf_fake_stdout
                0x000000000800caa0       0x20 d:/software/stm32cubeide_1.1.0/stm32cubeide/plugins/com.st.stm32cube.ide.mcu.externaltools.gnu-tools-for-stm32.7-2018-q2-update.win32_1.0.0.201904181610/tools/bin/../lib/gcc/arm-none-eabi/7.3.1/../../../../arm-none-eabi/lib/thumb/v7-m\libc_nano.a(lib_a-findfp.o)
                0x000000000800caa0                __sf_fake_stdout
 .rodata._svfprintf_r.str1.1
                0x000000000800cac0       0x11 d:/software/stm32cubeide_1.1.0/stm32cubeide/plugins/com.st.stm32cube.ide.mcu.externaltools.gnu-tools-for-stm32.7-2018-q2-update.win32_1.0.0.201904181610/tools/bin/../lib/gcc/arm-none-eabi/7.3.1/../../../../arm-none-eabi/lib/thumb/v7-m\libc_nano.a(lib_a-nano-svfprintf.o)
 .rodata._vfprintf_r.str1.1
                0x000000000800cad1       0x11 d:/software/stm32cubeide_1.1.0/stm32cubeide/plugins/com.st.stm32cube.ide.mcu.externaltools.gnu-tools-for-stm32.7-2018-q2-update.win32_1.0.0.201904181610/tools/bin/../lib/gcc/arm-none-eabi/7.3.1/../../../../arm-none-eabi/lib/thumb/v7-m\libc_nano.a(lib_a-nano-vfprintf.o)
 .rodata._printf_i.str1.1
                0x000000000800cad1       0x22 d:/software/stm32cubeide_1.1.0/stm32cubeide/plugins/com.st.stm32cube.ide.mcu.externaltools.gnu-tools-for-stm32.7-2018-q2-update.win32_1.0.0.201904181610/tools/bin/../lib/gcc/arm-none-eabi/7.3.1/../../../../arm-none-eabi/lib/thumb/v7-m\libc_nano.a(lib_a-nano-vfprintf_i.o)
                0x000000000800caf4                . = ALIGN (0x4)
 *fill*         0x000000000800caf3        0x1 

.rel.dyn        0x000000000800caf4        0x0
 .rel.iplt      0x000000000800caf4        0x0 d:/software/stm32cubeide_1.1.0/stm32cubeide/plugins/com.st.stm32cube.ide.mcu.externaltools.gnu-tools-for-stm32.7-2018-q2-update.win32_1.0.0.201904181610/tools/bin/../lib/gcc/arm-none-eabi/7.3.1/thumb/v7-m/crtbegin.o

.ARM.extab      0x000000000800caf4        0x0
                0x000000000800caf4                . = ALIGN (0x4)
 *(.ARM.extab* .gnu.linkonce.armextab.*)
                0x000000000800caf4                . = ALIGN (0x4)

.ARM            0x000000000800caf4        0x0
                0x000000000800caf4                . = ALIGN (0x4)
                0x000000000800caf4                __exidx_start = .
 *(.ARM.exidx*)
                0x000000000800caf4                __exidx_end = .
                0x000000000800caf4                . = ALIGN (0x4)

.preinit_array  0x000000000800caf4        0x0
                0x000000000800caf4                . = ALIGN (0x4)
                0x000000000800caf4                PROVIDE (__preinit_array_start = .)
 *(.preinit_array*)
                0x000000000800caf4                PROVIDE (__preinit_array_end = .)
                0x000000000800caf4                . = ALIGN (0x4)

.init_array     0x000000000800caf4        0x4
                0x000000000800caf4                . = ALIGN (0x4)
                0x000000000800caf4                PROVIDE (__init_array_start = .)
 *(SORT_BY_NAME(.init_array.*))
 *(.init_array*)
 .init_array    0x000000000800caf4        0x4 d:/software/stm32cubeide_1.1.0/stm32cubeide/plugins/com.st.stm32cube.ide.mcu.externaltools.gnu-tools-for-stm32.7-2018-q2-update.win32_1.0.0.201904181610/tools/bin/../lib/gcc/arm-none-eabi/7.3.1/thumb/v7-m/crtbegin.o
                0x000000000800caf8                PROVIDE (__init_array_end = .)
                0x000000000800caf8                . = ALIGN (0x4)

.fini_array     0x000000000800caf8        0x4
                0x000000000800caf8                . = ALIGN (0x4)
                [!provide]                        PROVIDE (__fini_array_start = .)
 *(SORT_BY_NAME(.fini_array.*))
 *(.fini_array*)
 .fini_array    0x000000000800caf8        0x4 d:/software/stm32cubeide_1.1.0/stm32cubeide/plugins/com.st.stm32cube.ide.mcu.externaltools.gnu-tools-for-stm32.7-2018-q2-update.win32_1.0.0.201904181610/tools/bin/../lib/gcc/arm-none-eabi/7.3.1/thumb/v7-m/crtbegin.o
                [!provide]                        PROVIDE (__fini_array_end = .)
                0x000000000800cafc                . = ALIGN (0x4)
                0x000000000800cafc                _sidata = LOADADDR (.data)

.data           0x0000000020000000       0x78 load address 0x000000000800cafc
                0x0000000020000000                . = ALIGN (0x4)
                0x0000000020000000                _sdata = .
 *(.data)
 *(.data*)
 .data.button_scan_interval
                0x0000000020000000        0x4 Core/Src/button.o
                0x0000000020000000                button_scan_interval
 .data.BACK_COLOR
                0x0000000020000004        0x2 Core/Src/lcd.o
                0x0000000020000004                BACK_COLOR
 *fill*         0x0000000020000006        0x2 
 .data.SystemCoreClock
                0x0000000020000008        0x4 Core/Src/system_stm32f1xx.o
                0x0000000020000008                SystemCoreClock
 .data.uwTickPrio
                0x000000002000000c        0x4 Drivers/STM32F1xx_HAL_Driver/Src/stm32f1xx_hal.o
                0x000000002000000c                uwTickPrio
 .data.uwTickFreq
                0x0000000020000010        0x1 Drivers/STM32F1xx_HAL_Driver/Src/stm32f1xx_hal.o
                0x0000000020000010                uwTickFreq
 *fill*         0x0000000020000011        0x3 
 .data._impure_ptr
                0x0000000020000014        0x4 d:/software/stm32cubeide_1.1.0/stm32cubeide/plugins/com.st.stm32cube.ide.mcu.externaltools.gnu-tools-for-stm32.7-2018-q2-update.win32_1.0.0.201904181610/tools/bin/../lib/gcc/arm-none-eabi/7.3.1/../../../../arm-none-eabi/lib/thumb/v7-m\libc_nano.a(lib_a-impure.o)
                0x0000000020000014                _impure_ptr
 .data.impure_data
                0x0000000020000018       0x60 d:/software/stm32cubeide_1.1.0/stm32cubeide/plugins/com.st.stm32cube.ide.mcu.externaltools.gnu-tools-for-stm32.7-2018-q2-update.win32_1.0.0.201904181610/tools/bin/../lib/gcc/arm-none-eabi/7.3.1/../../../../arm-none-eabi/lib/thumb/v7-m\libc_nano.a(lib_a-impure.o)
                0x0000000020000078                . = ALIGN (0x4)
                0x0000000020000078                _edata = .

.igot.plt       0x0000000020000078        0x0 load address 0x000000000800cb74
 .igot.plt      0x0000000020000078        0x0 d:/software/stm32cubeide_1.1.0/stm32cubeide/plugins/com.st.stm32cube.ide.mcu.externaltools.gnu-tools-for-stm32.7-2018-q2-update.win32_1.0.0.201904181610/tools/bin/../lib/gcc/arm-none-eabi/7.3.1/thumb/v7-m/crtbegin.o
                0x0000000020000078                . = ALIGN (0x4)

.bss            0x0000000020000078      0x644 load address 0x000000000800cb74
                0x0000000020000078                _sbss = .
                0x0000000020000078                __bss_start__ = _sbss
 *(.bss)
 .bss           0x0000000020000078       0x1c d:/software/stm32cubeide_1.1.0/stm32cubeide/plugins/com.st.stm32cube.ide.mcu.externaltools.gnu-tools-for-stm32.7-2018-q2-update.win32_1.0.0.201904181610/tools/bin/../lib/gcc/arm-none-eabi/7.3.1/thumb/v7-m/crtbegin.o
 *(.bss*)
 .bss.key0_last.6177
                0x0000000020000094        0x1 Core/Src/button.o
 .bss.key1_last.6178
                0x0000000020000095        0x1 Core/Src/button.o
 .bss.wakeup_last.6179
                0x0000000020000096        0x1 Core/Src/button.o
 *fill*         0x0000000020000097        0x1 
 .bss.POINT_COLOR
                0x0000000020000098        0x2 Core/Src/lcd.o
                0x0000000020000098                POINT_COLOR
 *fill*         0x000000002000009a        0x2 
 .bss.time_ms   0x000000002000009c        0x4 Core/Src/stm32f1xx_it.o
                0x000000002000009c                time_ms
 .bss.heap_end.5149
                0x00000000200000a0        0x4 Core/Src/sysmem.o
 .bss.__malloc_free_list
                0x00000000200000a4        0x4 d:/software/stm32cubeide_1.1.0/stm32cubeide/plugins/com.st.stm32cube.ide.mcu.externaltools.gnu-tools-for-stm32.7-2018-q2-update.win32_1.0.0.201904181610/tools/bin/../lib/gcc/arm-none-eabi/7.3.1/../../../../arm-none-eabi/lib/thumb/v7-m\libc_nano.a(lib_a-nano-mallocr.o)
                0x00000000200000a4                __malloc_free_list
 .bss.__malloc_sbrk_start
                0x00000000200000a8        0x4 d:/software/stm32cubeide_1.1.0/stm32cubeide/plugins/com.st.stm32cube.ide.mcu.externaltools.gnu-tools-for-stm32.7-2018-q2-update.win32_1.0.0.201904181610/tools/bin/../lib/gcc/arm-none-eabi/7.3.1/../../../../arm-none-eabi/lib/thumb/v7-m\libc_nano.a(lib_a-nano-mallocr.o)
                0x00000000200000a8                __malloc_sbrk_start
 *(COMMON)
 COMMON         0x00000000200000ac       0x90 Core/Src/button.o
                0x00000000200000ac                r_down
                0x00000000200000b0                r_up
                0x00000000200000b4                k_key0
                0x00000000200000b8                k_wakeup
                0x00000000200000bc                k_key1
                0x00000000200000c0                r_right
                0x00000000200000c4                r_confirm
                0x00000000200000c8                r_left
                0x00000000200000cc                button_list
                0x0000000020000138                r_return
 COMMON         0x000000002000013c       0x14 Core/Src/game.o
                0x000000002000013c                tet_fall_interval
                0x0000000020000140                fall_task_stamp
                0x0000000020000144                hiscore
 COMMON         0x0000000020000150      0x360 Core/Src/grid.o
                0x0000000020000150                grid
                0x0000000020000470                sub_grid
 COMMON         0x00000000200004b0        0xe Core/Src/lcd.o
                0x00000000200004b0                lcddev
 *fill*         0x00000000200004be        0x2 
 COMMON         0x00000000200004c0       0x78 Core/Src/parameter.o
                0x00000000200004c0                rank_list
 COMMON         0x0000000020000538        0x4 Core/Src/scene.o
                0x0000000020000538                scene_task
 COMMON         0x000000002000053c       0xf8 Core/Src/tetromino.o
                0x000000002000053c                tetimg_list
                0x000000002000062c                tetromino
                0x0000000020000630                tetromino_next
 COMMON         0x0000000020000634       0x40 Core/Src/tim.o
                0x0000000020000634                htim3
 COMMON         0x0000000020000674       0x40 Core/Src/usart.o
                0x0000000020000674                huart1
 COMMON         0x00000000200006b4        0x4 Drivers/STM32F1xx_HAL_Driver/Src/stm32f1xx_hal.o
                0x00000000200006b4                uwTick
 COMMON         0x00000000200006b8        0x4 d:/software/stm32cubeide_1.1.0/stm32cubeide/plugins/com.st.stm32cube.ide.mcu.externaltools.gnu-tools-for-stm32.7-2018-q2-update.win32_1.0.0.201904181610/tools/bin/../lib/gcc/arm-none-eabi/7.3.1/../../../../arm-none-eabi/lib/thumb/v7-m\libc_nano.a(lib_a-reent.o)
                0x00000000200006b8                errno
                0x00000000200006bc                . = ALIGN (0x4)
                0x00000000200006bc                _ebss = .
                0x00000000200006bc                __bss_end__ = _ebss

._user_heap_stack
                0x00000000200006bc      0x604 load address 0x000000000800cb74
                0x00000000200006c0                . = ALIGN (0x8)
 *fill*         0x00000000200006bc        0x4 
                0x00000000200006c0                PROVIDE (end = .)
                [!provide]                        PROVIDE (_end = .)
                0x00000000200008c0                . = (. + _Min_Heap_Size)
 *fill*         0x00000000200006c0      0x200 
                0x0000000020000cc0                . = (. + _Min_Stack_Size)
 *fill*         0x00000000200008c0      0x400 
                0x0000000020000cc0                . = ALIGN (0x8)

/DISCARD/
 libc.a(*)
 libm.a(*)
 libgcc.a(*)

.ARM.attributes
                0x0000000000000000       0x29
 *(.ARM.attributes)
 .ARM.attributes
                0x0000000000000000       0x1d d:/software/stm32cubeide_1.1.0/stm32cubeide/plugins/com.st.stm32cube.ide.mcu.externaltools.gnu-tools-for-stm32.7-2018-q2-update.win32_1.0.0.201904181610/tools/bin/../lib/gcc/arm-none-eabi/7.3.1/thumb/v7-m/crti.o
 .ARM.attributes
                0x000000000000001d       0x2d d:/software/stm32cubeide_1.1.0/stm32cubeide/plugins/com.st.stm32cube.ide.mcu.externaltools.gnu-tools-for-stm32.7-2018-q2-update.win32_1.0.0.201904181610/tools/bin/../lib/gcc/arm-none-eabi/7.3.1/thumb/v7-m/crtbegin.o
 .ARM.attributes
                0x000000000000004a       0x33 Core/Src/button.o
 .ARM.attributes
                0x000000000000007d       0x33 Core/Src/game.o
 .ARM.attributes
                0x00000000000000b0       0x33 Core/Src/gpio.o
 .ARM.attributes
                0x00000000000000e3       0x33 Core/Src/grid.o
 .ARM.attributes
                0x0000000000000116       0x33 Core/Src/lcd.o
 .ARM.attributes
                0x0000000000000149       0x33 Core/Src/main.o
 .ARM.attributes
                0x000000000000017c       0x33 Core/Src/parameter.o
 .ARM.attributes
                0x00000000000001af       0x33 Core/Src/scene.o
 .ARM.attributes
                0x00000000000001e2       0x33 Core/Src/stm32f1xx_hal_msp.o
 .ARM.attributes
                0x0000000000000215       0x33 Core/Src/stm32f1xx_it.o
 .ARM.attributes
                0x0000000000000248       0x33 Core/Src/syscalls.o
 .ARM.attributes
                0x000000000000027b       0x33 Core/Src/sysmem.o
 .ARM.attributes
                0x00000000000002ae       0x33 Core/Src/system_stm32f1xx.o
 .ARM.attributes
                0x00000000000002e1       0x33 Core/Src/tetromino.o
 .ARM.attributes
                0x0000000000000314       0x33 Core/Src/tim.o
 .ARM.attributes
                0x0000000000000347       0x33 Core/Src/ui.o
 .ARM.attributes
                0x000000000000037a       0x33 Core/Src/usart.o
 .ARM.attributes
                0x00000000000003ad       0x21 Core/Startup/startup_stm32f103rctx.o
 .ARM.attributes
                0x00000000000003ce       0x33 Drivers/STM32F1xx_HAL_Driver/Src/stm32f1xx_hal.o
 .ARM.attributes
                0x0000000000000401       0x33 Drivers/STM32F1xx_HAL_Driver/Src/stm32f1xx_hal_cortex.o
 .ARM.attributes
                0x0000000000000434       0x33 Drivers/STM32F1xx_HAL_Driver/Src/stm32f1xx_hal_dma.o
 .ARM.attributes
                0x0000000000000467       0x33 Drivers/STM32F1xx_HAL_Driver/Src/stm32f1xx_hal_gpio.o
 .ARM.attributes
                0x000000000000049a       0x33 Drivers/STM32F1xx_HAL_Driver/Src/stm32f1xx_hal_rcc.o
 .ARM.attributes
                0x00000000000004cd       0x33 Drivers/STM32F1xx_HAL_Driver/Src/stm32f1xx_hal_tim.o
 .ARM.attributes
                0x0000000000000500       0x33 Drivers/STM32F1xx_HAL_Driver/Src/stm32f1xx_hal_tim_ex.o
 .ARM.attributes
                0x0000000000000533       0x33 Drivers/STM32F1xx_HAL_Driver/Src/stm32f1xx_hal_uart.o
 .ARM.attributes
                0x0000000000000566       0x2d d:/software/stm32cubeide_1.1.0/stm32cubeide/plugins/com.st.stm32cube.ide.mcu.externaltools.gnu-tools-for-stm32.7-2018-q2-update.win32_1.0.0.201904181610/tools/bin/../lib/gcc/arm-none-eabi/7.3.1/../../../../arm-none-eabi/lib/thumb/v7-m\libc_nano.a(lib_a-errno.o)
 .ARM.attributes
                0x0000000000000593       0x2d d:/software/stm32cubeide_1.1.0/stm32cubeide/plugins/com.st.stm32cube.ide.mcu.externaltools.gnu-tools-for-stm32.7-2018-q2-update.win32_1.0.0.201904181610/tools/bin/../lib/gcc/arm-none-eabi/7.3.1/../../../../arm-none-eabi/lib/thumb/v7-m\libc_nano.a(lib_a-impure.o)
 .ARM.attributes
                0x00000000000005c0       0x2d d:/software/stm32cubeide_1.1.0/stm32cubeide/plugins/com.st.stm32cube.ide.mcu.externaltools.gnu-tools-for-stm32.7-2018-q2-update.win32_1.0.0.201904181610/tools/bin/../lib/gcc/arm-none-eabi/7.3.1/../../../../arm-none-eabi/lib/thumb/v7-m\libc_nano.a(lib_a-init.o)
 .ARM.attributes
                0x00000000000005ed       0x2d d:/software/stm32cubeide_1.1.0/stm32cubeide/plugins/com.st.stm32cube.ide.mcu.externaltools.gnu-tools-for-stm32.7-2018-q2-update.win32_1.0.0.201904181610/tools/bin/../lib/gcc/arm-none-eabi/7.3.1/../../../../arm-none-eabi/lib/thumb/v7-m\libc_nano.a(lib_a-memset.o)
 .ARM.attributes
                0x000000000000061a       0x2d d:/software/stm32cubeide_1.1.0/stm32cubeide/plugins/com.st.stm32cube.ide.mcu.externaltools.gnu-tools-for-stm32.7-2018-q2-update.win32_1.0.0.201904181610/tools/bin/../lib/gcc/arm-none-eabi/7.3.1/../../../../arm-none-eabi/lib/thumb/v7-m\libc_nano.a(lib_a-printf.o)
 .ARM.attributes
                0x0000000000000647       0x2d d:/software/stm32cubeide_1.1.0/stm32cubeide/plugins/com.st.stm32cube.ide.mcu.externaltools.gnu-tools-for-stm32.7-2018-q2-update.win32_1.0.0.201904181610/tools/bin/../lib/gcc/arm-none-eabi/7.3.1/../../../../arm-none-eabi/lib/thumb/v7-m\libc_nano.a(lib_a-rand.o)
 .ARM.attributes
                0x0000000000000674       0x2d d:/software/stm32cubeide_1.1.0/stm32cubeide/plugins/com.st.stm32cube.ide.mcu.externaltools.gnu-tools-for-stm32.7-2018-q2-update.win32_1.0.0.201904181610/tools/bin/../lib/gcc/arm-none-eabi/7.3.1/../../../../arm-none-eabi/lib/thumb/v7-m\libc_nano.a(lib_a-sprintf.o)
 .ARM.attributes
                0x00000000000006a1       0x17 d:/software/stm32cubeide_1.1.0/stm32cubeide/plugins/com.st.stm32cube.ide.mcu.externaltools.gnu-tools-for-stm32.7-2018-q2-update.win32_1.0.0.201904181610/tools/bin/../lib/gcc/arm-none-eabi/7.3.1/../../../../arm-none-eabi/lib/thumb/v7-m\libc_nano.a(lib_a-strlen.o)
 .ARM.attributes
                0x00000000000006b8       0x2d d:/software/stm32cubeide_1.1.0/stm32cubeide/plugins/com.st.stm32cube.ide.mcu.externaltools.gnu-tools-for-stm32.7-2018-q2-update.win32_1.0.0.201904181610/tools/bin/../lib/gcc/arm-none-eabi/7.3.1/../../../../arm-none-eabi/lib/thumb/v7-m\libc_nano.a(lib_a-findfp.o)
 .ARM.attributes
                0x00000000000006e5       0x2d d:/software/stm32cubeide_1.1.0/stm32cubeide/plugins/com.st.stm32cube.ide.mcu.externaltools.gnu-tools-for-stm32.7-2018-q2-update.win32_1.0.0.201904181610/tools/bin/../lib/gcc/arm-none-eabi/7.3.1/../../../../arm-none-eabi/lib/thumb/v7-m\libc_nano.a(lib_a-fwalk.o)
 .ARM.attributes
                0x0000000000000712       0x2d d:/software/stm32cubeide_1.1.0/stm32cubeide/plugins/com.st.stm32cube.ide.mcu.externaltools.gnu-tools-for-stm32.7-2018-q2-update.win32_1.0.0.201904181610/tools/bin/../lib/gcc/arm-none-eabi/7.3.1/../../../../arm-none-eabi/lib/thumb/v7-m\libc_nano.a(lib_a-malloc.o)
 .ARM.attributes
                0x000000000000073f       0x2d d:/software/stm32cubeide_1.1.0/stm32cubeide/plugins/com.st.stm32cube.ide.mcu.externaltools.gnu-tools-for-stm32.7-2018-q2-update.win32_1.0.0.201904181610/tools/bin/../lib/gcc/arm-none-eabi/7.3.1/../../../../arm-none-eabi/lib/thumb/v7-m\libc_nano.a(lib_a-nano-freer.o)
 .ARM.attributes
                0x000000000000076c       0x2d d:/software/stm32cubeide_1.1.0/stm32cubeide/plugins/com.st.stm32cube.ide.mcu.externaltools.gnu-tools-for-stm32.7-2018-q2-update.win32_1.0.0.201904181610/tools/bin/../lib/gcc/arm-none-eabi/7.3.1/../../../../arm-none-eabi/lib/thumb/v7-m\libc_nano.a(lib_a-nano-mallocr.o)
 .ARM.attributes
                0x0000000000000799       0x2d d:/software/stm32cubeide_1.1.0/stm32cubeide/plugins/com.st.stm32cube.ide.mcu.externaltools.gnu-tools-for-stm32.7-2018-q2-update.win32_1.0.0.201904181610/tools/bin/../lib/gcc/arm-none-eabi/7.3.1/../../../../arm-none-eabi/lib/thumb/v7-m\libc_nano.a(lib_a-nano-svfprintf.o)
 .ARM.attributes
                0x00000000000007c6       0x2d d:/software/stm32cubeide_1.1.0/stm32cubeide/plugins/com.st.stm32cube.ide.mcu.externaltools.gnu-tools-for-stm32.7-2018-q2-update.win32_1.0.0.201904181610/tools/bin/../lib/gcc/arm-none-eabi/7.3.1/../../../../arm-none-eabi/lib/thumb/v7-m\libc_nano.a(lib_a-nano-vfprintf.o)
 .ARM.attributes
                0x00000000000007f3       0x2d d:/software/stm32cubeide_1.1.0/stm32cubeide/plugins/com.st.stm32cube.ide.mcu.externaltools.gnu-tools-for-stm32.7-2018-q2-update.win32_1.0.0.201904181610/tools/bin/../lib/gcc/arm-none-eabi/7.3.1/../../../../arm-none-eabi/lib/thumb/v7-m\libc_nano.a(lib_a-nano-vfprintf_i.o)
 .ARM.attributes
                0x0000000000000820       0x2d d:/software/stm32cubeide_1.1.0/stm32cubeide/plugins/com.st.stm32cube.ide.mcu.externaltools.gnu-tools-for-stm32.7-2018-q2-update.win32_1.0.0.201904181610/tools/bin/../lib/gcc/arm-none-eabi/7.3.1/../../../../arm-none-eabi/lib/thumb/v7-m\libc_nano.a(lib_a-sbrkr.o)
 .ARM.attributes
                0x000000000000084d       0x2d d:/software/stm32cubeide_1.1.0/stm32cubeide/plugins/com.st.stm32cube.ide.mcu.externaltools.gnu-tools-for-stm32.7-2018-q2-update.win32_1.0.0.201904181610/tools/bin/../lib/gcc/arm-none-eabi/7.3.1/../../../../arm-none-eabi/lib/thumb/v7-m\libc_nano.a(lib_a-stdio.o)
 .ARM.attributes
                0x000000000000087a       0x2d d:/software/stm32cubeide_1.1.0/stm32cubeide/plugins/com.st.stm32cube.ide.mcu.externaltools.gnu-tools-for-stm32.7-2018-q2-update.win32_1.0.0.201904181610/tools/bin/../lib/gcc/arm-none-eabi/7.3.1/../../../../arm-none-eabi/lib/thumb/v7-m\libc_nano.a(lib_a-wbuf.o)
 .ARM.attributes
                0x00000000000008a7       0x2d d:/software/stm32cubeide_1.1.0/stm32cubeide/plugins/com.st.stm32cube.ide.mcu.externaltools.gnu-tools-for-stm32.7-2018-q2-update.win32_1.0.0.201904181610/tools/bin/../lib/gcc/arm-none-eabi/7.3.1/../../../../arm-none-eabi/lib/thumb/v7-m\libc_nano.a(lib_a-writer.o)
 .ARM.attributes
                0x00000000000008d4       0x2d d:/software/stm32cubeide_1.1.0/stm32cubeide/plugins/com.st.stm32cube.ide.mcu.externaltools.gnu-tools-for-stm32.7-2018-q2-update.win32_1.0.0.201904181610/tools/bin/../lib/gcc/arm-none-eabi/7.3.1/../../../../arm-none-eabi/lib/thumb/v7-m\libc_nano.a(lib_a-wsetup.o)
 .ARM.attributes
                0x0000000000000901       0x2d d:/software/stm32cubeide_1.1.0/stm32cubeide/plugins/com.st.stm32cube.ide.mcu.externaltools.gnu-tools-for-stm32.7-2018-q2-update.win32_1.0.0.201904181610/tools/bin/../lib/gcc/arm-none-eabi/7.3.1/../../../../arm-none-eabi/lib/thumb/v7-m\libc_nano.a(lib_a-closer.o)
 .ARM.attributes
                0x000000000000092e       0x2d d:/software/stm32cubeide_1.1.0/stm32cubeide/plugins/com.st.stm32cube.ide.mcu.externaltools.gnu-tools-for-stm32.7-2018-q2-update.win32_1.0.0.201904181610/tools/bin/../lib/gcc/arm-none-eabi/7.3.1/../../../../arm-none-eabi/lib/thumb/v7-m\libc_nano.a(lib_a-fflush.o)
 .ARM.attributes
                0x000000000000095b       0x2d d:/software/stm32cubeide_1.1.0/stm32cubeide/plugins/com.st.stm32cube.ide.mcu.externaltools.gnu-tools-for-stm32.7-2018-q2-update.win32_1.0.0.201904181610/tools/bin/../lib/gcc/arm-none-eabi/7.3.1/../../../../arm-none-eabi/lib/thumb/v7-m\libc_nano.a(lib_a-lseekr.o)
 .ARM.attributes
                0x0000000000000988       0x2d d:/software/stm32cubeide_1.1.0/stm32cubeide/plugins/com.st.stm32cube.ide.mcu.externaltools.gnu-tools-for-stm32.7-2018-q2-update.win32_1.0.0.201904181610/tools/bin/../lib/gcc/arm-none-eabi/7.3.1/../../../../arm-none-eabi/lib/thumb/v7-m\libc_nano.a(lib_a-makebuf.o)
 .ARM.attributes
                0x00000000000009b5       0x2d d:/software/stm32cubeide_1.1.0/stm32cubeide/plugins/com.st.stm32cube.ide.mcu.externaltools.gnu-tools-for-stm32.7-2018-q2-update.win32_1.0.0.201904181610/tools/bin/../lib/gcc/arm-none-eabi/7.3.1/../../../../arm-none-eabi/lib/thumb/v7-m\libc_nano.a(lib_a-memchr-stub.o)
 .ARM.attributes
                0x00000000000009e2       0x2d d:/software/stm32cubeide_1.1.0/stm32cubeide/plugins/com.st.stm32cube.ide.mcu.externaltools.gnu-tools-for-stm32.7-2018-q2-update.win32_1.0.0.201904181610/tools/bin/../lib/gcc/arm-none-eabi/7.3.1/../../../../arm-none-eabi/lib/thumb/v7-m\libc_nano.a(lib_a-memcpy-stub.o)
 .ARM.attributes
                0x0000000000000a0f       0x2d d:/software/stm32cubeide_1.1.0/stm32cubeide/plugins/com.st.stm32cube.ide.mcu.externaltools.gnu-tools-for-stm32.7-2018-q2-update.win32_1.0.0.201904181610/tools/bin/../lib/gcc/arm-none-eabi/7.3.1/../../../../arm-none-eabi/lib/thumb/v7-m\libc_nano.a(lib_a-memmove.o)
 .ARM.attributes
                0x0000000000000a3c       0x2d d:/software/stm32cubeide_1.1.0/stm32cubeide/plugins/com.st.stm32cube.ide.mcu.externaltools.gnu-tools-for-stm32.7-2018-q2-update.win32_1.0.0.201904181610/tools/bin/../lib/gcc/arm-none-eabi/7.3.1/../../../../arm-none-eabi/lib/thumb/v7-m\libc_nano.a(lib_a-mlock.o)
 .ARM.attributes
                0x0000000000000a69       0x2d d:/software/stm32cubeide_1.1.0/stm32cubeide/plugins/com.st.stm32cube.ide.mcu.externaltools.gnu-tools-for-stm32.7-2018-q2-update.win32_1.0.0.201904181610/tools/bin/../lib/gcc/arm-none-eabi/7.3.1/../../../../arm-none-eabi/lib/thumb/v7-m\libc_nano.a(lib_a-nano-reallocr.o)
 .ARM.attributes
                0x0000000000000a96       0x2d d:/software/stm32cubeide_1.1.0/stm32cubeide/plugins/com.st.stm32cube.ide.mcu.externaltools.gnu-tools-for-stm32.7-2018-q2-update.win32_1.0.0.201904181610/tools/bin/../lib/gcc/arm-none-eabi/7.3.1/../../../../arm-none-eabi/lib/thumb/v7-m\libc_nano.a(lib_a-readr.o)
 .ARM.attributes
                0x0000000000000ac3       0x2d d:/software/stm32cubeide_1.1.0/stm32cubeide/plugins/com.st.stm32cube.ide.mcu.externaltools.gnu-tools-for-stm32.7-2018-q2-update.win32_1.0.0.201904181610/tools/bin/../lib/gcc/arm-none-eabi/7.3.1/../../../../arm-none-eabi/lib/thumb/v7-m\libc_nano.a(lib_a-reent.o)
 .ARM.attributes
                0x0000000000000af0       0x2d d:/software/stm32cubeide_1.1.0/stm32cubeide/plugins/com.st.stm32cube.ide.mcu.externaltools.gnu-tools-for-stm32.7-2018-q2-update.win32_1.0.0.201904181610/tools/bin/../lib/gcc/arm-none-eabi/7.3.1/../../../../arm-none-eabi/lib/thumb/v7-m\libc_nano.a(lib_a-fstatr.o)
 .ARM.attributes
                0x0000000000000b1d       0x2d d:/software/stm32cubeide_1.1.0/stm32cubeide/plugins/com.st.stm32cube.ide.mcu.externaltools.gnu-tools-for-stm32.7-2018-q2-update.win32_1.0.0.201904181610/tools/bin/../lib/gcc/arm-none-eabi/7.3.1/../../../../arm-none-eabi/lib/thumb/v7-m\libc_nano.a(lib_a-isattyr.o)
 .ARM.attributes
                0x0000000000000b4a       0x2d d:/software/stm32cubeide_1.1.0/stm32cubeide/plugins/com.st.stm32cube.ide.mcu.externaltools.gnu-tools-for-stm32.7-2018-q2-update.win32_1.0.0.201904181610/tools/bin/../lib/gcc/arm-none-eabi/7.3.1/../../../../arm-none-eabi/lib/thumb/v7-m\libc_nano.a(lib_a-nano-msizer.o)
 .ARM.attributes
                0x0000000000000b77       0x1d d:/software/stm32cubeide_1.1.0/stm32cubeide/plugins/com.st.stm32cube.ide.mcu.externaltools.gnu-tools-for-stm32.7-2018-q2-update.win32_1.0.0.201904181610/tools/bin/../lib/gcc/arm-none-eabi/7.3.1/thumb/v7-m\libgcc.a(_arm_addsubdf3.o)
 .ARM.attributes
                0x0000000000000b94       0x1d d:/software/stm32cubeide_1.1.0/stm32cubeide/plugins/com.st.stm32cube.ide.mcu.externaltools.gnu-tools-for-stm32.7-2018-q2-update.win32_1.0.0.201904181610/tools/bin/../lib/gcc/arm-none-eabi/7.3.1/thumb/v7-m\libgcc.a(_arm_muldivdf3.o)
 .ARM.attributes
                0x0000000000000bb1       0x1d d:/software/stm32cubeide_1.1.0/stm32cubeide/plugins/com.st.stm32cube.ide.mcu.externaltools.gnu-tools-for-stm32.7-2018-q2-update.win32_1.0.0.201904181610/tools/bin/../lib/gcc/arm-none-eabi/7.3.1/thumb/v7-m\libgcc.a(_arm_fixunsdfsi.o)
 .ARM.attributes
                0x0000000000000bce       0x1d d:/software/stm32cubeide_1.1.0/stm32cubeide/plugins/com.st.stm32cube.ide.mcu.externaltools.gnu-tools-for-stm32.7-2018-q2-update.win32_1.0.0.201904181610/tools/bin/../lib/gcc/arm-none-eabi/7.3.1/thumb/v7-m/crtn.o
OUTPUT(Tetris.elf elf32-littlearm)

.debug_info     0x0000000000000000    0x11e74
 .debug_info    0x0000000000000000      0x430 Core/Src/button.o
 .debug_info    0x0000000000000430      0xcec Core/Src/game.o
 .debug_info    0x000000000000111c      0x4fe Core/Src/gpio.o
 .debug_info    0x000000000000161a      0x3e5 Core/Src/grid.o
 .debug_info    0x00000000000019ff     0x164e Core/Src/lcd.o
 .debug_info    0x000000000000304d     0x14e7 Core/Src/main.o
 .debug_info    0x0000000000004534      0x226 Core/Src/parameter.o
 .debug_info    0x000000000000475a      0xbca Core/Src/scene.o
 .debug_info    0x0000000000005324      0x2cb Core/Src/stm32f1xx_hal_msp.o
 .debug_info    0x00000000000055ef      0x947 Core/Src/stm32f1xx_it.o
 .debug_info    0x0000000000005f36      0xebd Core/Src/syscalls.o
 .debug_info    0x0000000000006df3      0x91c Core/Src/sysmem.o
 .debug_info    0x000000000000770f      0x433 Core/Src/system_stm32f1xx.o
 .debug_info    0x0000000000007b42      0xd38 Core/Src/tetromino.o
 .debug_info    0x000000000000887a      0x968 Core/Src/tim.o
 .debug_info    0x00000000000091e2     0x12a4 Core/Src/ui.o
 .debug_info    0x000000000000a486      0x954 Core/Src/usart.o
 .debug_info    0x000000000000adda       0x22 Core/Startup/startup_stm32f103rctx.o
 .debug_info    0x000000000000adfc      0x764 Drivers/STM32F1xx_HAL_Driver/Src/stm32f1xx_hal.o
 .debug_info    0x000000000000b560      0xbac Drivers/STM32F1xx_HAL_Driver/Src/stm32f1xx_hal_cortex.o
 .debug_info    0x000000000000c10c      0x7a6 Drivers/STM32F1xx_HAL_Driver/Src/stm32f1xx_hal_dma.o
 .debug_info    0x000000000000c8b2      0x681 Drivers/STM32F1xx_HAL_Driver/Src/stm32f1xx_hal_gpio.o
 .debug_info    0x000000000000cf33      0x804 Drivers/STM32F1xx_HAL_Driver/Src/stm32f1xx_hal_rcc.o
 .debug_info    0x000000000000d737     0x2456 Drivers/STM32F1xx_HAL_Driver/Src/stm32f1xx_hal_tim.o
 .debug_info    0x000000000000fb8d     0x1104 Drivers/STM32F1xx_HAL_Driver/Src/stm32f1xx_hal_tim_ex.o
 .debug_info    0x0000000000010c91     0x11e3 Drivers/STM32F1xx_HAL_Driver/Src/stm32f1xx_hal_uart.o

.debug_abbrev   0x0000000000000000     0x2f1b
 .debug_abbrev  0x0000000000000000      0x17c Core/Src/button.o
 .debug_abbrev  0x000000000000017c      0x224 Core/Src/game.o
 .debug_abbrev  0x00000000000003a0      0x13d Core/Src/gpio.o
 .debug_abbrev  0x00000000000004dd      0x140 Core/Src/grid.o
 .debug_abbrev  0x000000000000061d      0x30f Core/Src/lcd.o
 .debug_abbrev  0x000000000000092c      0x228 Core/Src/main.o
 .debug_abbrev  0x0000000000000b54       0xfe Core/Src/parameter.o
 .debug_abbrev  0x0000000000000c52      0x1ce Core/Src/scene.o
 .debug_abbrev  0x0000000000000e20      0x109 Core/Src/stm32f1xx_hal_msp.o
 .debug_abbrev  0x0000000000000f29      0x1c6 Core/Src/stm32f1xx_it.o
 .debug_abbrev  0x00000000000010ef      0x261 Core/Src/syscalls.o
 .debug_abbrev  0x0000000000001350      0x1bb Core/Src/sysmem.o
 .debug_abbrev  0x000000000000150b      0x134 Core/Src/system_stm32f1xx.o
 .debug_abbrev  0x000000000000163f      0x212 Core/Src/tetromino.o
 .debug_abbrev  0x0000000000001851      0x199 Core/Src/tim.o
 .debug_abbrev  0x00000000000019ea      0x23f Core/Src/ui.o
 .debug_abbrev  0x0000000000001c29      0x1a2 Core/Src/usart.o
 .debug_abbrev  0x0000000000001dcb       0x12 Core/Startup/startup_stm32f103rctx.o
 .debug_abbrev  0x0000000000001ddd      0x1d8 Drivers/STM32F1xx_HAL_Driver/Src/stm32f1xx_hal.o
 .debug_abbrev  0x0000000000001fb5      0x2d5 Drivers/STM32F1xx_HAL_Driver/Src/stm32f1xx_hal_cortex.o
 .debug_abbrev  0x000000000000228a      0x1fe Drivers/STM32F1xx_HAL_Driver/Src/stm32f1xx_hal_dma.o
 .debug_abbrev  0x0000000000002488      0x1c0 Drivers/STM32F1xx_HAL_Driver/Src/stm32f1xx_hal_gpio.o
 .debug_abbrev  0x0000000000002648      0x243 Drivers/STM32F1xx_HAL_Driver/Src/stm32f1xx_hal_rcc.o
 .debug_abbrev  0x000000000000288b      0x230 Drivers/STM32F1xx_HAL_Driver/Src/stm32f1xx_hal_tim.o
 .debug_abbrev  0x0000000000002abb      0x21e Drivers/STM32F1xx_HAL_Driver/Src/stm32f1xx_hal_tim_ex.o
 .debug_abbrev  0x0000000000002cd9      0x242 Drivers/STM32F1xx_HAL_Driver/Src/stm32f1xx_hal_uart.o

.debug_aranges  0x0000000000000000      0xf98
 .debug_aranges
                0x0000000000000000       0x28 Core/Src/button.o
 .debug_aranges
                0x0000000000000028       0x58 Core/Src/game.o
 .debug_aranges
                0x0000000000000080       0x20 Core/Src/gpio.o
 .debug_aranges
                0x00000000000000a0       0x40 Core/Src/grid.o
 .debug_aranges
                0x00000000000000e0      0x118 Core/Src/lcd.o
 .debug_aranges
                0x00000000000001f8       0x30 Core/Src/main.o
 .debug_aranges
                0x0000000000000228       0x20 Core/Src/parameter.o
 .debug_aranges
                0x0000000000000248       0x48 Core/Src/scene.o
 .debug_aranges
                0x0000000000000290       0x20 Core/Src/stm32f1xx_hal_msp.o
 .debug_aranges
                0x00000000000002b0       0x98 Core/Src/stm32f1xx_it.o
 .debug_aranges
                0x0000000000000348       0xa8 Core/Src/syscalls.o
 .debug_aranges
                0x00000000000003f0       0x20 Core/Src/sysmem.o
 .debug_aranges
                0x0000000000000410       0x28 Core/Src/system_stm32f1xx.o
 .debug_aranges
                0x0000000000000438       0x50 Core/Src/tetromino.o
 .debug_aranges
                0x0000000000000488       0x30 Core/Src/tim.o
 .debug_aranges
                0x00000000000004b8       0x78 Core/Src/ui.o
 .debug_aranges
                0x0000000000000530       0x30 Core/Src/usart.o
 .debug_aranges
                0x0000000000000560       0x28 Core/Startup/startup_stm32f103rctx.o
 .debug_aranges
                0x0000000000000588       0xe0 Drivers/STM32F1xx_HAL_Driver/Src/stm32f1xx_hal.o
 .debug_aranges
                0x0000000000000668      0x100 Drivers/STM32F1xx_HAL_Driver/Src/stm32f1xx_hal_cortex.o
 .debug_aranges
                0x0000000000000768       0x80 Drivers/STM32F1xx_HAL_Driver/Src/stm32f1xx_hal_dma.o
 .debug_aranges
                0x00000000000007e8       0x58 Drivers/STM32F1xx_HAL_Driver/Src/stm32f1xx_hal_gpio.o
 .debug_aranges
                0x0000000000000840       0x90 Drivers/STM32F1xx_HAL_Driver/Src/stm32f1xx_hal_rcc.o
 .debug_aranges
                0x00000000000008d0      0x3a8 Drivers/STM32F1xx_HAL_Driver/Src/stm32f1xx_hal_tim.o
 .debug_aranges
                0x0000000000000c78      0x150 Drivers/STM32F1xx_HAL_Driver/Src/stm32f1xx_hal_tim_ex.o
 .debug_aranges
                0x0000000000000dc8      0x1d0 Drivers/STM32F1xx_HAL_Driver/Src/stm32f1xx_hal_uart.o

.debug_ranges   0x0000000000000000      0xe18
 .debug_ranges  0x0000000000000000       0x18 Core/Src/button.o
 .debug_ranges  0x0000000000000018       0x60 Core/Src/game.o
 .debug_ranges  0x0000000000000078       0x10 Core/Src/gpio.o
 .debug_ranges  0x0000000000000088       0x30 Core/Src/grid.o
 .debug_ranges  0x00000000000000b8      0x108 Core/Src/lcd.o
 .debug_ranges  0x00000000000001c0       0x20 Core/Src/main.o
 .debug_ranges  0x00000000000001e0       0x10 Core/Src/parameter.o
 .debug_ranges  0x00000000000001f0       0x38 Core/Src/scene.o
 .debug_ranges  0x0000000000000228       0x10 Core/Src/stm32f1xx_hal_msp.o
 .debug_ranges  0x0000000000000238       0x88 Core/Src/stm32f1xx_it.o
 .debug_ranges  0x00000000000002c0       0x98 Core/Src/syscalls.o
 .debug_ranges  0x0000000000000358       0x10 Core/Src/sysmem.o
 .debug_ranges  0x0000000000000368       0x18 Core/Src/system_stm32f1xx.o
 .debug_ranges  0x0000000000000380       0x40 Core/Src/tetromino.o
 .debug_ranges  0x00000000000003c0       0x20 Core/Src/tim.o
 .debug_ranges  0x00000000000003e0       0x68 Core/Src/ui.o
 .debug_ranges  0x0000000000000448       0x20 Core/Src/usart.o
 .debug_ranges  0x0000000000000468       0x20 Core/Startup/startup_stm32f103rctx.o
 .debug_ranges  0x0000000000000488       0xd0 Drivers/STM32F1xx_HAL_Driver/Src/stm32f1xx_hal.o
 .debug_ranges  0x0000000000000558       0xf0 Drivers/STM32F1xx_HAL_Driver/Src/stm32f1xx_hal_cortex.o
 .debug_ranges  0x0000000000000648       0x70 Drivers/STM32F1xx_HAL_Driver/Src/stm32f1xx_hal_dma.o
 .debug_ranges  0x00000000000006b8       0x48 Drivers/STM32F1xx_HAL_Driver/Src/stm32f1xx_hal_gpio.o
 .debug_ranges  0x0000000000000700       0x80 Drivers/STM32F1xx_HAL_Driver/Src/stm32f1xx_hal_rcc.o
 .debug_ranges  0x0000000000000780      0x398 Drivers/STM32F1xx_HAL_Driver/Src/stm32f1xx_hal_tim.o
 .debug_ranges  0x0000000000000b18      0x140 Drivers/STM32F1xx_HAL_Driver/Src/stm32f1xx_hal_tim_ex.o