Archive member included to satisfy reference by file (symbol)

d:/software/stm32cubeide_1.1.0/stm32cubeide/plugins/com.st.stm32cube.ide.mcu.externaltools.gnu-tools-for-stm32.7-2018-q2-update.win32_1.0.0.201904181610/tools/bin/../lib/gcc/arm-none-eabi/7.3.1/../../../../arm-none-eabi/lib/thumb/v7-m\libc_nano.a(lib_a-errno.o)
                              Core/Src/syscalls.o (__errno)
d:/software/stm32cubeide_1.1.0/stm32cubeide/plugins/com.st.stm32cube.ide.mcu.externaltools.gnu-tools-for-stm32.7-2018-q2-update.win32_1.0.0.201904181610/tools/bin/../lib/gcc/arm-none-eabi/7.3.1/../../../../arm-none-eabi/lib/thumb/v7-m\libc_nano.a(lib_a-exit.o)
                              d:/software/stm32cubeide_1.1.0/stm32cubeide/plugins/com.st.stm32cube.ide.mcu.externaltools.gnu-tools-for-stm32.7-2018-q2-update.win32_1.0.0.201904181610/tools/bin/../lib/gcc/arm-none-eabi/7.3.1/../../../../arm-none-eabi/lib/thumb/v7-m/crt0.o (exit)
d:/software/stm32cubeide_1.1.0/stm32cubeide/plugins/com.st.stm32cube.ide.mcu.externaltools.gnu-tools-for-stm32.7-2018-q2-update.win32_1.0.0.201904181610/tools/bin/../lib/gcc/arm-none-eabi/7.3.1/../../../../arm-none-eabi/lib/thumb/v7-m\libc_nano.a(lib_a-impure.o)
                              d:/software/stm32cubeide_1.1.0/stm32cubeide/plugins/com.st.stm32cube.ide.mcu.externaltools.gnu-tools-for-stm32.7-2018-q2-update.win32_1.0.0.201904181610/tools/bin/../lib/gcc/arm-none-eabi/7.3.1/../../../../arm-none-eabi/lib/thumb/v7-m\libc_nano.a(lib_a-exit.o) (_global_impure_ptr)
d:/software/stm32cubeide_1.1.0/stm32cubeide/plugins/com.st.stm32cube.ide.mcu.externaltools.gnu-tools-for-stm32.7-2018-q2-update.win32_1.0.0.201904181610/tools/bin/../lib/gcc/arm-none-eabi/7.3.1/../../../../arm-none-eabi/lib/thumb/v7-m\libc_nano.a(lib_a-init.o)
                              d:/software/stm32cubeide_1.1.0/stm32cubeide/plugins/com.st.stm32cube.ide.mcu.externaltools.gnu-tools-for-stm32.7-2018-q2-update.win32_1.0.0.201904181610/tools/bin/../lib/gcc/arm-none-eabi/7.3.1/../../../../arm-none-eabi/lib/thumb/v7-m/crt0.o (__libc_init_array)
d:/software/stm32cubeide_1.1.0/stm32cubeide/plugins/com.st.stm32cube.ide.mcu.externaltools.gnu-tools-for-stm32.7-2018-q2-update.win32_1.0.0.201904181610/tools/bin/../lib/gcc/arm-none-eabi/7.3.1/../../../../arm-none-eabi/lib/thumb/v7-m\libc_nano.a(lib_a-memset.o)
                              d:/software/stm32cubeide_1.1.0/stm32cubeide/plugins/com.st.stm32cube.ide.mcu.externaltools.gnu-tools-for-stm32.7-2018-q2-update.win32_1.0.0.201904181610/tools/bin/../lib/gcc/arm-none-eabi/7.3.1/../../../../arm-none-eabi/lib/thumb/v7-m/crt0.o (memset)
d:/software/stm32cubeide_1.1.0/stm32cubeide/plugins/com.st.stm32cube.ide.mcu.externaltools.gnu-tools-for-stm32.7-2018-q2-update.win32_1.0.0.201904181610/tools/bin/../lib/gcc/arm-none-eabi/7.3.1/../../../../arm-none-eabi/lib/thumb/v7-m\libc_nano.a(lib_a-printf.o)
                              Core/Src/ui.o (printf)
d:/software/stm32cubeide_1.1.0/stm32cubeide/plugins/com.st.stm32cube.ide.mcu.externaltools.gnu-tools-for-stm32.7-2018-q2-update.win32_1.0.0.201904181610/tools/bin/../lib/gcc/arm-none-eabi/7.3.1/../../../../arm-none-eabi/lib/thumb/v7-m\libc_nano.a(lib_a-rand.o)
                              Core/Src/tetromino.o (srand)
d:/software/stm32cubeide_1.1.0/stm32cubeide/plugins/com.st.stm32cube.ide.mcu.externaltools.gnu-tools-for-stm32.7-2018-q2-update.win32_1.0.0.201904181610/tools/bin/../lib/gcc/arm-none-eabi/7.3.1/../../../../arm-none-eabi/lib/thumb/v7-m\libc_nano.a(lib_a-sprintf.o)
                              Core/Src/ui.o (sprintf)
d:/software/stm32cubeide_1.1.0/stm32cubeide/plugins/com.st.stm32cube.ide.mcu.externaltools.gnu-tools-for-stm32.7-2018-q2-update.win32_1.0.0.201904181610/tools/bin/../lib/gcc/arm-none-eabi/7.3.1/../../../../arm-none-eabi/lib/thumb/v7-m\libc_nano.a(lib_a-findfp.o)
                              d:/software/stm32cubeide_1.1.0/stm32cubeide/plugins/com.st.stm32cube.ide.mcu.externaltools.gnu-tools-for-stm32.7-2018-q2-update.win32_1.0.0.201904181610/tools/bin/../lib/gcc/arm-none-eabi/7.3.1/../../../../arm-none-eabi/lib/thumb/v7-m\libc_nano.a(lib_a-printf.o) (__sinit)
d:/software/stm32cubeide_1.1.0/stm32cubeide/plugins/com.st.stm32cube.ide.mcu.externaltools.gnu-tools-for-stm32.7-2018-q2-update.win32_1.0.0.201904181610/tools/bin/../lib/gcc/arm-none-eabi/7.3.1/../../../../arm-none-eabi/lib/thumb/v7-m\libc_nano.a(lib_a-fwalk.o)
                              d:/software/stm32cubeide_1.1.0/stm32cubeide/plugins/com.st.stm32cube.ide.mcu.externaltools.gnu-tools-for-stm32.7-2018-q2-update.win32_1.0.0.201904181610/tools/bin/../lib/gcc/arm-none-eabi/7.3.1/../../../../arm-none-eabi/lib/thumb/v7-m\libc_nano.a(lib_a-findfp.o) (_fwalk)
d:/software/stm32cubeide_1.1.0/stm32cubeide/plugins/com.st.stm32cube.ide.mcu.externaltools.gnu-tools-for-stm32.7-2018-q2-update.win32_1.0.0.201904181610/tools/bin/../lib/gcc/arm-none-eabi/7.3.1/../../../../arm-none-eabi/lib/thumb/v7-m\libc_nano.a(lib_a-malloc.o)
[...]
Memory Configuration

Name             Origin             Length             Attributes
RAM              0x0000000020000000 0x000000000000c000 xrw
FLASH            0x0000000008000000 0x0000000000040000 xr
*default*        0x0000000000000000 0xffffffffffffffff

Linker script and memory map

LOAD d:/software/stm32cubeide_1.1.0/stm32cubeide/plugins/com.st.stm32cube.ide.mcu.externaltools.gnu-tools-for-stm32.7-2018-q2-update.win32_1.0.0.201904181610/tools/bin/../lib/gcc/arm-none-eabi/7.3.1/thumb/v7-m/crti.o
LOAD d:/software/stm32cubeide_1.1.0/stm32cubeide/plugins/com.st.stm32cube.ide.mcu.externaltools.gnu-tools-for-stm32.7-2018-q2-update.win32_1.0.0.201904181610/tools/bin/../lib/gcc/arm-none-eabi/7.3.1/thumb/v7-m/crtbegin.o
LOAD d:/software/stm32cubeide_1.1.0/stm32cubeide/plugins/com.st.stm32cube.ide.mcu.externaltools.gnu-tools-for-stm32.7-2018-q2-update.win32_1.0.0.201904181610/tools/bin/../lib/gcc/arm-none-eabi/7.3.1/../../../../arm-none-eabi/lib/thumb/v7-m/crt0.o
LOAD Core/Src/button.o
LOAD Core/Src/game.o
LOAD Core/Src/gpio.o
LOAD Core/Src/grid.o
LOAD Core/Src/key.o
LOAD Core/Src/lcd.o
LOAD Core/Src/main.o
LOAD Core/Src/millis.o
LOAD Core/Src/parameter.o
LOAD Core/Src/scene.o
LOAD Core/Src/stm32f1xx_hal_msp.o
LOAD Core/Src/stm32f1xx_it.o
LOAD Core/Src/sys.o
LOAD Core/Src/syscalls.o
LOAD Core/Src/sysmem.o
LOAD Core/Src/system_stm32f1xx.o
LOAD Core/Src/tetromino.o
LOAD Core/Src/ui.o
LOAD Core/Src/usart.o
LOAD Core/Startup/startup_stm32f103rctx.o
LOAD Drivers/STM32F1xx_HAL_Driver/Src/stm32f1xx_hal.o
LOAD Drivers/STM32F1xx_HAL_Driver/Src/stm32f1xx_hal_cortex.o
LOAD Drivers/STM32F1xx_HAL_Driver/Src/stm32f1xx_hal_dma.o
LOAD Drivers/STM32F1xx_HAL_Driver/Src/stm32f1xx_hal_exti.o
LOAD Drivers/STM32F1xx_HAL_Driver/Src/stm32f1xx_hal_flash.o
LOAD Drivers/STM32F1xx_HAL_Driver/Src/stm32f1xx_hal_flash_ex.o
LOAD Drivers/STM32F1xx_HAL_Driver/Src/stm32f1xx_hal_gpio.o
LOAD Drivers/STM32F1xx_HAL_Driver/Src/stm32f1xx_hal_gpio_ex.o
LOAD Drivers/STM32F1xx_HAL_Driver/Src/stm32f1xx_hal_pwr.o
LOAD Drivers/STM32F1xx_HAL_Driver/Src/stm32f1xx_hal_rcc.o
LOAD Drivers/STM32F1xx_HAL_Driver/Src/stm32f1xx_hal_rcc_ex.o
LOAD Drivers/STM32F1xx_HAL_Driver/Src/stm32f1xx_hal_tim.o
LOAD Drivers/STM32F1xx_HAL_Driver/Src/stm32f1xx_hal_tim_ex.o
LOAD Drivers/STM32F1xx_HAL_Driver/Src/stm32f1xx_hal_uart.o
START GROUP
LOAD d:/software/stm32cubeide_1.1.0/stm32cubeide/plugins/com.st.stm32cube.ide.mcu.externaltools.gnu-tools-for-stm32.7-2018-q2-update.win32_1.0.0.201904181610/tools/bin/../lib/gcc/arm-none-eabi/7.3.1/../../../../arm-none-eabi/lib/thumb/v7-m\libc_nano.a
LOAD d:/software/stm32cubeide_1.1.0/stm32cubeide/plugins/com.st.stm32cube.ide.mcu.externaltools.gnu-tools-for-stm32.7-2018-q2-update.win32_1.0.0.201904181610/tools/bin/../lib/gcc/arm-none-eabi/7.3.1/../../../../arm-none-eabi/lib/thumb/v7-m\libm.a
END GROUP
START GROUP
LOAD d:/software/stm32cubeide_1.1.0/stm32cubeide/plugins/com.st.stm32cube.ide.mcu.externaltools.gnu-tools-for-stm32.7-2018-q2-update.win32_1.0.0.201904181610/tools/bin/../lib/gcc/arm-none-eabi/7.3.1/thumb/v7-m\libgcc.a
LOAD d:/software/stm32cubeide_1.1.0/stm32cubeide/plugins/com.st.stm32cube.ide.mcu.externaltools.gnu-tools-for-stm32.7-2018-q2-update.win32_1.0.0.201904181610/tools/bin/../lib/gcc/arm-none-eabi/7.3.1/../../../../arm-none-eabi/lib/thumb/v7-m\libc_nano.a
END GROUP
START GROUP
LOAD d:/software/stm32cubeide_1.1.0/stm32cubeide/plugins/com.st.stm32cube.ide.mcu.externaltools.gnu-tools-for-stm32.7-2018-q2-update.win32_1.0.0.201904181610/tools/bin/../lib/gcc/arm-none-eabi/7.3.1/thumb/v7-m\libgcc.a
LOAD d:/software/stm32cubeide_1.1.0/stm32cubeide/plugins/com.st.stm32cube.ide.mcu.externaltools.gnu-tools-for-stm32.7-2018-q2-update.win32_1.0.0.201904181610/tools/bin/../lib/gcc/arm-none-eabi/7.3.1/../../../../arm-none-eabi/lib/thumb/v7-m\libc_nano.a
LOAD d:/software/stm32cubeide_1.1.0/stm32cubeide/plugins/com.st.stm32cube.ide.mcu.externaltools.gnu-tools-for-stm32.7-2018-q2-update.win32_1.0.0.201904181610/tools/bin/../lib/gcc/arm-none-eabi/7.3.1/../../../../arm-none-eabi/lib/thumb/v7-m\libnosys.a
END GROUP
START GROUP
LOAD d:/software/stm32cubeide_1.1.0/stm32cubeide/plugins/com.st.stm32cube.ide.mcu.externaltools.gnu-tools-for-stm32.7-2018-q2-update.win32_1.0.0.201904181610/tools/bin/../lib/gcc/arm-none-eabi/7.3.1/thumb/v7-m\libgcc.a
LOAD d:/software/stm32cubeide_1.1.0/stm32cubeide/plugins/com.st.stm32cube.ide.mcu.externaltools.gnu-tools-for-stm32.7-2018-q2-update.win32_1.0.0.201904181610/tools/bin/../lib/gcc/arm-none-eabi/7.3.1/../../../../arm-none-eabi/lib/thumb/v7-m\libc_nano.a
LOAD d:/software/stm32cubeide_1.1.0/stm32cubeide/plugins/com.st.stm32cube.ide.mcu.externaltools.gnu-tools-for-stm32.7-2018-q2-update.win32_1.0.0.201904181610/tools/bin/../lib/gcc/arm-none-eabi/7.3.1/../../../../arm-none-eabi/lib/thumb/v7-m\libnosys.a
END GROUP
LOAD d:/software/stm32cubeide_1.1.0/stm32cubeide/plugins/com.st.stm32cube.ide.mcu.externaltools.gnu-tools-for-stm32.7-2018-q2-update.win32_1.0.0.201904181610/tools/bin/../lib/gcc/arm-none-eabi/7.3.1/thumb/v7-m/crtend.o
LOAD d:/software/stm32cubeide_1.1.0/stm32cubeide/plugins/com.st.stm32cube.ide.mcu.externaltools.gnu-tools-for-stm32.7-2018-q2-update.win32_1.0.0.201904181610/tools/bin/../lib/gcc/arm-none-eabi/7.3.1/thumb/v7-m/crtn.o
                0x000000002000c000                _estack = (ORIGIN (RAM) + LENGTH (RAM))
                0x0000000000000200                _Min_Heap_Size = 0x200
                0x0000000000000400                _Min_Stack_Size = 0x400

.isr_vector     0x0000000008000000      0x1e4
                0x0000000008000000                . = ALIGN (0x4)
 *(.isr_vector)
 .isr_vector    0x0000000008000000      0x1e4 Core/Startup/startup_stm32f103rctx.o
                0x0000000008000000                g_pfnVectors
                0x00000000080001e4                . = ALIGN (0x4)

.text           0x00000000080001e8     0xa20c
                0x00000000080001e8                . = ALIGN (0x4)
 *(.text)
 .text          0x00000000080001e8       0x40 d:/software/stm32cubeide_1.1.0/stm32cubeide/plugins/com.st.stm32cube.ide.mcu.externaltools.gnu-tools-for-stm32.7-2018-q2-update.win32_1.0.0.201904181610/tools/bin/../lib/gcc/arm-none-eabi/7.3.1/thumb/v7-m/crtbegin.o
 .text          0x0000000008000228      0x378 d:/software/stm32cubeide_1.1.0/stm32cubeide/plugins/com.st.stm32cube.ide.mcu.externaltools.gnu-tools-for-stm32.7-2018-q2-update.win32_1.0.0.201904181610/tools/bin/../lib/gcc/arm-none-eabi/7.3.1/thumb/v7-m\libgcc.a(_arm_addsubdf3.o)
                0x0000000008000228                __aeabi_drsub
                0x0000000008000230                __aeabi_dsub
                0x0000000008000230                __subdf3
                0x0000000008000234                __aeabi_dadd
                0x0000000008000234                __adddf3
                0x00000000080004ac                __floatunsidf
                0x00000000080004ac                __aeabi_ui2d
                0x00000000080004cc                __floatsidf
                0x00000000080004cc                __aeabi_i2d
                0x00000000080004f0                __aeabi_f2d
                0x00000000080004f0                __extendsfdf2
                0x0000000008000534                __floatundidf
                0x0000000008000534                __aeabi_ul2d
                0x0000000008000544                __floatdidf
                0x0000000008000544                __aeabi_l2d
 .text          0x00000000080005a0      0x424 d:/software/stm32cubeide_1.1.0/stm32cubeide/plugins/com.st.stm32cube.ide.mcu.externaltools.gnu-tools-for-stm32.7-2018-q2-update.win32_1.0.0.201904181610/tools/bin/../lib/gcc/arm-none-eabi/7.3.1/thumb/v7-m\libgcc.a(_arm_muldivdf3.o)
                0x00000000080005a0                __aeabi_dmul
                0x00000000080005a0                __muldf3
                0x00000000080007f4                __divdf3
                0x00000000080007f4                __aeabi_ddiv
 .text          0x00000000080009c4       0x40 d:/software/stm32cubeide_1.1.0/stm32cubeide/plugins/com.st.stm32cube.ide.mcu.externaltools.gnu-tools-for-stm32.7-2018-q2-update.win32_1.0.0.201904181610/tools/bin/../lib/gcc/arm-none-eabi/7.3.1/thumb/v7-m\libgcc.a(_arm_fixunsdfsi.o)
                0x00000000080009c4                __aeabi_d2uiz
                0x00000000080009c4                __fixunsdfsi
 *(.text*)
 .text.button_init
                0x0000000008000a04       0xb8 Core/Src/button.o
                0x0000000008000a04                button_init
 .text.tet_move_left
                0x0000000008000abc       0x34 Core/Src/game.o
                0x0000000008000abc                tet_move_left
 .text.tet_move_right
                0x0000000008000af0       0x34 Core/Src/game.o
                0x0000000008000af0                tet_move_right
 .text.tet_fall_speedup
                0x0000000008000b24       0x18 Core/Src/game.o
                0x0000000008000b24                tet_fall_speedup
 .text.tet_fall_normal
                0x0000000008000b3c       0x18 Core/Src/game.o
                0x0000000008000b3c                tet_fall_normal
 .text.tet_rotation
                0x0000000008000b54       0x3c Core/Src/game.o
                0x0000000008000b54                tet_rotation
 .text.game_fail_check
                0x0000000008000b90       0xb0 Core/Src/game.o
                0x0000000008000b90                game_fail_check
 .text.fall_down_task
                0x0000000008000c40       0xb8 Core/Src/game.o
                0x0000000008000c40                fall_down_task
 .text.game_reset
                0x0000000008000cf8       0x40 Core/Src/game.o
                0x0000000008000cf8                game_reset
 .text.MX_GPIO_Init
                0x0000000008000d38       0xc0 Core/Src/gpio.o
                0x0000000008000d38                MX_GPIO_Init
 .text.grid_scan
                0x0000000008000df8       0x84 Core/Src/grid.o
                0x0000000008000df8                grid_scan
 .text.clear_row
                0x0000000008000e7c       0x6c Core/Src/grid.o
                0x0000000008000e7c                clear_row
 .text.grid_init
                0x0000000008000ee8       0x50 Core/Src/grid.o
                0x0000000008000ee8                grid_init
 .text.sub_grid_init
                0x0000000008000f38       0x48 Core/Src/grid.o
                0x0000000008000f38                sub_grid_init
 .text.LCD_WR_REG
                0x0000000008000f80       0x48 Core/Src/lcd.o
                0x0000000008000f80                LCD_WR_REG
 .text.LCD_WR_DATAX
                0x0000000008000fc8       0x48 Core/Src/lcd.o
                0x0000000008000fc8                LCD_WR_DATAX
 .text.LCD_RD_DATA
                0x0000000008001010       0x88 Core/Src/lcd.o
                0x0000000008001010                LCD_RD_DATA
 .text.LCD_WriteReg
                0x0000000008001098       0x54 Core/Src/lcd.o
                0x0000000008001098                LCD_WriteReg
 .text.LCD_ReadReg
                0x00000000080010ec       0x20 Core/Src/lcd.o
                0x00000000080010ec                LCD_ReadReg
 .text.LCD_WriteRAM_Prepare
                0x000000000800110c       0x18 Core/Src/lcd.o
                0x000000000800110c                LCD_WriteRAM_Prepare
 .text.LCD_SetCursor
                0x0000000008001124      0x598 Core/Src/lcd.o
                0x0000000008001124                LCD_SetCursor
 .text.LCD_Scan_Dir
                0x00000000080016bc      0x624 Core/Src/lcd.o
                0x00000000080016bc                LCD_Scan_Dir
 .text.LCD_DrawPoint
                0x0000000008001ce0       0x60 Core/Src/lcd.o
                0x0000000008001ce0                LCD_DrawPoint
 .text.LCD_Fast_DrawPoint
                0x0000000008001d40      0x52c Core/Src/lcd.o
                0x0000000008001d40                LCD_Fast_DrawPoint
 *fill*         0x000000000800226c        0x4 
 .text.LCD_SSD_BackLightSet
                0x0000000008002270      0x148 Core/Src/lcd.o
                0x0000000008002270                LCD_SSD_BackLightSet
 .text.LCD_Display_Dir
                0x00000000080023b8      0x218 Core/Src/lcd.o
                0x00000000080023b8                LCD_Display_Dir
 .text.LCD_Init
                0x00000000080025d0     0x3e5c Core/Src/lcd.o
                0x00000000080025d0                LCD_Init
 .text.LCD_Clear
                0x000000000800642c       0xc4 Core/Src/lcd.o
                0x000000000800642c                LCD_Clear
 .text.LCD_Fill
                0x00000000080064f0      0x118 Core/Src/lcd.o
                0x00000000080064f0                LCD_Fill
 .text.LCD_DrawLine
                0x0000000008006608      0x106 Core/Src/lcd.o
                0x0000000008006608                LCD_DrawLine
 .text.LCD_DrawRectangle
                0x000000000800670e       0x56 Core/Src/lcd.o
                0x000000000800670e                LCD_DrawRectangle
 .text.LCD_ShowChar
                0x0000000008006764      0x15c Core/Src/lcd.o
                0x0000000008006764                LCD_ShowChar
 .text.LCD_ShowString
                0x00000000080068c0       0x9c Core/Src/lcd.o
                0x00000000080068c0                LCD_ShowString
 .text.main     0x000000000800695c       0x2e Core/Src/main.o
                0x000000000800695c                main
 .text.SystemClock_Config
                0x000000000800698a       0x8a Core/Src/main.o
                0x000000000800698a                SystemClock_Config
 .text.Error_Handler
                0x0000000008006a14        0xc Core/Src/main.o
                0x0000000008006a14                Error_Handler
 .text.add_rank
                0x0000000008006a20       0x84 Core/Src/parameter.o
                0x0000000008006a20                add_rank
 .text.game_scene
                0x0000000008006aa4       0x38 Core/Src/scene.o
                0x0000000008006aa4                game_scene
 .text.sw_game_scene
                0x0000000008006adc      0x118 Core/Src/scene.o
                0x0000000008006adc                sw_game_scene
 .text.sw_rank_sence
                0x0000000008006bf4       0xd0 Core/Src/scene.o
                0x0000000008006bf4                sw_rank_sence
 .text.HAL_MspInit
                0x0000000008006cc4       0x64 Core/Src/stm32f1xx_hal_msp.o
                0x0000000008006cc4                HAL_MspInit
 .text.NMI_Handler
                0x0000000008006d28        0xc Core/Src/stm32f1xx_it.o
                0x0000000008006d28                NMI_Handler
 .text.HardFault_Handler
                0x0000000008006d34        0x6 Core/Src/stm32f1xx_it.o
                0x0000000008006d34                HardFault_Handler
 .text.MemManage_Handler
                0x0000000008006d3a        0x6 Core/Src/stm32f1xx_it.o
                0x0000000008006d3a                MemManage_Handler
 .text.BusFault_Handler
                0x0000000008006d40        0x6 Core/Src/stm32f1xx_it.o
                0x0000000008006d40                BusFault_Handler
 .text.UsageFault_Handler
                0x0000000008006d46        0x6 Core/Src/stm32f1xx_it.o
                0x0000000008006d46                UsageFault_Handler
 .text.SVC_Handler
                0x0000000008006d4c        0xc Core/Src/stm32f1xx_it.o
                0x0000000008006d4c                SVC_Handler
 .text.DebugMon_Handler
                0x0000000008006d58        0xc Core/Src/stm32f1xx_it.o
                0x0000000008006d58                DebugMon_Handler
 .text.PendSV_Handler
                0x0000000008006d64        0xc Core/Src/stm32f1xx_it.o
                0x0000000008006d64                PendSV_Handler
 .text.SysTick_Handler
                0x0000000008006d70       0x1c Core/Src/stm32f1xx_it.o
                0x0000000008006d70                SysTick_Handler
 .text.USART1_IRQHandler
                0x0000000008006d8c       0x14 Core/Src/stm32f1xx_it.o
                0x0000000008006d8c                USART1_IRQHandler
 .text.millis   0x0000000008006da0       0x14 Core/Src/stm32f1xx_it.o
                0x0000000008006da0                millis
 .text._read    0x0000000008006db4       0x3a Core/Src/syscalls.o
                0x0000000008006db4                _read
 .text._write   0x0000000008006dee       0x38 Core/Src/syscalls.o
                0x0000000008006dee                _write
 .text._close   0x0000000008006e26       0x16 Core/Src/syscalls.o
                0x0000000008006e26                _close
 .text._fstat   0x0000000008006e3c       0x1e Core/Src/syscalls.o
                0x0000000008006e3c                _fstat
 .text._isatty  0x0000000008006e5a       0x14 Core/Src/syscalls.o
                0x0000000008006e5a                _isatty
 .text._lseek   0x0000000008006e6e       0x18 Core/Src/syscalls.o
                0x0000000008006e6e                _lseek
 *fill*         0x0000000008006e86        0x2 
 .text._sbrk    0x0000000008006e88       0x58 Core/Src/sysmem.o
                0x0000000008006e88                _sbrk
 .text.SystemInit
                0x0000000008006ee0       0x68 Core/Src/system_stm32f1xx.o
                0x0000000008006ee0                SystemInit
 .text.left_shift_check
                0x0000000008006f48       0xc0 Core/Src/tetromino.o
                0x0000000008006f48                left_shift_check
 .text.right_shift_check
                0x0000000008007008       0xc0 Core/Src/tetromino.o
                0x0000000008007008                right_shift_check
 .text.down_shift_check
                0x00000000080070c8       0xc0 Core/Src/tetromino.o
                0x00000000080070c8                down_shift_check
 .text.rotation_check
                0x0000000008007188       0xe4 Core/Src/tetromino.o
                0x0000000008007188                rotation_check
 .text.flush_tetromino
                0x000000000800726c       0xbc Core/Src/tetromino.o
                0x000000000800726c                flush_tetromino
 .text.tetromino_reset
                0x0000000008007328       0x68 Core/Src/tetromino.o
                0x0000000008007328                tetromino_reset
 .text.tetromino_init
                0x0000000008007390      0x17c Core/Src/tetromino.o
                0x0000000008007390                tetromino_init
 .text.draw_bg  0x000000000800750c       0x78 Core/Src/ui.o
                0x000000000800750c                draw_bg
 .text.draw_block
                0x0000000008007584       0xb0 Core/Src/ui.o
                0x0000000008007584                draw_block
 .text.grid_render
                0x0000000008007634       0x88 Core/Src/ui.o
                0x0000000008007634                grid_render
 .text.draw_tetromino
                0x00000000080076bc       0xa0 Core/Src/ui.o
                0x00000000080076bc                draw_tetromino
 .text.draw_next_tetromino
                0x000000000800775c       0x88 Core/Src/ui.o
                0x000000000800775c                draw_next_tetromino
 .text.draw_name
                0x00000000080077e4       0x24 Core/Src/ui.o
                0x00000000080077e4                draw_name
 .text.update_score
                0x0000000008007808       0x68 Core/Src/ui.o
                0x0000000008007808                update_score
 .text.draw_rank_list
                0x0000000008007870       0xa0 Core/Src/ui.o
                0x0000000008007870                draw_rank_list
 .text.MX_USART1_UART_Init
                0x0000000008007910       0x54 Core/Src/usart.o
                0x0000000008007910                MX_USART1_UART_Init
 .text.HAL_UART_MspInit
                0x0000000008007964       0xa8 Core/Src/usart.o
                0x0000000008007964                HAL_UART_MspInit
 .text.Reset_Handler
                0x0000000008007a0c       0x48 Core/Startup/startup_stm32f103rctx.o
                0x0000000008007a0c                Reset_Handler
 .text.Default_Handler
                0x0000000008007a54        0x2 Core/Startup/startup_stm32f103rctx.o
                0x0000000008007a54                RTC_Alarm_IRQHandler
                0x0000000008007a54                EXTI2_IRQHandler
                0x0000000008007a54                TIM8_TRG_COM_IRQHandler
                0x0000000008007a54                TIM8_CC_IRQHandler
                0x0000000008007a54                TIM1_CC_IRQHandler
                0x0000000008007a54                TIM6_IRQHandler
                0x0000000008007a54                PVD_IRQHandler
                0x0000000008007a54                SDIO_IRQHandler
                0x0000000008007a54                EXTI3_IRQHandler
                0x0000000008007a54                EXTI0_IRQHandler
                0x0000000008007a54                I2C2_EV_IRQHandler
                0x0000000008007a54                ADC1_2_IRQHandler
                0x0000000008007a54                SPI1_IRQHandler
                0x0000000008007a54                TAMPER_IRQHandler
                0x0000000008007a54                TIM8_UP_IRQHandler
                0x0000000008007a54                DMA2_Channel2_IRQHandler
                0x0000000008007a54                DMA1_Channel4_IRQHandler
                0x0000000008007a54                USART3_IRQHandler
                0x0000000008007a54                RTC_IRQHandler
                0x0000000008007a54                DMA1_Channel7_IRQHandler
                0x0000000008007a54                CAN1_RX1_IRQHandler
                0x0000000008007a54                UART5_IRQHandler
                0x0000000008007a54                ADC3_IRQHandler
                0x0000000008007a54                TIM4_IRQHandler
                0x0000000008007a54                DMA2_Channel1_IRQHandler
                0x0000000008007a54                I2C1_EV_IRQHandler
                0x0000000008007a54                DMA1_Channel6_IRQHandler
                0x0000000008007a54                UART4_IRQHandler
                0x0000000008007a54                TIM3_IRQHandler
                0x0000000008007a54                RCC_IRQHandler
                0x0000000008007a54                TIM1_TRG_COM_IRQHandler
                0x0000000008007a54                DMA1_Channel1_IRQHandler
                0x0000000008007a54                Default_Handler
                0x0000000008007a54                EXTI15_10_IRQHandler
                0x0000000008007a54                TIM7_IRQHandler
                0x0000000008007a54                TIM5_IRQHandler
                0x0000000008007a54                EXTI9_5_IRQHandler
                0x0000000008007a54                SPI2_IRQHandler
                0x0000000008007a54                DMA1_Channel5_IRQHandler
                0x0000000008007a54                EXTI4_IRQHandler
                0x0000000008007a54                USB_LP_CAN1_RX0_IRQHandler
                0x0000000008007a54                USB_HP_CAN1_TX_IRQHandler
                0x0000000008007a54                DMA1_Channel3_IRQHandler
                0x0000000008007a54                FSMC_IRQHandler
                0x0000000008007a54                TIM1_UP_IRQHandler
                0x0000000008007a54                WWDG_IRQHandler
                0x0000000008007a54                TIM2_IRQHandler
                0x0000000008007a54                TIM1_BRK_IRQHandler
                0x0000000008007a54                EXTI1_IRQHandler
                0x0000000008007a54                DMA2_Channel4_5_IRQHandler
                0x0000000008007a54                USART2_IRQHandler
                0x0000000008007a54                I2C2_ER_IRQHandler
                0x0000000008007a54                DMA1_Channel2_IRQHandler
                0x0000000008007a54                TIM8_BRK_IRQHandler
                0x0000000008007a54                CAN1_SCE_IRQHandler
                0x0000000008007a54                FLASH_IRQHandler
                0x0000000008007a54                SPI3_IRQHandler
                0x0000000008007a54                I2C1_ER_IRQHandler
                0x0000000008007a54                USBWakeUp_IRQHandler
                0x0000000008007a54                DMA2_Channel3_IRQHandler
 *fill*         0x0000000008007a56        0x2 
 .text.HAL_Init
                0x0000000008007a58       0x2c Drivers/STM32F1xx_HAL_Driver/Src/stm32f1xx_hal.o
                0x0000000008007a58                HAL_Init
 .text.HAL_InitTick
                0x0000000008007a84       0x60 Drivers/STM32F1xx_HAL_Driver/Src/stm32f1xx_hal.o
                0x0000000008007a84                HAL_InitTick
 .text.HAL_IncTick
                0x0000000008007ae4       0x24 Drivers/STM32F1xx_HAL_Driver/Src/stm32f1xx_hal.o
                0x0000000008007ae4                HAL_IncTick
 .text.HAL_GetTick
                0x0000000008007b08       0x14 Drivers/STM32F1xx_HAL_Driver/Src/stm32f1xx_hal.o
                0x0000000008007b08                HAL_GetTick
 .text.HAL_Delay
                0x0000000008007b1c       0x44 Drivers/STM32F1xx_HAL_Driver/Src/stm32f1xx_hal.o
                0x0000000008007b1c                HAL_Delay
 .text.__NVIC_SetPriorityGrouping
                0x0000000008007b60       0x48 Drivers/STM32F1xx_HAL_Driver/Src/stm32f1xx_hal_cortex.o
 .text.__NVIC_GetPriorityGrouping
                0x0000000008007ba8       0x1c Drivers/STM32F1xx_HAL_Driver/Src/stm32f1xx_hal_cortex.o
 .text.__NVIC_EnableIRQ
                0x0000000008007bc4       0x38 Drivers/STM32F1xx_HAL_Driver/Src/stm32f1xx_hal_cortex.o
 .text.__NVIC_SetPriority
                0x0000000008007bfc       0x54 Drivers/STM32F1xx_HAL_Driver/Src/stm32f1xx_hal_cortex.o
 .text.NVIC_EncodePriority
                0x0000000008007c50       0x64 Drivers/STM32F1xx_HAL_Driver/Src/stm32f1xx_hal_cortex.o
 .text.SysTick_Config
                0x0000000008007cb4       0x44 Drivers/STM32F1xx_HAL_Driver/Src/stm32f1xx_hal_cortex.o
 .text.HAL_NVIC_SetPriorityGrouping
                0x0000000008007cf8       0x16 Drivers/STM32F1xx_HAL_Driver/Src/stm32f1xx_hal_cortex.o
                0x0000000008007cf8                HAL_NVIC_SetPriorityGrouping
 .text.HAL_NVIC_SetPriority
                0x0000000008007d0e       0x38 Drivers/STM32F1xx_HAL_Driver/Src/stm32f1xx_hal_cortex.o
                0x0000000008007d0e                HAL_NVIC_SetPriority
 .text.HAL_NVIC_EnableIRQ
                0x0000000008007d46       0x1c Drivers/STM32F1xx_HAL_Driver/Src/stm32f1xx_hal_cortex.o
                0x0000000008007d46                HAL_NVIC_EnableIRQ
 .text.HAL_SYSTICK_Config
                0x0000000008007d62       0x18 Drivers/STM32F1xx_HAL_Driver/Src/stm32f1xx_hal_cortex.o
                0x0000000008007d62                HAL_SYSTICK_Config
 *fill*         0x0000000008007d7a        0x2 
 .text.HAL_DMA_Abort_IT
                0x0000000008007d7c      0x210 Drivers/STM32F1xx_HAL_Driver/Src/stm32f1xx_hal_dma.o
                0x0000000008007d7c                HAL_DMA_Abort_IT
 .text.HAL_GPIO_Init
                0x0000000008007f8c      0x2d4 Drivers/STM32F1xx_HAL_Driver/Src/stm32f1xx_hal_gpio.o
                0x0000000008007f8c                HAL_GPIO_Init
 .text.HAL_RCC_OscConfig
                0x0000000008008260      0x500 Drivers/STM32F1xx_HAL_Driver/Src/stm32f1xx_hal_rcc.o
                0x0000000008008260                HAL_RCC_OscConfig
 .text.HAL_RCC_ClockConfig
                0x0000000008008760      0x1d4 Drivers/STM32F1xx_HAL_Driver/Src/stm32f1xx_hal_rcc.o
                0x0000000008008760                HAL_RCC_ClockConfig
 .text.HAL_RCC_GetSysClockFreq
                0x0000000008008934       0xc4 Drivers/STM32F1xx_HAL_Driver/Src/stm32f1xx_hal_rcc.o
                0x0000000008008934                HAL_RCC_GetSysClockFreq
 .text.HAL_RCC_GetHCLKFreq
                0x00000000080089f8       0x14 Drivers/STM32F1xx_HAL_Driver/Src/stm32f1xx_hal_rcc.o
                0x00000000080089f8                HAL_RCC_GetHCLKFreq
 .text.HAL_RCC_GetPCLK1Freq
                0x0000000008008a0c       0x28 Drivers/STM32F1xx_HAL_Driver/Src/stm32f1xx_hal_rcc.o
                0x0000000008008a0c                HAL_RCC_GetPCLK1Freq
 .text.HAL_RCC_GetPCLK2Freq
                0x0000000008008a34       0x28 Drivers/STM32F1xx_HAL_Driver/Src/stm32f1xx_hal_rcc.o
                0x0000000008008a34                HAL_RCC_GetPCLK2Freq
 .text.RCC_Delay
                0x0000000008008a5c       0x3c Drivers/STM32F1xx_HAL_Driver/Src/stm32f1xx_hal_rcc.o
 .text.HAL_UART_Init
                0x0000000008008a98       0x9a Drivers/STM32F1xx_HAL_Driver/Src/stm32f1xx_hal_uart.o
                0x0000000008008a98                HAL_UART_Init
 *fill*         0x0000000008008b32        0x2 
 .text.HAL_UART_IRQHandler
                0x0000000008008b34      0x1f8 Drivers/STM32F1xx_HAL_Driver/Src/stm32f1xx_hal_uart.o
                0x0000000008008b34                HAL_UART_IRQHandler
 .text.HAL_UART_TxCpltCallback
                0x0000000008008d2c       0x12 Drivers/STM32F1xx_HAL_Driver/Src/stm32f1xx_hal_uart.o
                0x0000000008008d2c                HAL_UART_TxCpltCallback
 .text.HAL_UART_RxCpltCallback
                0x0000000008008d3e       0x12 Drivers/STM32F1xx_HAL_Driver/Src/stm32f1xx_hal_uart.o
                0x0000000008008d3e                HAL_UART_RxCpltCallback
 .text.HAL_UART_ErrorCallback
                0x0000000008008d50       0x12 Drivers/STM32F1xx_HAL_Driver/Src/stm32f1xx_hal_uart.o
                0x0000000008008d50                HAL_UART_ErrorCallback
 .text.UART_EndRxTransfer
                0x0000000008008d62       0x3a Drivers/STM32F1xx_HAL_Driver/Src/stm32f1xx_hal_uart.o
 .text.UART_DMAAbortOnError
                0x0000000008008d9c       0x28 Drivers/STM32F1xx_HAL_Driver/Src/stm32f1xx_hal_uart.o
 .text.UART_Transmit_IT
                0x0000000008008dc4       0xaa Drivers/STM32F1xx_HAL_Driver/Src/stm32f1xx_hal_uart.o
 .text.UART_EndTransmit_IT
                0x0000000008008e6e       0x30 Drivers/STM32F1xx_HAL_Driver/Src/stm32f1xx_hal_uart.o
 .text.UART_Receive_IT
                0x0000000008008e9e      0x102 Drivers/STM32F1xx_HAL_Driver/Src/stm32f1xx_hal_uart.o
 .text.UART_SetConfig
                0x0000000008008fa0      0x1b4 Drivers/STM32F1xx_HAL_Driver/Src/stm32f1xx_hal_uart.o
 .text.__errno  0x0000000008009154        0xc d:/software/stm32cubeide_1.1.0/stm32cubeide/plugins/com.st.stm32cube.ide.mcu.externaltools.gnu-tools-for-stm32.7-2018-q2-update.win32_1.0.0.201904181610/tools/bin/../lib/gcc/arm-none-eabi/7.3.1/../../../../arm-none-eabi/lib/thumb/v7-m\libc_nano.a(lib_a-errno.o)
                0x0000000008009154                __errno
 .text.__libc_init_array
                0x0000000008009160       0x48 d:/software/stm32cubeide_1.1.0/stm32cubeide/plugins/com.st.stm32cube.ide.mcu.externaltools.gnu-tools-for-stm32.7-2018-q2-update.win32_1.0.0.201904181610/tools/bin/../lib/gcc/arm-none-eabi/7.3.1/../../../../arm-none-eabi/lib/thumb/v7-m\libc_nano.a(lib_a-init.o)
                0x0000000008009160                __libc_init_array
 .text.memset   0x00000000080091a8       0x10 d:/software/stm32cubeide_1.1.0/stm32cubeide/plugins/com.st.stm32cube.ide.mcu.externaltools.gnu-tools-for-stm32.7-2018-q2-update.win32_1.0.0.201904181610/tools/bin/../lib/gcc/arm-none-eabi/7.3.1/../../../../arm-none-eabi/lib/thumb/v7-m\libc_nano.a(lib_a-memset.o)
                0x00000000080091a8                memset
 .text.printf   0x00000000080091b8       0x30 d:/software/stm32cubeide_1.1.0/stm32cubeide/plugins/com.st.stm32cube.ide.mcu.externaltools.gnu-tools-for-stm32.7-2018-q2-update.win32_1.0.0.201904181610/tools/bin/../lib/gcc/arm-none-eabi/7.3.1/../../../../arm-none-eabi/lib/thumb/v7-m\libc_nano.a(lib_a-printf.o)
                0x00000000080091b8                iprintf
                0x00000000080091b8                printf
 .text.srand    0x00000000080091e8       0x48 d:/software/stm32cubeide_1.1.0/stm32cubeide/plugins/com.st.stm32cube.ide.mcu.externaltools.gnu-tools-for-stm32.7-2018-q2-update.win32_1.0.0.201904181610/tools/bin/../lib/gcc/arm-none-eabi/7.3.1/../../../../arm-none-eabi/lib/thumb/v7-m\libc_nano.a(lib_a-rand.o)
                0x00000000080091e8                srand
 .text.rand     0x0000000008009230       0x68 d:/software/stm32cubeide_1.1.0/stm32cubeide/plugins/com.st.stm32cube.ide.mcu.externaltools.gnu-tools-for-stm32.7-2018-q2-update.win32_1.0.0.201904181610/tools/bin/../lib/gcc/arm-none-eabi/7.3.1/../../../../arm-none-eabi/lib/thumb/v7-m\libc_nano.a(lib_a-rand.o)
                0x0000000008009230                rand
 .text.sprintf  0x0000000008009298       0x40 d:/software/stm32cubeide_1.1.0/stm32cubeide/plugins/com.st.stm32cube.ide.mcu.externaltools.gnu-tools-for-stm32.7-2018-q2-update.win32_1.0.0.201904181610/tools/bin/../lib/gcc/arm-none-eabi/7.3.1/../../../../arm-none-eabi/lib/thumb/v7-m\libc_nano.a(lib_a-sprintf.o)
                0x0000000008009298                siprintf
                0x0000000008009298                sprintf
 .text.std      0x00000000080092d8       0x48 d:/software/stm32cubeide_1.1.0/stm32cubeide/plugins/com.st.stm32cube.ide.mcu.externaltools.gnu-tools-for-stm32.7-2018-q2-update.win32_1.0.0.201904181610/tools/bin/../lib/gcc/arm-none-eabi/7.3.1/../../../../arm-none-eabi/lib/thumb/v7-m\libc_nano.a(lib_a-findfp.o)
 .text._cleanup_r
                0x0000000008009320        0xc d:/software/stm32cubeide_1.1.0/stm32cubeide/plugins/com.st.stm32cube.ide.mcu.externaltools.gnu-tools-for-stm32.7-2018-q2-update.win32_1.0.0.201904181610/tools/bin/../lib/gcc/arm-none-eabi/7.3.1/../../../../arm-none-eabi/lib/thumb/v7-m\libc_nano.a(lib_a-findfp.o)
                0x0000000008009320                _cleanup_r
 .text.__sfmoreglue
                0x000000000800932c       0x2c d:/software/stm32cubeide_1.1.0/stm32cubeide/plugins/com.st.stm32cube.ide.mcu.externaltools.gnu-tools-for-stm32.7-2018-q2-update.win32_1.0.0.201904181610/tools/bin/../lib/gcc/arm-none-eabi/7.3.1/../../../../arm-none-eabi/lib/thumb/v7-m\libc_nano.a(lib_a-findfp.o)
                0x000000000800932c                __sfmoreglue
 .text.__sinit  0x0000000008009358       0x60 d:/software/stm32cubeide_1.1.0/stm32cubeide/plugins/com.st.stm32cube.ide.mcu.externaltools.gnu-tools-for-stm32.7-2018-q2-update.win32_1.0.0.201904181610/tools/bin/../lib/gcc/arm-none-eabi/7.3.1/../../../../arm-none-eabi/lib/thumb/v7-m\libc_nano.a(lib_a-findfp.o)
                0x0000000008009358                __sinit
 .text.__sfp    0x00000000080093b8       0x78 d:/software/stm32cubeide_1.1.0/stm32cubeide/plugins/com.st.stm32cube.ide.mcu.externaltools.gnu-tools-for-stm32.7-2018-q2-update.win32_1.0.0.201904181610/tools/bin/../lib/gcc/arm-none-eabi/7.3.1/../../../../arm-none-eabi/lib/thumb/v7-m\libc_nano.a(lib_a-findfp.o)
                0x00000000080093b8                __sfp
 .text._fwalk_reent
                0x0000000008009430       0x3c d:/software/stm32cubeide_1.1.0/stm32cubeide/plugins/com.st.stm32cube.ide.mcu.externaltools.gnu-tools-for-stm32.7-2018-q2-update.win32_1.0.0.201904181610/tools/bin/../lib/gcc/arm-none-eabi/7.3.1/../../../../arm-none-eabi/lib/thumb/v7-m\libc_nano.a(lib_a-fwalk.o)
                0x0000000008009430                _fwalk_reent
 .text.malloc   0x000000000800946c       0x10 d:/software/stm32cubeide_1.1.0/stm32cubeide/plugins/com.st.stm32cube.ide.mcu.externaltools.gnu-tools-for-stm32.7-2018-q2-update.win32_1.0.0.201904181610/tools/bin/../lib/gcc/arm-none-eabi/7.3.1/../../../../arm-none-eabi/lib/thumb/v7-m\libc_nano.a(lib_a-malloc.o)
                0x000000000800946c                malloc
 .text._free_r  0x000000000800947c       0x98 d:/software/stm32cubeide_1.1.0/stm32cubeide/plugins/com.st.stm32cube.ide.mcu.externaltools.gnu-tools-for-stm32.7-2018-q2-update.win32_1.0.0.201904181610/tools/bin/../lib/gcc/arm-none-eabi/7.3.1/../../../../arm-none-eabi/lib/thumb/v7-m\libc_nano.a(lib_a-nano-freer.o)
                0x000000000800947c                _free_r
 .text._malloc_r
                0x0000000008009514       0xb4 d:/software/stm32cubeide_1.1.0/stm32cubeide/plugins/com.st.stm32cube.ide.mcu.externaltools.gnu-tools-for-stm32.7-2018-q2-update.win32_1.0.0.201904181610/tools/bin/../lib/gcc/arm-none-eabi/7.3.1/../../../../arm-none-eabi/lib/thumb/v7-m\libc_nano.a(lib_a-nano-mallocr.o)
                0x0000000008009514                _malloc_r
 .text.__ssputs_r
                0x00000000080095c8       0xb4 d:/software/stm32cubeide_1.1.0/stm32cubeide/plugins/com.st.stm32cube.ide.mcu.externaltools.gnu-tools-for-stm32.7-2018-q2-update.win32_1.0.0.201904181610/tools/bin/../lib/gcc/arm-none-eabi/7.3.1/../../../../arm-none-eabi/lib/thumb/v7-m\libc_nano.a(lib_a-nano-svfprintf.o)
                0x00000000080095c8                __ssputs_r
 .text._svfprintf_r
                0x000000000800967c      0x1f0 d:/software/stm32cubeide_1.1.0/stm32cubeide/plugins/com.st.stm32cube.ide.mcu.externaltools.gnu-tools-for-stm32.7-2018-q2-update.win32_1.0.0.201904181610/tools/bin/../lib/gcc/arm-none-eabi/7.3.1/../../../../arm-none-eabi/lib/thumb/v7-m\libc_nano.a(lib_a-nano-svfprintf.o)
                0x000000000800967c                _svfiprintf_r
                0x000000000800967c                _svfprintf_r
 .text.__sfputc_r
                0x000000000800986c       0x2a d:/software/stm32cubeide_1.1.0/stm32cubeide/plugins/com.st.stm32cube.ide.mcu.externaltools.gnu-tools-for-stm32.7-2018-q2-update.win32_1.0.0.201904181610/tools/bin/../lib/gcc/arm-none-eabi/7.3.1/../../../../arm-none-eabi/lib/thumb/v7-m\libc_nano.a(lib_a-nano-vfprintf.o)
 .text.__sfputs_r
                0x0000000008009896       0x24 d:/software/stm32cubeide_1.1.0/stm32cubeide/plugins/com.st.stm32cube.ide.mcu.externaltools.gnu-tools-for-stm32.7-2018-q2-update.win32_1.0.0.201904181610/tools/bin/../lib/gcc/arm-none-eabi/7.3.1/../../../../arm-none-eabi/lib/thumb/v7-m\libc_nano.a(lib_a-nano-vfprintf.o)
                0x0000000008009896                __sfputs_r
 *fill*         0x00000000080098ba        0x2 
 .text._vfprintf_r
                0x00000000080098bc      0x22c d:/software/stm32cubeide_1.1.0/stm32cubeide/plugins/com.st.stm32cube.ide.mcu.externaltools.gnu-tools-for-stm32.7-2018-q2-update.win32_1.0.0.201904181610/tools/bin/../lib/gcc/arm-none-eabi/7.3.1/../../../../arm-none-eabi/lib/thumb/v7-m\libc_nano.a(lib_a-nano-vfprintf.o)
                0x00000000080098bc                _vfprintf_r
                0x00000000080098bc                _vfiprintf_r
 .text._printf_common
                0x0000000008009ae8       0xec d:/software/stm32cubeide_1.1.0/stm32cubeide/plugins/com.st.stm32cube.ide.mcu.externaltools.gnu-tools-for-stm32.7-2018-q2-update.win32_1.0.0.201904181610/tools/bin/../lib/gcc/arm-none-eabi/7.3.1/../../../../arm-none-eabi/lib/thumb/v7-m\libc_nano.a(lib_a-nano-vfprintf_i.o)
                0x0000000008009ae8                _printf_common
 .text._printf_i
                0x0000000008009bd4      0x224 d:/software/stm32cubeide_1.1.0/stm32cubeide/plugins/com.st.stm32cube.ide.mcu.externaltools.gnu-tools-for-stm32.7-2018-q2-update.win32_1.0.0.201904181610/tools/bin/../lib/gcc/arm-none-eabi/7.3.1/../../../../arm-none-eabi/lib/thumb/v7-m\libc_nano.a(lib_a-nano-vfprintf_i.o)
                0x0000000008009bd4                _printf_i
 .text._sbrk_r  0x0000000008009df8       0x20 d:/software/stm32cubeide_1.1.0/stm32cubeide/plugins/com.st.stm32cube.ide.mcu.externaltools.gnu-tools-for-stm32.7-2018-q2-update.win32_1.0.0.201904181610/tools/bin/../lib/gcc/arm-none-eabi/7.3.1/../../../../arm-none-eabi/lib/thumb/v7-m\libc_nano.a(lib_a-sbrkr.o)
                0x0000000008009df8                _sbrk_r
 .text.__sread  0x0000000008009e18       0x22 d:/software/stm32cubeide_1.1.0/stm32cubeide/plugins/com.st.stm32cube.ide.mcu.externaltools.gnu-tools-for-stm32.7-2018-q2-update.win32_1.0.0.201904181610/tools/bin/../lib/gcc/arm-none-eabi/7.3.1/../../../../arm-none-eabi/lib/thumb/v7-m\libc_nano.a(lib_a-stdio.o)
                0x0000000008009e18                __sread
 .text.__swrite
                0x0000000008009e3a       0x38 d:/software/stm32cubeide_1.1.0/stm32cubeide/plugins/com.st.stm32cube.ide.mcu.externaltools.gnu-tools-for-stm32.7-2018-q2-update.win32_1.0.0.201904181610/tools/bin/../lib/gcc/arm-none-eabi/7.3.1/../../../../arm-none-eabi/lib/thumb/v7-m\libc_nano.a(lib_a-stdio.o)
                0x0000000008009e3a                __swrite
 .text.__sseek  0x0000000008009e72       0x24 d:/software/stm32cubeide_1.1.0/stm32cubeide/plugins/com.st.stm32cube.ide.mcu.externaltools.gnu-tools-for-stm32.7-2018-q2-update.win32_1.0.0.201904181610/tools/bin/../lib/gcc/arm-none-eabi/7.3.1/../../../../arm-none-eabi/lib/thumb/v7-m\libc_nano.a(lib_a-stdio.o)
                0x0000000008009e72                __sseek
 .text.__sclose
                0x0000000008009e96        0x8 d:/software/stm32cubeide_1.1.0/stm32cubeide/plugins/com.st.stm32cube.ide.mcu.externaltools.gnu-tools-for-stm32.7-2018-q2-update.win32_1.0.0.201904181610/tools/bin/../lib/gcc/arm-none-eabi/7.3.1/../../../../arm-none-eabi/lib/thumb/v7-m\libc_nano.a(lib_a-stdio.o)
                0x0000000008009e96                __sclose
 *fill*         0x0000000008009e9e        0x2 
 .text.__swbuf_r
                0x0000000008009ea0       0xa4 d:/software/stm32cubeide_1.1.0/stm32cubeide/plugins/com.st.stm32cube.ide.mcu.externaltools.gnu-tools-for-stm32.7-2018-q2-update.win32_1.0.0.201904181610/tools/bin/../lib/gcc/arm-none-eabi/7.3.1/../../../../arm-none-eabi/lib/thumb/v7-m\libc_nano.a(lib_a-wbuf.o)
                0x0000000008009ea0                __swbuf_r
 .text._write_r
                0x0000000008009f44       0x24 d:/software/stm32cubeide_1.1.0/stm32cubeide/plugins/com.st.stm32cube.ide.mcu.externaltools.gnu-tools-for-stm32.7-2018-q2-update.win32_1.0.0.201904181610/tools/bin/../lib/gcc/arm-none-eabi/7.3.1/../../../../arm-none-eabi/lib/thumb/v7-m\libc_nano.a(lib_a-writer.o)
                0x0000000008009f44                _write_r
 .text.__swsetup_r
                0x0000000008009f68       0xdc d:/software/stm32cubeide_1.1.0/stm32cubeide/plugins/com.st.stm32cube.ide.mcu.externaltools.gnu-tools-for-stm32.7-2018-q2-update.win32_1.0.0.201904181610/tools/bin/../lib/gcc/arm-none-eabi/7.3.1/../../../../arm-none-eabi/lib/thumb/v7-m\libc_nano.a(lib_a-wsetup.o)
                0x0000000008009f68                __swsetup_r
 .text._close_r
                0x000000000800a044       0x20 d:/software/stm32cubeide_1.1.0/stm32cubeide/plugins/com.st.stm32cube.ide.mcu.externaltools.gnu-tools-for-stm32.7-2018-q2-update.win32_1.0.0.201904181610/tools/bin/../lib/gcc/arm-none-eabi/7.3.1/../../../../arm-none-eabi/lib/thumb/v7-m\libc_nano.a(lib_a-closer.o)
                0x000000000800a044                _close_r
 .text.__sflush_r
                0x000000000800a064      0x10c d:/software/stm32cubeide_1.1.0/stm32cubeide/plugins/com.st.stm32cube.ide.mcu.externaltools.gnu-tools-for-stm32.7-2018-q2-update.win32_1.0.0.201904181610/tools/bin/../lib/gcc/arm-none-eabi/7.3.1/../../../../arm-none-eabi/lib/thumb/v7-m\libc_nano.a(lib_a-fflush.o)
                0x000000000800a064                __sflush_r
 .text._fflush_r
                0x000000000800a170       0x54 d:/software/stm32cubeide_1.1.0/stm32cubeide/plugins/com.st.stm32cube.ide.mcu.externaltools.gnu-tools-for-stm32.7-2018-q2-update.win32_1.0.0.201904181610/tools/bin/../lib/gcc/arm-none-eabi/7.3.1/../../../../arm-none-eabi/lib/thumb/v7-m\libc_nano.a(lib_a-fflush.o)
                0x000000000800a170                _fflush_r
 .text._lseek_r
                0x000000000800a1c4       0x24 d:/software/stm32cubeide_1.1.0/stm32cubeide/plugins/com.st.stm32cube.ide.mcu.externaltools.gnu-tools-for-stm32.7-2018-q2-update.win32_1.0.0.201904181610/tools/bin/../lib/gcc/arm-none-eabi/7.3.1/../../../../arm-none-eabi/lib/thumb/v7-m\libc_nano.a(lib_a-lseekr.o)
                0x000000000800a1c4                _lseek_r
 .text.__swhatbuf_r
                0x000000000800a1e8       0x48 d:/software/stm32cubeide_1.1.0/stm32cubeide/plugins/com.st.stm32cube.ide.mcu.externaltools.gnu-tools-for-stm32.7-2018-q2-update.win32_1.0.0.201904181610/tools/bin/../lib/gcc/arm-none-eabi/7.3.1/../../../../arm-none-eabi/lib/thumb/v7-m\libc_nano.a(lib_a-makebuf.o)
                0x000000000800a1e8                __swhatbuf_r
 .text.__smakebuf_r
                0x000000000800a230       0x80 d:/software/stm32cubeide_1.1.0/stm32cubeide/plugins/com.st.stm32cube.ide.mcu.externaltools.gnu-tools-for-stm32.7-2018-q2-update.win32_1.0.0.201904181610/tools/bin/../lib/gcc/arm-none-eabi/7.3.1/../../../../arm-none-eabi/lib/thumb/v7-m\libc_nano.a(lib_a-makebuf.o)
                0x000000000800a230                __smakebuf_r
 .text.memchr   0x000000000800a2b0       0x1c d:/software/stm32cubeide_1.1.0/stm32cubeide/plugins/com.st.stm32cube.ide.mcu.externaltools.gnu-tools-for-stm32.7-2018-q2-update.win32_1.0.0.201904181610/tools/bin/../lib/gcc/arm-none-eabi/7.3.1/../../../../arm-none-eabi/lib/thumb/v7-m\libc_nano.a(lib_a-memchr-stub.o)
                0x000000000800a2b0                memchr
 .text.memcpy   0x000000000800a2cc       0x16 d:/software/stm32cubeide_1.1.0/stm32cubeide/plugins/com.st.stm32cube.ide.mcu.externaltools.gnu-tools-for-stm32.7-2018-q2-update.win32_1.0.0.201904181610/tools/bin/../lib/gcc/arm-none-eabi/7.3.1/../../../../arm-none-eabi/lib/thumb/v7-m\libc_nano.a(lib_a-memcpy-stub.o)
                0x000000000800a2cc                memcpy
 .text.memmove  0x000000000800a2e2       0x32 d:/software/stm32cubeide_1.1.0/stm32cubeide/plugins/com.st.stm32cube.ide.mcu.externaltools.gnu-tools-for-stm32.7-2018-q2-update.win32_1.0.0.201904181610/tools/bin/../lib/gcc/arm-none-eabi/7.3.1/../../../../arm-none-eabi/lib/thumb/v7-m\libc_nano.a(lib_a-memmove.o)
                0x000000000800a2e2                memmove
 .text.__malloc_lock
                0x000000000800a314        0x2 d:/software/stm32cubeide_1.1.0/stm32cubeide/plugins/com.st.stm32cube.ide.mcu.externaltools.gnu-tools-for-stm32.7-2018-q2-update.win32_1.0.0.201904181610/tools/bin/../lib/gcc/arm-none-eabi/7.3.1/../../../../arm-none-eabi/lib/thumb/v7-m\libc_nano.a(lib_a-mlock.o)
                0x000000000800a314                __malloc_lock
 .text.__malloc_unlock
                0x000000000800a316        0x2 d:/software/stm32cubeide_1.1.0/stm32cubeide/plugins/com.st.stm32cube.ide.mcu.externaltools.gnu-tools-for-stm32.7-2018-q2-update.win32_1.0.0.201904181610/tools/bin/../lib/gcc/arm-none-eabi/7.3.1/../../../../arm-none-eabi/lib/thumb/v7-m\libc_nano.a(lib_a-mlock.o)
                0x000000000800a316                __malloc_unlock
 .text._realloc_r
                0x000000000800a318       0x4c d:/software/stm32cubeide_1.1.0/stm32cubeide/plugins/com.st.stm32cube.ide.mcu.externaltools.gnu-tools-for-stm32.7-2018-q2-update.win32_1.0.0.201904181610/tools/bin/../lib/gcc/arm-none-eabi/7.3.1/../../../../arm-none-eabi/lib/thumb/v7-m\libc_nano.a(lib_a-nano-reallocr.o)
                0x000000000800a318                _realloc_r
 .text._read_r  0x000000000800a364       0x24 d:/software/stm32cubeide_1.1.0/stm32cubeide/plugins/com.st.stm32cube.ide.mcu.externaltools.gnu-tools-for-stm32.7-2018-q2-update.win32_1.0.0.201904181610/tools/bin/../lib/gcc/arm-none-eabi/7.3.1/../../../../arm-none-eabi/lib/thumb/v7-m\libc_nano.a(lib_a-readr.o)
                0x000000000800a364                _read_r
 .text._fstat_r
                0x000000000800a388       0x24 d:/software/stm32cubeide_1.1.0/stm32cubeide/plugins/com.st.stm32cube.ide.mcu.externaltools.gnu-tools-for-stm32.7-2018-q2-update.win32_1.0.0.201904181610/tools/bin/../lib/gcc/arm-none-eabi/7.3.1/../../../../arm-none-eabi/lib/thumb/v7-m\libc_nano.a(lib_a-fstatr.o)
                0x000000000800a388                _fstat_r
 .text._isatty_r
                0x000000000800a3ac       0x20 d:/software/stm32cubeide_1.1.0/stm32cubeide/plugins/com.st.stm32cube.ide.mcu.externaltools.gnu-tools-for-stm32.7-2018-q2-update.win32_1.0.0.201904181610/tools/bin/../lib/gcc/arm-none-eabi/7.3.1/../../../../arm-none-eabi/lib/thumb/v7-m\libc_nano.a(lib_a-isattyr.o)
                0x000000000800a3ac                _isatty_r
 .text._malloc_usable_size_r
                0x000000000800a3cc       0x10 d:/software/stm32cubeide_1.1.0/stm32cubeide/plugins/com.st.stm32cube.ide.mcu.externaltools.gnu-tools-for-stm32.7-2018-q2-update.win32_1.0.0.201904181610/tools/bin/../lib/gcc/arm-none-eabi/7.3.1/../../../../arm-none-eabi/lib/thumb/v7-m\libc_nano.a(lib_a-nano-msizer.o)
                0x000000000800a3cc                _malloc_usable_size_r
 *(.glue_7)
 .glue_7        0x000000000800a3dc        0x0 linker stubs
 *(.glue_7t)
 .glue_7t       0x000000000800a3dc        0x0 linker stubs
 *(.eh_frame)
 .eh_frame      0x000000000800a3dc        0x0 d:/software/stm32cubeide_1.1.0/stm32cubeide/plugins/com.st.stm32cube.ide.mcu.externaltools.gnu-tools-for-stm32.7-2018-q2-update.win32_1.0.0.201904181610/tools/bin/../lib/gcc/arm-none-eabi/7.3.1/thumb/v7-m/crtbegin.o
 *(.init)
 .init          0x000000000800a3dc        0x4 d:/software/stm32cubeide_1.1.0/stm32cubeide/plugins/com.st.stm32cube.ide.mcu.externaltools.gnu-tools-for-stm32.7-2018-q2-update.win32_1.0.0.201904181610/tools/bin/../lib/gcc/arm-none-eabi/7.3.1/thumb/v7-m/crti.o
                0x000000000800a3dc                _init
 .init          0x000000000800a3e0        0x8 d:/software/stm32cubeide_1.1.0/stm32cubeide/plugins/com.st.stm32cube.ide.mcu.externaltools.gnu-tools-for-stm32.7-2018-q2-update.win32_1.0.0.201904181610/tools/bin/../lib/gcc/arm-none-eabi/7.3.1/thumb/v7-m/crtn.o
 *(.fini)
 .fini          0x000000000800a3e8        0x4 d:/software/stm32cubeide_1.1.0/stm32cubeide/plugins/com.st.stm32cube.ide.mcu.externaltools.gnu-tools-for-stm32.7-2018-q2-update.win32_1.0.0.201904181610/tools/bin/../lib/gcc/arm-none-eabi/7.3.1/thumb/v7-m/crti.o
                0x000000000800a3e8                _fini
 .fini          0x000000000800a3ec        0x8 d:/software/stm32cubeide_1.1.0/stm32cubeide/plugins/com.st.stm32cube.ide.mcu.externaltools.gnu-tools-for-stm32.7-2018-q2-update.win32_1.0.0.201904181610/tools/bin/../lib/gcc/arm-none-eabi/7.3.1/thumb/v7-m/crtn.o
                0x000000000800a3f4                . = ALIGN (0x4)
                0x000000000800a3f4                _etext = .

.vfp11_veneer   0x000000000800a3f4        0x0
 .vfp11_veneer  0x000000000800a3f4        0x0 linker stubs

.v4_bx          0x000000000800a3f4        0x0
 .v4_bx         0x000000000800a3f4        0x0 linker stubs

.iplt           0x000000000800a3f4        0x0
 .iplt          0x000000000800a3f4        0x0 d:/software/stm32cubeide_1.1.0/stm32cubeide/plugins/com.st.stm32cube.ide.mcu.externaltools.gnu-tools-for-stm32.7-2018-q2-update.win32_1.0.0.201904181610/tools/bin/../lib/gcc/arm-none-eabi/7.3.1/thumb/v7-m/crtbegin.o

.rodata         0x000000000800a3f4     0x19c4
                0x000000000800a3f4                . = ALIGN (0x4)
 *(.rodata)
 .rodata        0x000000000800a3f4       0xfa Core/Src/tetromino.o
 *fill*         0x000000000800a4ee        0x2 
 .rodata        0x000000000800a4f0       0x41 Core/Src/ui.o
 *fill*         0x000000000800a531        0x3 
 .rodata        0x000000000800a534       0x12 Drivers/STM32F1xx_HAL_Driver/Src/stm32f1xx_hal_rcc.o
 *(.rodata*)
 *fill*         0x000000000800a546        0x2 
 .rodata.asc2_1206
                0x000000000800a548      0x474 Core/Src/lcd.o
                0x000000000800a548                asc2_1206
 .rodata.asc2_1608
                0x000000000800a9bc      0x5f0 Core/Src/lcd.o
                0x000000000800a9bc                asc2_1608
 .rodata.asc2_2412
                0x000000000800afac      0xd5c Core/Src/lcd.o
                0x000000000800afac                asc2_2412
 .rodata.AHBPrescTable
                0x000000000800bd08       0x10 Core/Src/system_stm32f1xx.o
                0x000000000800bd08                AHBPrescTable
 .rodata.APBPrescTable
                0x000000000800bd18        0x8 Core/Src/system_stm32f1xx.o
                0x000000000800bd18                APBPrescTable
 .rodata._global_impure_ptr
                0x000000000800bd20        0x4 d:/software/stm32cubeide_1.1.0/stm32cubeide/plugins/com.st.stm32cube.ide.mcu.externaltools.gnu-tools-for-stm32.7-2018-q2-update.win32_1.0.0.201904181610/tools/bin/../lib/gcc/arm-none-eabi/7.3.1/../../../../arm-none-eabi/lib/thumb/v7-m\libc_nano.a(lib_a-impure.o)
                0x000000000800bd20                _global_impure_ptr
 .rodata.__sf_fake_stderr
                0x000000000800bd24       0x20 d:/software/stm32cubeide_1.1.0/stm32cubeide/plugins/com.st.stm32cube.ide.mcu.externaltools.gnu-tools-for-stm32.7-2018-q2-update.win32_1.0.0.201904181610/tools/bin/../lib/gcc/arm-none-eabi/7.3.1/../../../../arm-none-eabi/lib/thumb/v7-m\libc_nano.a(lib_a-findfp.o)
                0x000000000800bd24                __sf_fake_stderr
 .rodata.__sf_fake_stdin
                0x000000000800bd44       0x20 d:/software/stm32cubeide_1.1.0/stm32cubeide/plugins/com.st.stm32cube.ide.mcu.externaltools.gnu-tools-for-stm32.7-2018-q2-update.win32_1.0.0.201904181610/tools/bin/../lib/gcc/arm-none-eabi/7.3.1/../../../../arm-none-eabi/lib/thumb/v7-m\libc_nano.a(lib_a-findfp.o)
                0x000000000800bd44                __sf_fake_stdin
 .rodata.__sf_fake_stdout
                0x000000000800bd64       0x20 d:/software/stm32cubeide_1.1.0/stm32cubeide/plugins/com.st.stm32cube.ide.mcu.externaltools.gnu-tools-for-stm32.7-2018-q2-update.win32_1.0.0.201904181610/tools/bin/../lib/gcc/arm-none-eabi/7.3.1/../../../../arm-none-eabi/lib/thumb/v7-m\libc_nano.a(lib_a-findfp.o)
                0x000000000800bd64                __sf_fake_stdout
 .rodata._svfprintf_r.str1.1
                0x000000000800bd84       0x11 d:/software/stm32cubeide_1.1.0/stm32cubeide/plugins/com.st.stm32cube.ide.mcu.externaltools.gnu-tools-for-stm32.7-2018-q2-update.win32_1.0.0.201904181610/tools/bin/../lib/gcc/arm-none-eabi/7.3.1/../../../../arm-none-eabi/lib/thumb/v7-m\libc_nano.a(lib_a-nano-svfprintf.o)
 .rodata._vfprintf_r.str1.1
                0x000000000800bd95       0x11 d:/software/stm32cubeide_1.1.0/stm32cubeide/plugins/com.st.stm32cube.ide.mcu.externaltools.gnu-tools-for-stm32.7-2018-q2-update.win32_1.0.0.201904181610/tools/bin/../lib/gcc/arm-none-eabi/7.3.1/../../../../arm-none-eabi/lib/thumb/v7-m\libc_nano.a(lib_a-nano-vfprintf.o)
 .rodata._printf_i.str1.1
                0x000000000800bd95       0x22 d:/software/stm32cubeide_1.1.0/stm32cubeide/plugins/com.st.stm32cube.ide.mcu.externaltools.gnu-tools-for-stm32.7-2018-q2-update.win32_1.0.0.201904181610/tools/bin/../lib/gcc/arm-none-eabi/7.3.1/../../../../arm-none-eabi/lib/thumb/v7-m\libc_nano.a(lib_a-nano-vfprintf_i.o)
                0x000000000800bdb8                . = ALIGN (0x4)
 *fill*         0x000000000800bdb7        0x1 

.rel.dyn        0x000000000800bdb8        0x0
 .rel.iplt      0x000000000800bdb8        0x0 d:/software/stm32cubeide_1.1.0/stm32cubeide/plugins/com.st.stm32cube.ide.mcu.externaltools.gnu-tools-for-stm32.7-2018-q2-update.win32_1.0.0.201904181610/tools/bin/../lib/gcc/arm-none-eabi/7.3.1/thumb/v7-m/crtbegin.o

.ARM.extab      0x000000000800bdb8        0x0
                0x000000000800bdb8                . = ALIGN (0x4)
 *(.ARM.extab* .gnu.linkonce.armextab.*)
                0x000000000800bdb8                . = ALIGN (0x4)

.ARM            0x000000000800bdb8        0x0
                0x000000000800bdb8                . = ALIGN (0x4)
                0x000000000800bdb8                __exidx_start = .
 *(.ARM.exidx*)
                0x000000000800bdb8                __exidx_end = .
                0x000000000800bdb8                . = ALIGN (0x4)

.preinit_array  0x000000000800bdb8        0x0
                0x000000000800bdb8                . = ALIGN (0x4)
                0x000000000800bdb8                PROVIDE (__preinit_array_start = .)
 *(.preinit_array*)
                0x000000000800bdb8                PROVIDE (__preinit_array_end = .)
                0x000000000800bdb8                . = ALIGN (0x4)

.init_array     0x000000000800bdb8        0x4
                0x000000000800bdb8                . = ALIGN (0x4)
                0x000000000800bdb8                PROVIDE (__init_array_start = .)
 *(SORT_BY_NAME(.init_array.*))
 *(.init_array*)
 .init_array    0x000000000800bdb8        0x4 d:/software/stm32cubeide_1.1.0/stm32cubeide/plugins/com.st.stm32cube.ide.mcu.externaltools.gnu-tools-for-stm32.7-2018-q2-update.win32_1.0.0.201904181610/tools/bin/../lib/gcc/arm-none-eabi/7.3.1/thumb/v7-m/crtbegin.o
                0x000000000800bdbc                PROVIDE (__init_array_end = .)
                0x000000000800bdbc                . = ALIGN (0x4)

.fini_array     0x000000000800bdbc        0x4
                0x000000000800bdbc                . = ALIGN (0x4)
                [!provide]                        PROVIDE (__fini_array_start = .)
 *(SORT_BY_NAME(.fini_array.*))
 *(.fini_array*)
 .fini_array    0x000000000800bdbc        0x4 d:/software/stm32cubeide_1.1.0/stm32cubeide/plugins/com.st.stm32cube.ide.mcu.externaltools.gnu-tools-for-stm32.7-2018-q2-update.win32_1.0.0.201904181610/tools/bin/../lib/gcc/arm-none-eabi/7.3.1/thumb/v7-m/crtbegin.o
                [!provide]                        PROVIDE (__fini_array_end = .)
                0x000000000800bdc0                . = ALIGN (0x4)
                0x000000000800bdc0                _sidata = LOADADDR (.data)

.data           0x0000000020000000       0x74 load address 0x000000000800bdc0
                0x0000000020000000                . = ALIGN (0x4)
                0x0000000020000000                _sdata = .
 *(.data)
 *(.data*)
 .data.BACK_COLOR
                0x0000000020000000        0x2 Core/Src/lcd.o
                0x0000000020000000                BACK_COLOR
 *fill*         0x0000000020000002        0x2 
 .data.SystemCoreClock
                0x0000000020000004        0x4 Core/Src/system_stm32f1xx.o
                0x0000000020000004                SystemCoreClock
 .data.uwTickPrio
                0x0000000020000008        0x4 Drivers/STM32F1xx_HAL_Driver/Src/stm32f1xx_hal.o
                0x0000000020000008                uwTickPrio
 .data.uwTickFreq
                0x000000002000000c        0x1 Drivers/STM32F1xx_HAL_Driver/Src/stm32f1xx_hal.o
                0x000000002000000c                uwTickFreq
 *fill*         0x000000002000000d        0x3 
 .data._impure_ptr
                0x0000000020000010        0x4 d:/software/stm32cubeide_1.1.0/stm32cubeide/plugins/com.st.stm32cube.ide.mcu.externaltools.gnu-tools-for-stm32.7-2018-q2-update.win32_1.0.0.201904181610/tools/bin/../lib/gcc/arm-none-eabi/7.3.1/../../../../arm-none-eabi/lib/thumb/v7-m\libc_nano.a(lib_a-impure.o)
                0x0000000020000010                _impure_ptr
 .data.impure_data
                0x0000000020000014       0x60 d:/software/stm32cubeide_1.1.0/stm32cubeide/plugins/com.st.stm32cube.ide.mcu.externaltools.gnu-tools-for-stm32.7-2018-q2-update.win32_1.0.0.201904181610/tools/bin/../lib/gcc/arm-none-eabi/7.3.1/../../../../arm-none-eabi/lib/thumb/v7-m\libc_nano.a(lib_a-impure.o)
                0x0000000020000074                . = ALIGN (0x4)
                0x0000000020000074                _edata = .

.igot.plt       0x0000000020000074        0x0 load address 0x000000000800be34
 .igot.plt      0x0000000020000074        0x0 d:/software/stm32cubeide_1.1.0/stm32cubeide/plugins/com.st.stm32cube.ide.mcu.externaltools.gnu-tools-for-stm32.7-2018-q2-update.win32_1.0.0.201904181610/tools/bin/../lib/gcc/arm-none-eabi/7.3.1/thumb/v7-m/crtbegin.o
                0x0000000020000074                . = ALIGN (0x4)

.bss            0x0000000020000074      0x600 load address 0x000000000800be34
                0x0000000020000074                _sbss = .
                0x0000000020000074                __bss_start__ = _sbss
 *(.bss)
 .bss           0x0000000020000074       0x1c d:/software/stm32cubeide_1.1.0/stm32cubeide/plugins/com.st.stm32cube.ide.mcu.externaltools.gnu-tools-for-stm32.7-2018-q2-update.win32_1.0.0.201904181610/tools/bin/../lib/gcc/arm-none-eabi/7.3.1/thumb/v7-m/crtbegin.o
 *(.bss*)
 .bss.POINT_COLOR
                0x0000000020000090        0x2 Core/Src/lcd.o
                0x0000000020000090                POINT_COLOR
 *fill*         0x0000000020000092        0x2 
 .bss.time_ms   0x0000000020000094        0x4 Core/Src/stm32f1xx_it.o
                0x0000000020000094                time_ms
 .bss.heap_end.5149
                0x0000000020000098        0x4 Core/Src/sysmem.o
 .bss.__malloc_free_list
                0x000000002000009c        0x4 d:/software/stm32cubeide_1.1.0/stm32cubeide/plugins/com.st.stm32cube.ide.mcu.externaltools.gnu-tools-for-stm32.7-2018-q2-update.win32_1.0.0.201904181610/tools/bin/../lib/gcc/arm-none-eabi/7.3.1/../../../../arm-none-eabi/lib/thumb/v7-m\libc_nano.a(lib_a-nano-mallocr.o)
                0x000000002000009c                __malloc_free_list
 .bss.__malloc_sbrk_start
                0x00000000200000a0        0x4 d:/software/stm32cubeide_1.1.0/stm32cubeide/plugins/com.st.stm32cube.ide.mcu.externaltools.gnu-tools-for-stm32.7-2018-q2-update.win32_1.0.0.201904181610/tools/bin/../lib/gcc/arm-none-eabi/7.3.1/../../../../arm-none-eabi/lib/thumb/v7-m\libc_nano.a(lib_a-nano-mallocr.o)
                0x00000000200000a0                __malloc_sbrk_start
 *(COMMON)
 COMMON         0x00000000200000a4       0x90 Core/Src/button.o
                0x00000000200000a4                r_down
                0x00000000200000a8                r_up
                0x00000000200000ac                k_key0
                0x00000000200000b0                k_wakeup
                0x00000000200000b4                k_key1
                0x00000000200000b8                r_right
                0x00000000200000bc                r_confirm
                0x00000000200000c0                r_left
                0x00000000200000c4                button_list
                0x0000000020000130                r_return
 COMMON         0x0000000020000134       0x14 Core/Src/game.o
                0x0000000020000134                tet_fall_interval
                0x0000000020000138                fall_task_stamp
                0x000000002000013c                hiscore
 COMMON         0x0000000020000148      0x360 Core/Src/grid.o
                0x0000000020000148                grid
                0x0000000020000468                sub_grid
 COMMON         0x00000000200004a8        0xe Core/Src/lcd.o
                0x00000000200004a8                lcddev
 *fill*         0x00000000200004b6        0x2 
 COMMON         0x00000000200004b8       0x78 Core/Src/parameter.o
                0x00000000200004b8                rank_list
 COMMON         0x0000000020000530        0x4 Core/Src/scene.o
                0x0000000020000530                scene_task
 COMMON         0x0000000020000534       0xf8 Core/Src/tetromino.o
                0x0000000020000534                tetimg_list
                0x0000000020000624                tetromino
                0x0000000020000628                tetromino_next
 COMMON         0x000000002000062c       0x40 Core/Src/usart.o
                0x000000002000062c                huart1
 COMMON         0x000000002000066c        0x4 Drivers/STM32F1xx_HAL_Driver/Src/stm32f1xx_hal.o
                0x000000002000066c                uwTick
 COMMON         0x0000000020000670        0x4 d:/software/stm32cubeide_1.1.0/stm32cubeide/plugins/com.st.stm32cube.ide.mcu.externaltools.gnu-tools-for-stm32.7-2018-q2-update.win32_1.0.0.201904181610/tools/bin/../lib/gcc/arm-none-eabi/7.3.1/../../../../arm-none-eabi/lib/thumb/v7-m\libc_nano.a(lib_a-reent.o)
                0x0000000020000670                errno
                0x0000000020000674                . = ALIGN (0x4)
                0x0000000020000674                _ebss = .
                0x0000000020000674                __bss_end__ = _ebss

._user_heap_stack
                0x0000000020000674      0x604 load address 0x000000000800be34
                0x0000000020000678                . = ALIGN (0x8)
 *fill*         0x0000000020000674        0x4 
                0x0000000020000678                PROVIDE (end = .)
                [!provide]                        PROVIDE (_end = .)
                0x0000000020000878                . = (. + _Min_Heap_Size)
 *fill*         0x0000000020000678      0x200 
                0x0000000020000c78                . = (. + _Min_Stack_Size)
 *fill*         0x0000000020000878      0x400 
                0x0000000020000c78                . = ALIGN (0x8)

/DISCARD/
 libc.a(*)
 libm.a(*)
 libgcc.a(*)

.ARM.attributes
                0x0000000000000000       0x29
 *(.ARM.attributes)
 .ARM.attributes
                0x0000000000000000       0x1d d:/software/stm32cubeide_1.1.0/stm32cubeide/plugins/com.st.stm32cube.ide.mcu.externaltools.gnu-tools-for-stm32.7-2018-q2-update.win32_1.0.0.201904181610/tools/bin/../lib/gcc/arm-none-eabi/7.3.1/thumb/v7-m/crti.o
 .ARM.attributes
                0x000000000000001d       0x2d d:/software/stm32cubeide_1.1.0/stm32cubeide/plugins/com.st.stm32cube.ide.mcu.externaltools.gnu-tools-for-stm32.7-2018-q2-update.win32_1.0.0.201904181610/tools/bin/../lib/gcc/arm-none-eabi/7.3.1/thumb/v7-m/crtbegin.o
 .ARM.attributes
                0x000000000000004a       0x33 Core/Src/button.o
 .ARM.attributes
                0x000000000000007d       0x33 Core/Src/game.o
 .ARM.attributes
                0x00000000000000b0       0x33 Core/Src/gpio.o
 .ARM.attributes
                0x00000000000000e3       0x33 Core/Src/grid.o
 .ARM.attributes
                0x0000000000000116       0x33 Core/Src/lcd.o
 .ARM.attributes
                0x0000000000000149       0x33 Core/Src/main.o
 .ARM.attributes
                0x000000000000017c       0x33 Core/Src/parameter.o
 .ARM.attributes
                0x00000000000001af       0x33 Core/Src/scene.o
 .ARM.attributes
                0x00000000000001e2       0x33 Core/Src/stm32f1xx_hal_msp.o
 .ARM.attributes
                0x0000000000000215       0x33 Core/Src/stm32f1xx_it.o
 .ARM.attributes
                0x0000000000000248       0x33 Core/Src/syscalls.o
 .ARM.attributes
                0x000000000000027b       0x33 Core/Src/sysmem.o
 .ARM.attributes
                0x00000000000002ae       0x33 Core/Src/system_stm32f1xx.o
 .ARM.attributes
                0x00000000000002e1       0x33 Core/Src/tetromino.o
 .ARM.attributes
                0x0000000000000314       0x33 Core/Src/ui.o
 .ARM.attributes
                0x0000000000000347       0x33 Core/Src/usart.o
 .ARM.attributes
                0x000000000000037a       0x21 Core/Startup/startup_stm32f103rctx.o
 .ARM.attributes
                0x000000000000039b       0x33 Drivers/STM32F1xx_HAL_Driver/Src/stm32f1xx_hal.o
 .ARM.attributes
                0x00000000000003ce       0x33 Drivers/STM32F1xx_HAL_Driver/Src/stm32f1xx_hal_cortex.o
 .ARM.attributes
                0x0000000000000401       0x33 Drivers/STM32F1xx_HAL_Driver/Src/stm32f1xx_hal_dma.o
 .ARM.attributes
                0x0000000000000434       0x33 Drivers/STM32F1xx_HAL_Driver/Src/stm32f1xx_hal_gpio.o
 .ARM.attributes
                0x0000000000000467       0x33 Drivers/STM32F1xx_HAL_Driver/Src/stm32f1xx_hal_rcc.o
 .ARM.attributes
                0x000000000000049a       0x33 Drivers/STM32F1xx_HAL_Driver/Src/stm32f1xx_hal_uart.o
 .ARM.attributes
                0x00000000000004cd       0x2d d:/software/stm32cubeide_1.1.0/stm32cubeide/plugins/com.st.stm32cube.ide.mcu.externaltools.gnu-tools-for-stm32.7-2018-q2-update.win32_1.0.0.201904181610/tools/bin/../lib/gcc/arm-none-eabi/7.3.1/../../../../arm-none-eabi/lib/thumb/v7-m\libc_nano.a(lib_a-errno.o)
 .ARM.attributes
                0x00000000000004fa       0x2d d:/software/stm32cubeide_1.1.0/stm32cubeide/plugins/com.st.stm32cube.ide.mcu.externaltools.gnu-tools-for-stm32.7-2018-q2-update.win32_1.0.0.201904181610/tools/bin/../lib/gcc/arm-none-eabi/7.3.1/../../../../arm-none-eabi/lib/thumb/v7-m\libc_nano.a(lib_a-impure.o)
 .ARM.attributes
                0x0000000000000527       0x2d d:/software/stm32cubeide_1.1.0/stm32cubeide/plugins/com.st.stm32cube.ide.mcu.externaltools.gnu-tools-for-stm32.7-2018-q2-update.win32_1.0.0.201904181610/tools/bin/../lib/gcc/arm-none-eabi/7.3.1/../../../../arm-none-eabi/lib/thumb/v7-m\libc_nano.a(lib_a-init.o)
 .ARM.attributes
                0x0000000000000554       0x2d d:/software/stm32cubeide_1.1.0/stm32cubeide/plugins/com.st.stm32cube.ide.mcu.externaltools.gnu-tools-for-stm32.7-2018-q2-update.win32_1.0.0.201904181610/tools/bin/../lib/gcc/arm-none-eabi/7.3.1/../../../../arm-none-eabi/lib/thumb/v7-m\libc_nano.a(lib_a-memset.o)
 .ARM.attributes
                0x0000000000000581       0x2d d:/software/stm32cubeide_1.1.0/stm32cubeide/plugins/com.st.stm32cube.ide.mcu.externaltools.gnu-tools-for-stm32.7-2018-q2-update.win32_1.0.0.201904181610/tools/bin/../lib/gcc/arm-none-eabi/7.3.1/../../../../arm-none-eabi/lib/thumb/v7-m\libc_nano.a(lib_a-printf.o)
 .ARM.attributes
                0x00000000000005ae       0x2d d:/software/stm32cubeide_1.1.0/stm32cubeide/plugins/com.st.stm32cube.ide.mcu.externaltools.gnu-tools-for-stm32.7-2018-q2-update.win32_1.0.0.201904181610/tools/bin/../lib/gcc/arm-none-eabi/7.3.1/../../../../arm-none-eabi/lib/thumb/v7-m\libc_nano.a(lib_a-rand.o)
 .ARM.attributes
                0x00000000000005db       0x2d d:/software/stm32cubeide_1.1.0/stm32cubeide/plugins/com.st.stm32cube.ide.mcu.externaltools.gnu-tools-for-stm32.7-2018-q2-update.win32_1.0.0.201904181610/tools/bin/../lib/gcc/arm-none-eabi/7.3.1/../../../../arm-none-eabi/lib/thumb/v7-m\libc_nano.a(lib_a-sprintf.o)
 .ARM.attributes
                0x0000000000000608       0x2d d:/software/stm32cubeide_1.1.0/stm32cubeide/plugins/com.st.stm32cube.ide.mcu.externaltools.gnu-tools-for-stm32.7-2018-q2-update.win32_1.0.0.201904181610/tools/bin/../lib/gcc/arm-none-eabi/7.3.1/../../../../arm-none-eabi/lib/thumb/v7-m\libc_nano.a(lib_a-findfp.o)
 .ARM.attributes
                0x0000000000000635       0x2d d:/software/stm32cubeide_1.1.0/stm32cubeide/plugins/com.st.stm32cube.ide.mcu.externaltools.gnu-tools-for-stm32.7-2018-q2-update.win32_1.0.0.201904181610/tools/bin/../lib/gcc/arm-none-eabi/7.3.1/../../../../arm-none-eabi/lib/thumb/v7-m\libc_nano.a(lib_a-fwalk.o)
 .ARM.attributes
                0x0000000000000662       0x2d d:/software/stm32cubeide_1.1.0/stm32cubeide/plugins/com.st.stm32cube.ide.mcu.externaltools.gnu-tools-for-stm32.7-2018-q2-update.win32_1.0.0.201904181610/tools/bin/../lib/gcc/arm-none-eabi/7.3.1/../../../../arm-none-eabi/lib/thumb/v7-m\libc_nano.a(lib_a-malloc.o)
 .ARM.attributes
                0x000000000000068f       0x2d d:/software/stm32cubeide_1.1.0/stm32cubeide/plugins/com.st.stm32cube.ide.mcu.externaltools.gnu-tools-for-stm32.7-2018-q2-update.win32_1.0.0.201904181610/tools/bin/../lib/gcc/arm-none-eabi/7.3.1/../../../../arm-none-eabi/lib/thumb/v7-m\libc_nano.a(lib_a-nano-freer.o)
 .ARM.attributes
                0x00000000000006bc       0x2d d:/software/stm32cubeide_1.1.0/stm32cubeide/plugins/com.st.stm32cube.ide.mcu.externaltools.gnu-tools-for-stm32.7-2018-q2-update.win32_1.0.0.201904181610/tools/bin/../lib/gcc/arm-none-eabi/7.3.1/../../../../arm-none-eabi/lib/thumb/v7-m\libc_nano.a(lib_a-nano-mallocr.o)
 .ARM.attributes
                0x00000000000006e9       0x2d d:/software/stm32cubeide_1.1.0/stm32cubeide/plugins/com.st.stm32cube.ide.mcu.externaltools.gnu-tools-for-stm32.7-2018-q2-update.win32_1.0.0.201904181610/tools/bin/../lib/gcc/arm-none-eabi/7.3.1/../../../../arm-none-eabi/lib/thumb/v7-m\libc_nano.a(lib_a-nano-svfprintf.o)
 .ARM.attributes
                0x0000000000000716       0x2d d:/software/stm32cubeide_1.1.0/stm32cubeide/plugins/com.st.stm32cube.ide.mcu.externaltools.gnu-tools-for-stm32.7-2018-q2-update.win32_1.0.0.201904181610/tools/bin/../lib/gcc/arm-none-eabi/7.3.1/../../../../arm-none-eabi/lib/thumb/v7-m\libc_nano.a(lib_a-nano-vfprintf.o)
 .ARM.attributes
                0x0000000000000743       0x2d d:/software/stm32cubeide_1.1.0/stm32cubeide/plugins/com.st.stm32cube.ide.mcu.externaltools.gnu-tools-for-stm32.7-2018-q2-update.win32_1.0.0.201904181610/tools/bin/../lib/gcc/arm-none-eabi/7.3.1/../../../../arm-none-eabi/lib/thumb/v7-m\libc_nano.a(lib_a-nano-vfprintf_i.o)
 .ARM.attributes
                0x0000000000000770       0x2d d:/software/stm32cubeide_1.1.0/stm32cubeide/plugins/com.st.stm32cube.ide.mcu.externaltools.gnu-tools-for-stm32.7-2018-q2-update.win32_1.0.0.201904181610/tools/bin/../lib/gcc/arm-none-eabi/7.3.1/../../../../arm-none-eabi/lib/thumb/v7-m\libc_nano.a(lib_a-sbrkr.o)
 .ARM.attributes
                0x000000000000079d       0x2d d:/software/stm32cubeide_1.1.0/stm32cubeide/plugins/com.st.stm32cube.ide.mcu.externaltools.gnu-tools-for-stm32.7-2018-q2-update.win32_1.0.0.201904181610/tools/bin/../lib/gcc/arm-none-eabi/7.3.1/../../../../arm-none-eabi/lib/thumb/v7-m\libc_nano.a(lib_a-stdio.o)
 .ARM.attributes
                0x00000000000007ca       0x2d d:/software/stm32cubeide_1.1.0/stm32cubeide/plugins/com.st.stm32cube.ide.mcu.externaltools.gnu-tools-for-stm32.7-2018-q2-update.win32_1.0.0.201904181610/tools/bin/../lib/gcc/arm-none-eabi/7.3.1/../../../../arm-none-eabi/lib/thumb/v7-m\libc_nano.a(lib_a-wbuf.o)
 .ARM.attributes
                0x00000000000007f7       0x2d d:/software/stm32cubeide_1.1.0/stm32cubeide/plugins/com.st.stm32cube.ide.mcu.externaltools.gnu-tools-for-stm32.7-2018-q2-update.win32_1.0.0.201904181610/tools/bin/../lib/gcc/arm-none-eabi/7.3.1/../../../../arm-none-eabi/lib/thumb/v7-m\libc_nano.a(lib_a-writer.o)
 .ARM.attributes
                0x0000000000000824       0x2d d:/software/stm32cubeide_1.1.0/stm32cubeide/plugins/com.st.stm32cube.ide.mcu.externaltools.gnu-tools-for-stm32.7-2018-q2-update.win32_1.0.0.201904181610/tools/bin/../lib/gcc/arm-none-eabi/7.3.1/../../../../arm-none-eabi/lib/thumb/v7-m\libc_nano.a(lib_a-wsetup.o)
 .ARM.attributes
                0x0000000000000851       0x2d d:/software/stm32cubeide_1.1.0/stm32cubeide/plugins/com.st.stm32cube.ide.mcu.externaltools.gnu-tools-for-stm32.7-2018-q2-update.win32_1.0.0.201904181610/tools/bin/../lib/gcc/arm-none-eabi/7.3.1/../../../../arm-none-eabi/lib/thumb/v7-m\libc_nano.a(lib_a-closer.o)
 .ARM.attributes
                0x000000000000087e       0x2d d:/software/stm32cubeide_1.1.0/stm32cubeide/plugins/com.st.stm32cube.ide.mcu.externaltools.gnu-tools-for-stm32.7-2018-q2-update.win32_1.0.0.201904181610/tools/bin/../lib/gcc/arm-none-eabi/7.3.1/../../../../arm-none-eabi/lib/thumb/v7-m\libc_nano.a(lib_a-fflush.o)
 .ARM.attributes
                0x00000000000008ab       0x2d d:/software/stm32cubeide_1.1.0/stm32cubeide/plugins/com.st.stm32cube.ide.mcu.externaltools.gnu-tools-for-stm32.7-2018-q2-update.win32_1.0.0.201904181610/tools/bin/../lib/gcc/arm-none-eabi/7.3.1/../../../../arm-none-eabi/lib/thumb/v7-m\libc_nano.a(lib_a-lseekr.o)
 .ARM.attributes
                0x00000000000008d8       0x2d d:/software/stm32cubeide_1.1.0/stm32cubeide/plugins/com.st.stm32cube.ide.mcu.externaltools.gnu-tools-for-stm32.7-2018-q2-update.win32_1.0.0.201904181610/tools/bin/../lib/gcc/arm-none-eabi/7.3.1/../../../../arm-none-eabi/lib/thumb/v7-m\libc_nano.a(lib_a-makebuf.o)
 .ARM.attributes
                0x0000000000000905       0x2d d:/software/stm32cubeide_1.1.0/stm32cubeide/plugins/com.st.stm32cube.ide.mcu.externaltools.gnu-tools-for-stm32.7-2018-q2-update.win32_1.0.0.201904181610/tools/bin/../lib/gcc/arm-none-eabi/7.3.1/../../../../arm-none-eabi/lib/thumb/v7-m\libc_nano.a(lib_a-memchr-stub.o)
 .ARM.attributes
                0x0000000000000932       0x2d d:/software/stm32cubeide_1.1.0/stm32cubeide/plugins/com.st.stm32cube.ide.mcu.externaltools.gnu-tools-for-stm32.7-2018-q2-update.win32_1.0.0.201904181610/tools/bin/../lib/gcc/arm-none-eabi/7.3.1/../../../../arm-none-eabi/lib/thumb/v7-m\libc_nano.a(lib_a-memcpy-stub.o)
 .ARM.attributes
                0x000000000000095f       0x2d d:/software/stm32cubeide_1.1.0/stm32cubeide/plugins/com.st.stm32cube.ide.mcu.externaltools.gnu-tools-for-stm32.7-2018-q2-update.win32_1.0.0.201904181610/tools/bin/../lib/gcc/arm-none-eabi/7.3.1/../../../../arm-none-eabi/lib/thumb/v7-m\libc_nano.a(lib_a-memmove.o)
 .ARM.attributes
                0x000000000000098c       0x2d d:/software/stm32cubeide_1.1.0/stm32cubeide/plugins/com.st.stm32cube.ide.mcu.externaltools.gnu-tools-for-stm32.7-2018-q2-update.win32_1.0.0.201904181610/tools/bin/../lib/gcc/arm-none-eabi/7.3.1/../../../../arm-none-eabi/lib/thumb/v7-m\libc_nano.a(lib_a-mlock.o)
 .ARM.attributes
                0x00000000000009b9       0x2d d:/software/stm32cubeide_1.1.0/stm32cubeide/plugins/com.st.stm32cube.ide.mcu.externaltools.gnu-tools-for-stm32.7-2018-q2-update.win32_1.0.0.201904181610/tools/bin/../lib/gcc/arm-none-eabi/7.3.1/../../../../arm-none-eabi/lib/thumb/v7-m\libc_nano.a(lib_a-nano-reallocr.o)
 .ARM.attributes
                0x00000000000009e6       0x2d d:/software/stm32cubeide_1.1.0/stm32cubeide/plugins/com.st.stm32cube.ide.mcu.externaltools.gnu-tools-for-stm32.7-2018-q2-update.win32_1.0.0.201904181610/tools/bin/../lib/gcc/arm-none-eabi/7.3.1/../../../../arm-none-eabi/lib/thumb/v7-m\libc_nano.a(lib_a-readr.o)
 .ARM.attributes
                0x0000000000000a13       0x2d d:/software/stm32cubeide_1.1.0/stm32cubeide/plugins/com.st.stm32cube.ide.mcu.externaltools.gnu-tools-for-stm32.7-2018-q2-update.win32_1.0.0.201904181610/tools/bin/../lib/gcc/arm-none-eabi/7.3.1/../../../../arm-none-eabi/lib/thumb/v7-m\libc_nano.a(lib_a-reent.o)
 .ARM.attributes
                0x0000000000000a40       0x2d d:/software/stm32cubeide_1.1.0/stm32cubeide/plugins/com.st.stm32cube.ide.mcu.externaltools.gnu-tools-for-stm32.7-2018-q2-update.win32_1.0.0.201904181610/tools/bin/../lib/gcc/arm-none-eabi/7.3.1/../../../../arm-none-eabi/lib/thumb/v7-m\libc_nano.a(lib_a-fstatr.o)
 .ARM.attributes
                0x0000000000000a6d       0x2d d:/software/stm32cubeide_1.1.0/stm32cubeide/plugins/com.st.stm32cube.ide.mcu.externaltools.gnu-tools-for-stm32.7-2018-q2-update.win32_1.0.0.201904181610/tools/bin/../lib/gcc/arm-none-eabi/7.3.1/../../../../arm-none-eabi/lib/thumb/v7-m\libc_nano.a(lib_a-isattyr.o)
 .ARM.attributes
                0x0000000000000a9a       0x2d d:/software/stm32cubeide_1.1.0/stm32cubeide/plugins/com.st.stm32cube.ide.mcu.externaltools.gnu-tools-for-stm32.7-2018-q2-update.win32_1.0.0.201904181610/tools/bin/../lib/gcc/arm-none-eabi/7.3.1/../../../../arm-none-eabi/lib/thumb/v7-m\libc_nano.a(lib_a-nano-msizer.o)
 .ARM.attributes
                0x0000000000000ac7       0x1d d:/software/stm32cubeide_1.1.0/stm32cubeide/plugins/com.st.stm32cube.ide.mcu.externaltools.gnu-tools-for-stm32.7-2018-q2-update.win32_1.0.0.201904181610/tools/bin/../lib/gcc/arm-none-eabi/7.3.1/thumb/v7-m\libgcc.a(_arm_addsubdf3.o)
 .ARM.attributes
                0x0000000000000ae4       0x1d d:/software/stm32cubeide_1.1.0/stm32cubeide/plugins/com.st.stm32cube.ide.mcu.externaltools.gnu-tools-for-stm32.7-2018-q2-update.win32_1.0.0.201904181610/tools/bin/../lib/gcc/arm-none-eabi/7.3.1/thumb/v7-m\libgcc.a(_arm_muldivdf3.o)
 .ARM.attributes
                0x0000000000000b01       0x1d d:/software/stm32cubeide_1.1.0/stm32cubeide/plugins/com.st.stm32cube.ide.mcu.externaltools.gnu-tools-for-stm32.7-2018-q2-update.win32_1.0.0.201904181610/tools/bin/../lib/gcc/arm-none-eabi/7.3.1/thumb/v7-m\libgcc.a(_arm_fixunsdfsi.o)
 .ARM.attributes
                0x0000000000000b1e       0x1d d:/software/stm32cubeide_1.1.0/stm32cubeide/plugins/com.st.stm32cube.ide.mcu.externaltools.gnu-tools-for-stm32.7-2018-q2-update.win32_1.0.0.201904181610/tools/bin/../lib/gcc/arm-none-eabi/7.3.1/thumb/v7-m/crtn.o
OUTPUT(Tetris.elf elf32-littlearm)

.debug_info     0x0000000000000000     0xd858
 .debug_info    0x0000000000000000      0x430 Core/Src/button.o
 .debug_info    0x0000000000000430      0xcec Core/Src/game.o
 .debug_info    0x000000000000111c      0x338 Core/Src/gpio.o
 .debug_info    0x0000000000001454      0x3e5 Core/Src/grid.o
 .debug_info    0x0000000000001839     0x164e Core/Src/lcd.o
 .debug_info    0x0000000000002e87     0x1242 Core/Src/main.o
 .debug_info    0x00000000000040c9      0x226 Core/Src/parameter.o
 .debug_info    0x00000000000042ef      0xbca Core/Src/scene.o
 .debug_info    0x0000000000004eb9      0x2cb Core/Src/stm32f1xx_hal_msp.o
 .debug_info    0x0000000000005184      0x658 Core/Src/stm32f1xx_it.o
 .debug_info    0x00000000000057dc      0xebd Core/Src/syscalls.o
 .debug_info    0x0000000000006699      0x91c Core/Src/sysmem.o
 .debug_info    0x0000000000006fb5      0x433 Core/Src/system_stm32f1xx.o
 .debug_info    0x00000000000073e8      0xd38 Core/Src/tetromino.o
 .debug_info    0x0000000000008120     0x12a4 Core/Src/ui.o
 .debug_info    0x00000000000093c4      0x954 Core/Src/usart.o
 .debug_info    0x0000000000009d18       0x22 Core/Startup/startup_stm32f103rctx.o
 .debug_info    0x0000000000009d3a      0x764 Drivers/STM32F1xx_HAL_Driver/Src/stm32f1xx_hal.o
 .debug_info    0x000000000000a49e      0xbac Drivers/STM32F1xx_HAL_Driver/Src/stm32f1xx_hal_cortex.o
 .debug_info    0x000000000000b04a      0x7a6 Drivers/STM32F1xx_HAL_Driver/Src/stm32f1xx_hal_dma.o
 .debug_info    0x000000000000b7f0      0x681 Drivers/STM32F1xx_HAL_Driver/Src/stm32f1xx_hal_gpio.o
 .debug_info    0x000000000000be71      0x804 Drivers/STM32F1xx_HAL_Driver/Src/stm32f1xx_hal_rcc.o
 .debug_info    0x000000000000c675     0x11e3 Drivers/STM32F1xx_HAL_Driver/Src/stm32f1xx_hal_uart.o

.debug_abbrev   0x0000000000000000     0x28a7
 .debug_abbrev  0x0000000000000000      0x17c Core/Src/button.o
 .debug_abbrev  0x000000000000017c      0x224 Core/Src/game.o
 .debug_abbrev  0x00000000000003a0      0x134 Core/Src/gpio.o
 .debug_abbrev  0x00000000000004d4      0x140 Core/Src/grid.o
 .debug_abbrev  0x0000000000000614      0x30f Core/Src/lcd.o
 .debug_abbrev  0x0000000000000923      0x1f6 Core/Src/main.o
 .debug_abbrev  0x0000000000000b19       0xfe Core/Src/parameter.o
 .debug_abbrev  0x0000000000000c17      0x1ce Core/Src/scene.o
 .debug_abbrev  0x0000000000000de5      0x109 Core/Src/stm32f1xx_hal_msp.o
 .debug_abbrev  0x0000000000000eee      0x174 Core/Src/stm32f1xx_it.o
 .debug_abbrev  0x0000000000001062      0x261 Core/Src/syscalls.o
 .debug_abbrev  0x00000000000012c3      0x1bb Core/Src/sysmem.o
 .debug_abbrev  0x000000000000147e      0x134 Core/Src/system_stm32f1xx.o
 .debug_abbrev  0x00000000000015b2      0x212 Core/Src/tetromino.o
 .debug_abbrev  0x00000000000017c4      0x23f Core/Src/ui.o
 .debug_abbrev  0x0000000000001a03      0x1a2 Core/Src/usart.o
 .debug_abbrev  0x0000000000001ba5       0x12 Core/Startup/startup_stm32f103rctx.o
 .debug_abbrev  0x0000000000001bb7      0x1d8 Drivers/STM32F1xx_HAL_Driver/Src/stm32f1xx_hal.o
 .debug_abbrev  0x0000000000001d8f      0x2d5 Drivers/STM32F1xx_HAL_Driver/Src/stm32f1xx_hal_cortex.o
 .debug_abbrev  0x0000000000002064      0x1fe Drivers/STM32F1xx_HAL_Driver/Src/stm32f1xx_hal_dma.o
 .debug_abbrev  0x0000000000002262      0x1c0 Drivers/STM32F1xx_HAL_Driver/Src/stm32f1xx_hal_gpio.o
 .debug_abbrev  0x0000000000002422      0x243 Drivers/STM32F1xx_HAL_Driver/Src/stm32f1xx_hal_rcc.o
 .debug_abbrev  0x0000000000002665      0x242 Drivers/STM32F1xx_HAL_Driver/Src/stm32f1xx_hal_uart.o

.debug_aranges  0x0000000000000000      0xa48
 .debug_aranges
                0x0000000000000000       0x28 Core/Src/button.o
 .debug_aranges
                0x0000000000000028       0x58 Core/Src/game.o
 .debug_aranges
                0x0000000000000080       0x20 Core/Src/gpio.o
 .debug_aranges
                0x00000000000000a0       0x40 Core/Src/grid.o
 .debug_aranges
                0x00000000000000e0      0x118 Core/Src/lcd.o
 .debug_aranges
                0x00000000000001f8       0x30 Core/Src/main.o
 .debug_aranges
                0x0000000000000228       0x20 Core/Src/parameter.o
 .debug_aranges
                0x0000000000000248       0x48 Core/Src/scene.o
 .debug_aranges
                0x0000000000000290       0x20 Core/Src/stm32f1xx_hal_msp.o
 .debug_aranges
                0x00000000000002b0       0x70 Core/Src/stm32f1xx_it.o
 .debug_aranges
                0x0000000000000320       0xa8 Core/Src/syscalls.o
 .debug_aranges
                0x00000000000003c8       0x20 Core/Src/sysmem.o
 .debug_aranges
                0x00000000000003e8       0x28 Core/Src/system_stm32f1xx.o
 .debug_aranges
                0x0000000000000410       0x50 Core/Src/tetromino.o
 .debug_aranges
                0x0000000000000460       0x78 Core/Src/ui.o
 .debug_aranges
                0x00000000000004d8       0x30 Core/Src/usart.o
 .debug_aranges
                0x0000000000000508       0x28 Core/Startup/startup_stm32f103rctx.o
 .debug_aranges
                0x0000000000000530       0xe0 Drivers/STM32F1xx_HAL_Driver/Src/stm32f1xx_hal.o
 .debug_aranges
                0x0000000000000610      0x100 Drivers/STM32F1xx_HAL_Driver/Src/stm32f1xx_hal_cortex.o
 .debug_aranges
                0x0000000000000710       0x80 Drivers/STM32F1xx_HAL_Driver/Src/stm32f1xx_hal_dma.o
 .debug_aranges
                0x0000000000000790       0x58 Drivers/STM32F1xx_HAL_Driver/Src/stm32f1xx_hal_gpio.o
 .debug_aranges
                0x00000000000007e8       0x90 Drivers/STM32F1xx_HAL_Driver/Src/stm32f1xx_hal_rcc.o
 .debug_aranges
                0x0000000000000878      0x1d0 Drivers/STM32F1xx_HAL_Driver/Src/stm32f1xx_hal_uart.o

.debug_ranges   0x0000000000000000      0x8f8
 .debug_ranges  0x0000000000000000       0x18 Core/Src/button.o
 .debug_ranges  0x0000000000000018       0x60 Core/Src/game.o
 .debug_ranges  0x0000000000000078       0x10 Core/Src/gpio.o
 .debug_ranges  0x0000000000000088       0x30 Core/Src/grid.o
 .debug_ranges  0x00000000000000b8      0x108 Core/Src/lcd.o
 .debug_ranges  0x00000000000001c0       0x20 Core/Src/main.o
 .debug_ranges  0x00000000000001e0       0x10 Core/Src/parameter.o
 .debug_ranges  0x00000000000001f0       0x38 Core/Src/scene.o
 .debug_ranges  0x0000000000000228       0x10 Core/Src/stm32f1xx_hal_msp.o
 .debug_ranges  0x0000000000000238       0x60 Core/Src/stm32f1xx_it.o
 .debug_ranges  0x0000000000000298       0x98 Core/Src/syscalls.o
 .debug_ranges  0x0000000000000330       0x10 Core/Src/sysmem.o
 .debug_ranges  0x0000000000000340       0x18 Core/Src/system_stm32f1xx.o
 .debug_ranges  0x0000000000000358       0x40 Core/Src/tetromino.o
 .debug_ranges  0x0000000000000398       0x68 Core/Src/ui.o
 .debug_ranges  0x0000000000000400       0x20 Core/Src/usart.o
 .debug_ranges  0x0000000000000420       0x20 Core/Startup/startup_stm32f103rctx.o
 .debug_ranges  0x0000000000000440       0xd0 Drivers/STM32F1xx_HAL_Driver/Src/stm32f1xx_hal.o
 .debug_ranges  0x0000000000000510       0xf0 Drivers/STM32F1xx_HAL_Driver/Src/stm32f1xx_hal_cortex.o
 .debug_ranges  0x0000000000000600       0x70 Drivers/STM32F1xx_HAL_Driver/Src/stm32f1xx_hal_dma.o
 .debug_ranges  0x0000000000000670       0x48 Drivers/STM32F1xx_HAL_Driver/Src/stm32f1xx_hal_gpio.o
 .debug_ranges  0x00000000000006b8       0x80 Drivers/STM32F1xx_HAL_Driver/Src/stm32f1xx_hal_rcc.o
 .debug_ranges  0x0000000000000738      0x1c0 Drivers/STM32F1xx_HAL_Driver/Src/stm32f1xx_hal_uart.o

.debug_macro    0x0000000000000000    0x18072
 .debug_macro   0x0000000000000000      0x1bc Core/Src/button.o
 .debug_macro   0x00000000000001bc      0xa5a Core/Src/button.o
 .debug_macro   0x0000000000000c16      0x215 Core/Src/button.o
 .debug_macro   0x0000000000000e2b       0x2e Core/Src/button.o
 .debug_macro   0x0000000000000e59       0x22 Core/Src/button.o
 .debug_macro   0x0000000000000e7b       0x22 Core/Src/button.o
 .debug_macro   0x0000000000000e9d       0x8e Core/Src/button.o
 .debug_macro   0x0000000000000f2b       0x51 Core/Src/button.o
 .debug_macro   0x0000000000000f7c       0xef Core/Src/button.o
 .debug_macro   0x000000000000106b       0x6a Core/Src/button.o
 .debug_macro   0x00000000000010d5      0x1df Core/Src/button.o
 .debug_macro   0x00000000000012b4       0x1c Core/Src/button.o
 .debug_macro   0x00000000000012d0       0x22 Core/Src/button.o
 .debug_macro   0x00000000000012f2       0xc3 Core/Src/button.o
 .debug_macro   0x00000000000013b5      0xd23 Core/Src/button.o
 .debug_macro   0x00000000000020d8     0xfd8c Core/Src/button.o
 .debug_macro   0x0000000000011e64       0x43 Core/Src/button.o
 .debug_macro   0x0000000000011ea7      0x174 Core/Src/button.o
 .debug_macro   0x000000000001201b       0x5a Core/Src/button.o
 .debug_macro   0x0000000000012075      0x5be Core/Src/button.o
 .debug_macro   0x0000000000012633      0x4d5 Core/Src/button.o
 .debug_macro   0x0000000000012b08      0x1cb Core/Src/button.o
 .debug_macro   0x0000000000012cd3      0x114 Core/Src/button.o
 .debug_macro   0x0000000000012de7      0x1ea Core/Src/button.o
 .debug_macro   0x0000000000012fd1       0x27 Core/Src/button.o
 .debug_macro   0x0000000000012ff8      0x144 Core/Src/button.o
 .debug_macro   0x000000000001313c      0x1bc Core/Src/button.o
 .debug_macro   0x00000000000132f8       0x30 Core/Src/button.o
 .debug_macro   0x0000000000013328       0x3c Core/Src/button.o
 .debug_macro   0x0000000000013364       0x57 Core/Src/button.o
 .debug_macro   0x00000000000133bb       0x88 Core/Src/button.o
 .debug_macro   0x0000000000013443      0x24f Core/Src/button.o
 .debug_macro   0x0000000000013692      0x141 Core/Src/button.o
 .debug_macro   0x00000000000137d3      0x26b Core/Src/button.o
 .debug_macro   0x0000000000013a3e       0xb5 Core/Src/button.o
 .debug_macro   0x0000000000013af3       0x2e Core/Src/button.o
 .debug_macro   0x0000000000013b21      0x35f Core/Src/game.o
 .debug_macro   0x0000000000013e80       0x10 Core/Src/game.o
 .debug_macro   0x0000000000013e90       0x3a Core/Src/game.o
 .debug_macro   0x0000000000013eca       0x18 Core/Src/game.o
 .debug_macro   0x0000000000013ee2       0x46 Core/Src/game.o
 .debug_macro   0x0000000000013f28       0x3c Core/Src/game.o
 .debug_macro   0x0000000000013f64       0x34 Core/Src/game.o
 .debug_macro   0x0000000000013f98       0x16 Core/Src/game.o
 .debug_macro   0x0000000000013fae       0x35 Core/Src/game.o
 .debug_macro   0x0000000000013fe3       0x52 Core/Src/game.o
 .debug_macro   0x0000000000014035       0x1f Core/Src/game.o
 .debug_macro   0x0000000000014054       0x43 Core/Src/game.o
 .debug_macro   0x0000000000014097       0x20 Core/Src/game.o
 .debug_macro   0x00000000000140b7      0x1a3 Core/Src/game.o
 .debug_macro   0x000000000001425a      0x32a Core/Src/game.o
 .debug_macro   0x0000000000014584       0x16 Core/Src/game.o
 .debug_macro   0x000000000001459a       0x29 Core/Src/game.o
 .debug_macro   0x00000000000145c3      0x1dc Core/Src/game.o
 .debug_macro   0x000000000001479f       0x1c Core/Src/game.o
 .debug_macro   0x00000000000147bb       0x1c Core/Src/game.o
 .debug_macro   0x00000000000147d7       0x10 Core/Src/game.o
 .debug_macro   0x00000000000147e7       0x10 Core/Src/game.o
 .debug_macro   0x00000000000147f7       0x1c Core/Src/game.o
 .debug_macro   0x0000000000014813       0x52 Core/Src/game.o
 .debug_macro   0x0000000000014865       0x40 Core/Src/game.o
 .debug_macro   0x00000000000148a5       0x10 Core/Src/game.o
 .debug_macro   0x00000000000148b5       0x40 Core/Src/game.o
 .debug_macro   0x00000000000148f5       0xd7 Core/Src/game.o
 .debug_macro   0x00000000000149cc       0x1c Core/Src/game.o
 .debug_macro   0x00000000000149e8       0x3d Core/Src/game.o
 .debug_macro   0x0000000000014a25       0x16 Core/Src/game.o
 .debug_macro   0x0000000000014a3b      0x145 Core/Src/game.o
 .debug_macro   0x0000000000014b80      0x199 Core/Src/gpio.o
 .debug_macro   0x0000000000014d19      0x1b1 Core/Src/grid.o
 .debug_macro   0x0000000000014eca       0x16 Core/Src/grid.o
 .debug_macro   0x0000000000014ee0      0x267 Core/Src/lcd.o
 .debug_macro   0x0000000000015147      0x2ca Core/Src/main.o
 .debug_macro   0x0000000000015411      0x1b8 Core/Src/parameter.o
 .debug_macro   0x00000000000155c9       0x1c Core/Src/parameter.o
 .debug_macro   0x00000000000155e5      0x2a2 Core/Src/scene.o
 .debug_macro   0x0000000000015887      0x18f Core/Src/stm32f1xx_hal_msp.o
 .debug_macro   0x0000000000015a16      0x199 Core/Src/stm32f1xx_it.o
 .debug_macro   0x0000000000015baf      0x243 Core/Src/syscalls.o
 .debug_macro   0x0000000000015df2       0x40 Core/Src/syscalls.o
 .debug_macro   0x0000000000015e32       0x94 Core/Src/syscalls.o
 .debug_macro   0x0000000000015ec6       0x57 Core/Src/syscalls.o
 .debug_macro   0x0000000000015f1d      0x330 Core/Src/syscalls.o
 .debug_macro   0x000000000001624d       0x10 Core/Src/syscalls.o
 .debug_macro   0x000000000001625d       0x10 Core/Src/syscalls.o
 .debug_macro   0x000000000001626d       0x10 Core/Src/syscalls.o
 .debug_macro   0x000000000001627d       0x35 Core/Src/syscalls.o
 .debug_macro   0x00000000000162b2      0x122 Core/Src/syscalls.o
 .debug_macro   0x00000000000163d4       0x10 Core/Src/syscalls.o
 .debug_macro   0x00000000000163e4      0x241 Core/Src/syscalls.o
 .debug_macro   0x0000000000016625       0x10 Core/Src/syscalls.o
 .debug_macro   0x0000000000016635      0x189 Core/Src/syscalls.o
 .debug_macro   0x00000000000167be       0x16 Core/Src/syscalls.o
 .debug_macro   0x00000000000167d4       0x88 Core/Src/syscalls.o
 .debug_macro   0x000000000001685c      0x1ae Core/Src/sysmem.o
 .debug_macro   0x0000000000016a0a      0x23b Core/Src/sysmem.o
 .debug_macro   0x0000000000016c45       0x16 Core/Src/sysmem.o
 .debug_macro   0x0000000000016c5b      0x18b Core/Src/system_stm32f1xx.o
 .debug_macro   0x0000000000016de6      0x279 Core/Src/tetromino.o
 .debug_macro   0x000000000001705f       0x34 Core/Src/tetromino.o
 .debug_macro   0x0000000000017093      0x1e2 Core/Src/tetromino.o
 .debug_macro   0x0000000000017275      0x2a4 Core/Src/ui.o
 .debug_macro   0x0000000000017519      0x199 Core/Src/usart.o
 .debug_macro   0x00000000000176b2      0x1a9 Drivers/STM32F1xx_HAL_Driver/Src/stm32f1xx_hal.o
 .debug_macro   0x000000000001785b      0x185 Drivers/STM32F1xx_HAL_Driver/Src/stm32f1xx_hal_cortex.o
 .debug_macro   0x00000000000179e0      0x185 Drivers/STM32F1xx_HAL_Driver/Src/stm32f1xx_hal_dma.o
 .debug_macro   0x0000000000017b65      0x1f0 Drivers/STM32F1xx_HAL_Driver/Src/stm32f1xx_hal_gpio.o
 .debug_macro   0x0000000000017d55      0x197 Drivers/STM32F1xx_HAL_Driver/Src/stm32f1xx_hal_rcc.o
 .debug_macro   0x0000000000017eec      0x186 Drivers/STM32F1xx_HAL_Driver/Src/stm32f1xx_hal_uart.o

.debug_line     0x0000000000000000     0xc166
 .debug_line    0x0000000000000000      0x6cf Core/Src/button.o
 .debug_line    0x00000000000006cf      0x913 Core/Src/game.o
 .debug_line    0x0000000000000fe2      0x627 Core/Src/gpio.o
 .debug_line    0x0000000000001609      0x70a Core/Src/grid.o
 .debug_line    0x0000000000001d13     0x155a Core/Src/lcd.o
 .debug_line    0x000000000000326d      0x819 Core/Src/main.o
 .debug_line    0x0000000000003a86      0x649 Core/Src/parameter.o
 .debug_line    0x00000000000040cf      0x838 Core/Src/scene.o
 .debug_line    0x0000000000004907      0x61e Core/Src/stm32f1xx_hal_msp.o
 .debug_line    0x0000000000004f25      0x6e6 Core/Src/stm32f1xx_it.o
 .debug_line    0x000000000000560b      0x760 Core/Src/syscalls.o
 .debug_line    0x0000000000005d6b      0x57c Core/Src/sysmem.o